/IRï¿½ets Jun  8 2016 00:22:57

rst:0x1 (POWERON_RESET),boot:0x13 (SPI_FAST_FLASH_BOOT)
configsip: 0, SPIWP:0xee
clk_drv:0x00,q_drv:0x00,d_drv:0x00,cs0_drv:0x00,hd_drv:0x00,wp_drv:0x00
mode:DIO, clock div:2
load:0x3fff0030,len:7084
ho 0 tail 12 room 4
load:0x40078000,len:15584
load:0x40080400,len:4
load:0x40080404,len:3876
entry 0x4008064c
[0;32mI (31) boot: ESP-IDF v5.1.2-dirty 2nd stage bootloader[0m
[0;32mI (31) boot: compile time Aug 12 2025 22:54:49[0m
[0;32mI (31) boot: Multicore bootloader[0m
[0;32mI (35) boot: chip revision: v1.0[0m
[0;32mI (39) boot.esp32: SPI Speed      : 40MHz[0m
[0;32mI (44) boot.esp32: SPI Mode       : DIO[0m
[0;32mI (48) boot.esp32: SPI Flash Size : 2MB[0m
[0;32mI (53) boot: Enabling RNG early entropy source...[0m
[0;32mI (58) boot: Partition Table:[0m
[0;32mI (62) boot: ## Label            Usage          Type ST Offset   Length[0m
[0;32mI (69) boot:  0 nvs              WiFi data        01 02 00009000 00006000[0m
[0;32mI (77) boot:  1 phy_init         RF data          01 01 0000f000 00001000[0m
[0;32mI (84) boot:  2 factory          factory app      00 00 00010000 00100000[0m
[0;32mI (92) boot: End of partition table[0m
[0;32mI (96) esp_image: segment 0: paddr=00010020 vaddr=3f400020 size=0ab70h ( 43888) map[0m
[0;32mI (120) esp_image: segment 1: paddr=0001ab98 vaddr=3ff80000 size=00004h (     4) load[0m
[0;32mI (121) esp_image: segment 2: paddr=0001aba4 vaddr=3ffb0000 size=02158h (  8536) load[0m
[0;32mI (129) esp_image: segment 3: paddr=0001cd04 vaddr=40080000 size=03314h ( 13076) load[0m
[0;32mI (140) esp_image: segment 4: paddr=00020020 vaddr=400d0020 size=179c0h ( 96704) map[0m
[0;32mI (178) esp_image: segment 5: paddr=000379e8 vaddr=40083314 size=09bc4h ( 39876) load[0m
[0;32mI (201) boot: Loaded app from partition at offset 0x10000[0m
[0;32mI (201) boot: Disabling RNG early entropy source...[0m
[0;32mI (213) cpu_start: Multicore app[0m
[0;32mI (213) cpu_start: Pro cpu up.[0m
[0;32mI (213) cpu_start: Starting app cpu, entry point is 0x400811e0[0m
[0;32mI (0) cpu_start: App cpu up.[0m
[0;32mI (231) cpu_start: Pro cpu start user code[0m
[0;32mI (231) cpu_start: cpu freq: 160000000 Hz[0m
[0;32mI (231) cpu_start: Application information:[0m
[0;32mI (236) cpu_start: Project name:     flexsonic[0m
[0;32mI (241) cpu_start: App version:      1[0m
[0;32mI (245) cpu_start: Compile time:     Aug 12 2025 22:54:29[0m
[0;32mI (252) cpu_start: ELF file SHA256:  903c169ad7501ecd...[0m
[0;32mI (258) cpu_start: ESP-IDF:          v5.1.2-dirty[0m
[0;32mI (263) cpu_start: Min chip rev:     v0.0[0m
[0;32mI (268) cpu_start: Max chip rev:     v3.99 [0m
[0;32mI (272) cpu_start: Chip rev:         v1.0[0m
[0;32mI (277) heap_init: Initializing. RAM available for dynamic allocation:[0m
[0;32mI (285) heap_init: At 3FFAE6E0 len 00001920 (6 KiB): DRAM[0m
[0;32mI (290) heap_init: At 3FFB29F8 len 0002D608 (181 KiB): DRAM[0m
[0;32mI (297) heap_init: At 3FFE0440 len 00003AE0 (14 KiB): D/IRAM[0m
[0;32mI (303) heap_init: At 3FFE4350 len 0001BCB0 (111 KiB): D/IRAM[0m
[0;32mI (309) heap_init: At 4008CED8 len 00013128 (76 KiB): IRAM[0m
[0;32mI (317) spi_flash: detected chip: generic[0m
[0;32mI (320) spi_flash: flash io: dio[0m
[0;33mW (324) spi_flash: Detected size(4096k) larger than the size in the binary image header(2048k). Using the size in the binary image header.[0m
[0;32mI (338) app_start: Starting scheduler on CPU0[0m
[0;32mI (342) app_start: Starting scheduler on CPU1[0m
[0;32mI (342) main_task: Started on CPU0[0m
[0;32mI (352) main_task: Calling app_main()[0m
[0;32mI (1052) FLEX_DFPLAYER: System Ready. Monitoring flex sensors...[0m
[0;32mI (3052) FLEX_DFPLAYER: Thumb: 0 | Index: 0 | Middle: 840 | Ring: 0 | Pinky: 0[0m
[0;32mI (3052) FLEX_DFPLAYER: Playing file 0003.mp3[0m
[0;32mI (3552) FLEX_DFPLAYER: Thumb: 0 | Index: 0 | Middle: 836 | Ring: 0 | Pinky: 0[0m
[0;32mI (3852) FLEX_DFPLAYER: Thumb: 0 | Index: 0 | Middle: 831 | Ring: 0 | Pinky: 0[0m
[0;32mI (4152) FLEX_DFPLAYER: Thumb: 0 | Index: 0 | Middle: 823 | Ring: 0 | Pinky: 0[0m
[0;32mI (4452) FLEX_DFPLAYER: Thumb: 0 | Index: 0 | Middle: 818 | Ring: 0 | Pinky: 0[0m
[0;32mI (4752) FLEX_DFPLAYER: Thumb: 0 | Index: 0 | Middle: 820 | Ring: 0 | Pinky: 0[0m
[0;32mI (5052) FLEX_DFPLAYER: Thumb: 0 | Index: 0 | Middle: 820 | Ring: 0 | Pinky: 0[0m
[0;32mI (5352) FLEX_DFPLAYER: Thumb: 0 | Index: 0 | Middle: 816 | Ring: 0 | Pinky: 0[0m
[0;32mI (5652) FLEX_DFPLAYER: Thumb: 0 | Index: 0 | Middle: 836 | Ring: 0 | Pinky: 0[0m
[0;32mI (5952) FLEX_DFPLAYER: Thumb: 0 | Index: 0 | Middle: 816 | Ring: 0 | Pinky: 0[0m
[0;32mI (6252) FLEX_DFPLAYER: Thumb: 0 | Index: 0 | Middle: 806 | Ring: 0 | Pinky: 0[0m
[0;32mI (6552) FLEX_DFPLAYER: Thumb: 0 | Index: 0 | Middle: 869 | Ring: 0 | Pinky: 0[0m
[0;32mI (6852) FLEX_DFPLAYER: Thumb: 0 | Index: 0 | Middle: 872 | Ring: 0 | Pinky: 1788[0m
[0;32mI (6852) FLEX_DFPLAYER: Playing file 0005.mp3[0m
[0;32mI (7352) FLEX_DFPLAYER: Thumb: 0 | Index: 0 | Middle: 936 | Ring: 0 | Pinky: 201[0m
[0;32mI (7352) FLEX_DFPLAYER: Playing file 0003.mp3[0m
[0;32mI (7852) FLEX_DFPLAYER: Thumb: 0 | Index: 0 | Middle: 890 | Ring: 0 | Pinky: 539[0m
[0;32mI (8152) FLEX_DFPLAYER: Thumb: 0 | Index: 0 | Middle: 929 | Ring: 0 | Pinky: 2353[0m
[0;32mI (8452) FLEX_DFPLAYER: Thumb: 0 | Index: 0 | Middle: 972 | Ring: 0 | Pinky: 2587[0m
[0;32mI (8752) FLEX_DFPLAYER: Thumb: 0 | Index: 0 | Middle: 962 | Ring: 0 | Pinky: 1657[0m
[0;32mI (8752) FLEX_DFPLAYER: Playing file 0005.mp3[0m
[0;32mI (9252) FLEX_DFPLAYER: Thumb: 0 | Index: 0 | Middle: 1004 | Ring: 0 | Pinky: 4015[0m
[0;32mI (9252) FLEX_DFPLAYER: Playing file 0003.mp3[0m
[0;32mI (9752) FLEX_DFPLAYER: Thumb: 0 | Index: 0 | Middle: 1013 | Ring: 0 | Pinky: 4017[0m
[0;32mI (10052) FLEX_DFPLAYER: Thumb: 0 | Index: 0 | Middle: 1008 | Ring: 0 | Pinky: 3971[0m
[0;32mI (10352) FLEX_DFPLAYER: Thumb: 0 | Index: 0 | Middle: 2225 | Ring: 0 | Pinky: 2488[0m
[0;32mI (10652) FLEX_DFPLAYER: Thumb: 0 | Index: 0 | Middle: 2128 | Ring: 0 | Pinky: 0[0m
[0;32mI (10952) FLEX_DFPLAYER: Thumb: 0 | Index: 0 | Middle: 2444 | Ring: 0 | Pinky: 322[0m
[0;32mI (11252) FLEX_DFPLAYER: Thumb: 0 | Index: 0 | Middle: 2465 | Ring: 0 | Pinky: 844[0m
[0;32mI (11252) FLEX_DFPLAYER: Playing file 0005.mp3[0m
[0;32mI (11752) FLEX_DFPLAYER: Thumb: 0 | Index: 0 | Middle: 2564 | Ring: 0 | Pinky: 662[0m
[0;32mI (12052) FLEX_DFPLAYER: Thumb: 0 | Index: 0 | Middle: 2470 | Ring: 0 | Pinky: 715[0m
[0;32mI (12352) FLEX_DFPLAYER: Thumb: 0 | Index: 0 | Middle: 2348 | Ring: 0 | Pinky: 1924[0m
[0;32mI (12352) FLEX_DFPLAYER: Playing file 0005.mp3[0m
[0;32mI (12852) FLEX_DFPLAYER: Thumb: 0 | Index: 0 | Middle: 2340 | Ring: 0 | Pinky: 1525[0m
[0;32mI (13152) FLEX_DFPLAYER: Thumb: 0 | Index: 0 | Middle: 2335 | Ring: 0 | Pinky: 1708[0m
[0;32mI (13452) FLEX_DFPLAYER: Thumb: 0 | Index: 0 | Middle: 2327 | Ring: 0 | Pinky: 1808[0m
[0;32mI (13752) FLEX_DFPLAYER: Thumb: 0 | Index: 0 | Middle: 2333 | Ring: 0 | Pinky: 1691[0m
[0;32mI (14052) FLEX_DFPLAYER: Thumb: 0 | Index: 0 | Middle: 2348 | Ring: 0 | Pinky: 1903[0m
[0;32mI (14352) FLEX_DFPLAYER: Thumb: 0 | Index: 0 | Middle: 2307 | Ring: 0 | Pinky: 2297[0m
[0;32mI (14652) FLEX_DFPLAYER: Thumb: 0 | Index: 0 | Middle: 2305 | Ring: 0 | Pinky: 2226[0m
[0;32mI (14952) FLEX_DFPLAYER: Thumb: 0 | Index: 0 | Middle: 2449 | Ring: 0 | Pinky: 2172[0m
[0;32mI (15252) FLEX_DFPLAYER: Thumb: 0 | Index: 0 | Middle: 2398 | Ring: 0 | Pinky: 1779[0m
[0;32mI (15252) FLEX_DFPLAYER: Playing file 0005.mp3[0m
[0;32mI (15752) FLEX_DFPLAYER: Thumb: 3872 | Index: 0 | Middle: 2509 | Ring: 0 | Pinky: 383[0m
[0;32mI (16052) FLEX_DFPLAYER: Thumb: 4002 | Index: 0 | Middle: 2528 | Ring: 0 | Pinky: 367[0m
[0;32mI (16352) FLEX_DFPLAYER: Thumb: 4014 | Index: 0 | Middle: 2540 | Ring: 0 | Pinky: 381[0m
[0;32mI (16652) FLEX_DFPLAYER: Thumb: 4023 | Index: 0 | Middle: 2513 | Ring: 0 | Pinky: 390[0m
[0;32mI (16952) FLEX_DFPLAYER: Thumb: 0 | Index: 0 | Middle: 2548 | Ring: 0 | Pinky: 415[0m
[0;32mI (17252) FLEX_DFPLAYER: Thumb: 0 | Index: 0 | Middle: 2495 | Ring: 0 | Pinky: 0[0m
[0;32mI (17552) FLEX_DFPLAYER: Thumb: 0 | Index: 0 | Middle: 2294 | Ring: 0 | Pinky: 383[0m
[0;32mI (17852) FLEX_DFPLAYER: Thumb: 0 | Index: 0 | Middle: 2279 | Ring: 0 | Pinky: 757[0m
[0;32mI (17852) FLEX_DFPLAYER: Playing file 0005.mp3[0m
[0;32mI (18352) FLEX_DFPLAYER: Thumb: 0 | Index: 0 | Middle: 2279 | Ring: 0 | Pinky: 740[0m
[0;32mI (18652) FLEX_DFPLAYER: Thumb: 0 | Index: 0 | Middle: 2275 | Ring: 0 | Pinky: 749[0m
[0;32mI (18952) FLEX_DFPLAYER: Thumb: 0 | Index: 0 | Middle: 2266 | Ring: 0 | Pinky: 727[0m
[0;32mI (19252) FLEX_DFPLAYER: Thumb: 0 | Index: 0 | Middle: 2271 | Ring: 0 | Pinky: 727[0m
[0;32mI (19552) FLEX_DFPLAYER: Thumb: 0 | Index: 0 | Middle: 2261 | Ring: 0 | Pinky: 832[0m
[0;32mI (19552) FLEX_DFPLAYER: Playing file 0005.mp3[0m
[0;32mI (20052) FLEX_DFPLAYER: Thumb: 0 | Index: 0 | Middle: 2254 | Ring: 0 | Pinky: 722[0m
[0;32mI (20352) FLEX_DFPLAYER: Thumb: 0 | Index: 0 | Middle: 2250 | Ring: 0 | Pinky: 720[0m
[0;32mI (20652) FLEX_DFPLAYER: Thumb: 0 | Index: 0 | Middle: 2247 | Ring: 0 | Pinky: 717[0m
[0;32mI (20952) FLEX_DFPLAYER: Thumb: 0 | Index: 0 | Middle: 2242 | Ring: 0 | Pinky: 718[0m
[0;32mI (21252) FLEX_DFPLAYER: Thumb: 0 | Index: 0 | Middle: 2239 | Ring: 0 | Pinky: 727[0m
[0;32mI (21552) FLEX_DFPLAYER: Thumb: 0 | Index: 0 | Middle: 2239 | Ring: 0 | Pinky: 722[0m
[0;32mI (21852) FLEX_DFPLAYER: Thumb: 0 | Index: 0 | Middle: 2233 | Ring: 0 | Pinky: 724[0m
[0;32mI (22152) FLEX_DFPLAYER: Thumb: 0 | Index: 0 | Middle: 2231 | Ring: 0 | Pinky: 721[0m
[0;32mI (22452) FLEX_DFPLAYER: Thumb: 0 | Index: 0 | Middle: 2221 | Ring: 0 | Pinky: 718[0m
[0;32mI (22752) FLEX_DFPLAYER: Thumb: 0 | Index: 0 | Middle: 2220 | Ring: 0 | Pinky: 725[0m
[0;32mI (23052) FLEX_DFPLAYER: Thumb: 0 | Index: 0 | Middle: 2210 | Ring: 0 | Pinky: 731[0m
[0;32mI (23352) FLEX_DFPLAYER: Thumb: 0 | Index: 0 | Middle: 2207 | Ring: 0 | Pinky: 733[0m
[0;32mI (23652) FLEX_DFPLAYER: Thumb: 0 | Index: 0 | Middle: 2204 | Ring: 0 | Pinky: 726[0m
