iniï¿½ets Jun  8 2016 00:22:57

rst:0x1 (POWERON_RESET),boot:0x13 (SPI_FAST_FLASH_BOOT)
configsip: 0, SPIWP:0xee
clk_drv:0x00,q_drv:0x00,d_drv:0x00,cs0_drv:0x00,hd_drv:0x00,wp_drv:0x00
mode:DIO, clock div:2
load:0x3fff0030,len:7084
ho 0 tail 12 room 4
load:0x40078000,len:15584
load:0x40080400,len:4
load:0x40080404,len:3876
entry 0x4008064c
[0;32mI (31) boot: ESP-IDF v5.1.2-dirty 2nd stage bootloader[0m
[0;32mI (31) boot: compile time Aug 12 2025 22:54:49[0m
[0;32mI (31) boot: Multicore bootloader[0m
[0;32mI (36) boot: chip revision: v1.0[0m
[0;32mI (39) boot.esp32: SPI Speed      : 40MHz[0m
[0;32mI (44) boot.esp32: SPI Mode       : DIO[0m
[0;32mI (48) boot.esp32: SPI Flash Size : 2MB[0m
[0;32mI (53) boot: Enabling RNG early entropy source...[0m
[0;32mI (58) boot: Partition Table:[0m
[0;32mI (62) boot: ## Label            Usage          Type ST Offset   Length[0m
[0;32mI (69) boot:  0 nvs              WiFi data        01 02 00009000 00006000[0m
[0;32mI (77) boot:  1 phy_init         RF data          01 01 0000f000 00001000[0m
[0;32mI (84) boot:  2 factory          factory app      00 00 00010000 00100000[0m
[0;32mI (92) boot: End of partition table[0m
[0;32mI (96) esp_image: segment 0: paddr=00010020 vaddr=3f400020 size=0aba0h ( 43936) map[0m
[0;32mI (120) esp_image: segment 1: paddr=0001abc8 vaddr=3ff80000 size=00004h (     4) load[0m
[0;32mI (121) esp_image: segment 2: paddr=0001abd4 vaddr=3ffb0000 size=02158h (  8536) load[0m
[0;32mI (130) esp_image: segment 3: paddr=0001cd34 vaddr=40080000 size=032e4h ( 13028) load[0m
[0;32mI (140) esp_image: segment 4: paddr=00020020 vaddr=400d0020 size=179e0h ( 96736) map[0m
[0;32mI (178) esp_image: segment 5: paddr=00037a08 vaddr=400832e4 size=09bf4h ( 39924) load[0m
[0;32mI (201) boot: Loaded app from partition at offset 0x10000[0m
[0;32mI (201) boot: Disabling RNG early entropy source...[0m
[0;32mI (213) cpu_start: Multicore app[0m
[0;32mI (213) cpu_start: Pro cpu up.[0m
[0;32mI (213) cpu_start: Starting app cpu, entry point is 0x400811e0[0m
[0;32mI (0) cpu_start: App cpu up.[0m
[0;32mI (231) cpu_start: Pro cpu start user code[0m
[0;32mI (231) cpu_start: cpu freq: 160000000 Hz[0m
[0;32mI (231) cpu_start: Application information:[0m
[0;32mI (236) cpu_start: Project name:     flexsonic[0m
[0;32mI (241) cpu_start: App version:      1[0m
[0;32mI (246) cpu_start: Compile time:     Aug 12 2025 22:54:29[0m
[0;32mI (252) cpu_start: ELF file SHA256:  a44d50b80083e88f...[0m
[0;32mI (258) cpu_start: ESP-IDF:          v5.1.2-dirty[0m
[0;32mI (263) cpu_start: Min chip rev:     v0.0[0m
[0;32mI (268) cpu_start: Max chip rev:     v3.99 [0m
[0;32mI (273) cpu_start: Chip rev:         v1.0[0m
[0;32mI (278) heap_init: Initializing. RAM available for dynamic allocation:[0m
[0;32mI (285) heap_init: At 3FFAE6E0 len 00001920 (6 KiB): DRAM[0m
[0;32mI (291) heap_init: At 3FFB29F8 len 0002D608 (181 KiB): DRAM[0m
[0;32mI (297) heap_init: At 3FFE0440 len 00003AE0 (14 KiB): D/IRAM[0m
[0;32mI (303) heap_init: At 3FFE4350 len 0001BCB0 (111 KiB): D/IRAM[0m
[0;32mI (310) heap_init: At 4008CED8 len 00013128 (76 KiB): IRAM[0m
[0;32mI (317) spi_flash: detected chip: generic[0m
[0;32mI (320) spi_flash: flash io: dio[0m
[0;33mW (324) spi_flash: Detected size(4096k) larger than the size in the binary image header(2048k). Using the size in the binary image header.[0m
[0;32mI (338) app_start: Starting scheduler on CPU0[0m
[0;32mI (343) app_start: Starting scheduler on CPU1[0m
[0;32mI (343) main_task: Started on CPU0[0m
[0;32mI (353) main_task: Calling app_main()[0m
[0;32mI (1053) FLEX_DFPLAYER: System Ready. Monitoring flex sensors...[0m
[0;32mI (3053) FLEX_DFPLAYER: Thumb: 0 | Index: 0 | Middle: 0 | Ring: 0 | Pinky: 1030[0m
[0;32mI (3053) FLEX_DFPLAYER: Playing file 0005.mp3[0m
[0;32mI (3553) FLEX_DFPLAYER: Thumb: 0 | Index: 0 | Middle: 0 | Ring: 0 | Pinky: 1043[0m
[0;32mI (3853) FLEX_DFPLAYER: Thumb: 0 | Index: 0 | Middle: 0 | Ring: 0 | Pinky: 1065[0m
[0;32mI (4153) FLEX_DFPLAYER: Thumb: 0 | Index: 0 | Middle: 0 | Ring: 0 | Pinky: 1061[0m
[0;32mI (4453) FLEX_DFPLAYER: Thumb: 0 | Index: 0 | Middle: 0 | Ring: 0 | Pinky: 1066[0m
[0;32mI (4753) FLEX_DFPLAYER: Thumb: 0 | Index: 0 | Middle: 0 | Ring: 0 | Pinky: 1046[0m
[0;32mI (5053) FLEX_DFPLAYER: Thumb: 0 | Index: 0 | Middle: 0 | Ring: 0 | Pinky: 1072[0m
[0;32mI (5353) FLEX_DFPLAYER: Thumb: 0 | Index: 0 | Middle: 0 | Ring: 0 | Pinky: 1063[0m
[0;32mI (5653) FLEX_DFPLAYER: Thumb: 0 | Index: 0 | Middle: 0 | Ring: 0 | Pinky: 1052[0m
[0;32mI (5953) FLEX_DFPLAYER: Thumb: 0 | Index: 0 | Middle: 0 | Ring: 0 | Pinky: 1050[0m
[0;32mI (6253) FLEX_DFPLAYER: Thumb: 0 | Index: 0 | Middle: 0 | Ring: 0 | Pinky: 999[0m
[0;32mI (6553) FLEX_DFPLAYER: Thumb: 0 | Index: 0 | Middle: 0 | Ring: 0 | Pinky: 1071[0m
[0;32mI (6553) FLEX_DFPLAYER: Playing file 0005.mp3[0m
[0;32mI (7053) FLEX_DFPLAYER: Thumb: 0 | Index: 0 | Middle: 0 | Ring: 0 | Pinky: 1101[0m
[0;32mI (7353) FLEX_DFPLAYER: Thumb: 0 | Index: 0 | Middle: 0 | Ring: 0 | Pinky: 1088[0m
[0;32mI (7653) FLEX_DFPLAYER: Thumb: 0 | Index: 0 | Middle: 0 | Ring: 0 | Pinky: 1102[0m
[0;32mI (7953) FLEX_DFPLAYER: Thumb: 0 | Index: 0 | Middle: 0 | Ring: 0 | Pinky: 1078[0m
[0;32mI (8253) FLEX_DFPLAYER: Thumb: 0 | Index: 0 | Middle: 0 | Ring: 0 | Pinky: 1071[0m
[0;32mI (8553) FLEX_DFPLAYER: Thumb: 0 | Index: 0 | Middle: 0 | Ring: 0 | Pinky: 1082[0m
[0;32mI (8853) FLEX_DFPLAYER: Thumb: 0 | Index: 0 | Middle: 0 | Ring: 0 | Pinky: 1067[0m
[0;32mI (9153) FLEX_DFPLAYER: Thumb: 0 | Index: 0 | Middle: 0 | Ring: 0 | Pinky: 1085[0m
[0;32mI (9453) FLEX_DFPLAYER: Thumb: 0 | Index: 0 | Middle: 0 | Ring: 0 | Pinky: 1047[0m
[0;32mI (9753) FLEX_DFPLAYER: Thumb: 0 | Index: 0 | Middle: 0 | Ring: 0 | Pinky: 1062[0m
[0;32mI (10053) FLEX_DFPLAYER: Thumb: 0 | Index: 0 | Middle: 0 | Ring: 0 | Pinky: 1091[0m
[0;32mI (10353) FLEX_DFPLAYER: Thumb: 0 | Index: 0 | Middle: 0 | Ring: 0 | Pinky: 1095[0m
[0;32mI (10653) FLEX_DFPLAYER: Thumb: 0 | Index: 0 | Middle: 0 | Ring: 0 | Pinky: 1136[0m
[0;32mI (10953) FLEX_DFPLAYER: Thumb: 1359 | Index: 0 | Middle: 0 | Ring: 0 | Pinky: 1529[0m
[0;32mI (10953) FLEX_DFPLAYER: Playing file 0002.mp3[0m
[0;32mI (11453) FLEX_DFPLAYER: Thumb: 2798 | Index: 0 | Middle: 0 | Ring: 0 | Pinky: 0[0m
[0;32mI (11753) FLEX_DFPLAYER: Thumb: 2749 | Index: 0 | Middle: 0 | Ring: 0 | Pinky: 0[0m
[0;32mI (12053) FLEX_DFPLAYER: Thumb: 2641 | Index: 0 | Middle: 0 | Ring: 0 | Pinky: 0[0m
[0;32mI (12353) FLEX_DFPLAYER: Thumb: 2598 | Index: 0 | Middle: 0 | Ring: 0 | Pinky: 0[0m
[0;32mI (12653) FLEX_DFPLAYER: Thumb: 2222 | Index: 0 | Middle: 0 | Ring: 0 | Pinky: 0[0m
[0;32mI (12953) FLEX_DFPLAYER: Thumb: 0 | Index: 0 | Middle: 0 | Ring: 0 | Pinky: 0[0m
[0;32mI (13253) FLEX_DFPLAYER: Thumb: 0 | Index: 0 | Middle: 0 | Ring: 0 | Pinky: 0[0m
[0;32mI (13553) FLEX_DFPLAYER: Thumb: 2039 | Index: 0 | Middle: 0 | Ring: 0 | Pinky: 0[0m
[0;32mI (13553) FLEX_DFPLAYER: Playing file 0002.mp3[0m
[0;32mI (14053) FLEX_DFPLAYER: Thumb: 2415 | Index: 0 | Middle: 0 | Ring: 0 | Pinky: 0[0m
[0;32mI (14353) FLEX_DFPLAYER: Thumb: 2559 | Index: 0 | Middle: 0 | Ring: 0 | Pinky: 0[0m
[0;32mI (14653) FLEX_DFPLAYER: Thumb: 0 | Index: 0 | Middle: 0 | Ring: 0 | Pinky: 0[0m
[0;32mI (14953) FLEX_DFPLAYER: Thumb: 0 | Index: 0 | Middle: 0 | Ring: 0 | Pinky: 0[0m
[0;32mI (15253) FLEX_DFPLAYER: Thumb: 0 | Index: 0 | Middle: 0 | Ring: 0 | Pinky: 0[0m
[0;32mI (15553) FLEX_DFPLAYER: Thumb: 0 | Index: 0 | Middle: 0 | Ring: 0 | Pinky: 0[0m
[0;32mI (15853) FLEX_DFPLAYER: Thumb: 0 | Index: 0 | Middle: 0 | Ring: 0 | Pinky: 0[0m
[0;32mI (16153) FLEX_DFPLAYER: Thumb: 0 | Index: 0 | Middle: 0 | Ring: 0 | Pinky: 0[0m
[0;32mI (16453) FLEX_DFPLAYER: Thumb: 0 | Index: 0 | Middle: 0 | Ring: 0 | Pinky: 0[0m
[0;32mI (16753) FLEX_DFPLAYER: Thumb: 0 | Index: 0 | Middle: 0 | Ring: 0 | Pinky: 0[0m
[0;32mI (17053) FLEX_DFPLAYER: Thumb: 0 | Index: 0 | Middle: 0 | Ring: 0 | Pinky: 0[0m
[0;32mI (17353) FLEX_DFPLAYER: Thumb: 0 | Index: 0 | Middle: 0 | Ring: 0 | Pinky: 0[0m
[0;32mI (17653) FLEX_DFPLAYER: Thumb: 0 | Index: 0 | Middle: 0 | Ring: 0 | Pinky: 0[0m
[0;32mI (17953) FLEX_DFPLAYER: Thumb: 0 | Index: 0 | Middle: 0 | Ring: 0 | Pinky: 0[0m
[0;32mI (18253) FLEX_DFPLAYER: Thumb: 0 | Index: 0 | Middle: 0 | Ring: 0 | Pinky: 0[0m
