[0mï¿½ets Jun  8 2016 00:22:57

rst:0x1 (POWERON_RESET),boot:0x13 (SPI_FAST_FLASH_BOOT)
configsip: 0, SPIWP:0xee
clk_drv:0x00,q_drv:0x00,d_drv:0x00,cs0_drv:0x00,hd_drv:0x00,wp_drv:0x00
mode:DIO, clock div:2
load:0x3fff0030,len:7084
ho 0 tail 12 room 4
load:0x40078000,len:15584
load:0x40080400,len:4
load:0x40080404,len:3876
entry 0x4008064c
[0;32mI (31) boot: ESP-IDF v5.1.2-dirty 2nd stage bootloader[0m
[0;32mI (31) boot: compile time Aug 12 2025 22:54:49[0m
[0;32mI (31) boot: Multicore bootloader[0m
[0;32mI (35) boot: chip revision: v1.0[0m
[0;32mI (39) boot.esp32: SPI Speed      : 40MHz[0m
[0;32mI (44) boot.esp32: SPI Mode       : DIO[0m
[0;32mI (48) boot.esp32: SPI Flash Size : 2MB[0m
[0;32mI (53) boot: Enabling RNG early entropy source...[0m
[0;32mI (58) boot: Partition Table:[0m
[0;32mI (62) boot: ## Label            Usage          Type ST Offset   Length[0m
[0;32mI (69) boot:  0 nvs              WiFi data        01 02 00009000 00006000[0m
[0;32mI (77) boot:  1 phy_init         RF data          01 01 0000f000 00001000[0m
[0;32mI (84) boot:  2 factory          factory app      00 00 00010000 00100000[0m
[0;32mI (92) boot: End of partition table[0m
[0;32mI (96) esp_image: segment 0: paddr=00010020 vaddr=3f400020 size=0b938h ( 47416) map[0m
[0;32mI (121) esp_image: segment 1: paddr=0001b960 vaddr=3ff80000 size=00004h (     4) load[0m
[0;32mI (122) esp_image: segment 2: paddr=0001b96c vaddr=3ffb0000 size=02188h (  8584) load[0m
[0;32mI (131) esp_image: segment 3: paddr=0001dafc vaddr=40080000 size=0251ch (  9500) load[0m
[0;32mI (140) esp_image: segment 4: paddr=00020020 vaddr=400d0020 size=198e8h (104680) map[0m
[0;32mI (182) esp_image: segment 5: paddr=00039910 vaddr=4008251c size=0b178h ( 45432) load[0m
[0;32mI (208) boot: Loaded app from partition at offset 0x10000[0m
[0;32mI (208) boot: Disabling RNG early entropy source...[0m
[0;32mI (219) cpu_start: Multicore app[0m
[0;32mI (220) cpu_start: Pro cpu up.[0m
[0;32mI (220) cpu_start: Starting app cpu, entry point is 0x40081224[0m
[0;32mI (0) cpu_start: App cpu up.[0m
[0;32mI (238) cpu_start: Pro cpu start user code[0m
[0;32mI (238) cpu_start: cpu freq: 160000000 Hz[0m
[0;32mI (238) cpu_start: Application information:[0m
[0;32mI (242) cpu_start: Project name:     flexsonic[0m
[0;32mI (248) cpu_start: App version:      1[0m
[0;32mI (252) cpu_start: Compile time:     Aug 12 2025 22:54:29[0m
[0;32mI (258) cpu_start: ELF file SHA256:  3615233958bdc4ce...[0m
[0;32mI (264) cpu_start: ESP-IDF:          v5.1.2-dirty[0m
[0;32mI (269) cpu_start: Min chip rev:     v0.0[0m
[0;32mI (274) cpu_start: Max chip rev:     v3.99 [0m
[0;32mI (279) cpu_start: Chip rev:         v1.0[0m
[0;32mI (284) heap_init: Initializing. RAM available for dynamic allocation:[0m
[0;32mI (291) heap_init: At 3FFAE6E0 len 00001920 (6 KiB): DRAM[0m
[0;32mI (297) heap_init: At 3FFB2A50 len 0002D5B0 (181 KiB): DRAM[0m
[0;32mI (303) heap_init: At 3FFE0440 len 00003AE0 (14 KiB): D/IRAM[0m
[0;32mI (310) heap_init: At 3FFE4350 len 0001BCB0 (111 KiB): D/IRAM[0m
[0;32mI (316) heap_init: At 4008D694 len 0001296C (74 KiB): IRAM[0m
[0;32mI (324) spi_flash: detected chip: generic[0m
[0;32mI (327) spi_flash: flash io: dio[0m
[0;33mW (331) spi_flash: Detected size(4096k) larger than the size in the binary image header(2048k). Using the size in the binary image header.[0m
[0;32mI (344) app_start: Starting scheduler on CPU0[0m
[0;32mI (349) app_start: Starting scheduler on CPU1[0m
[0;32mI (349) main_task: Started on CPU0[0m
[0;32mI (359) main_task: Calling app_main()[0m
[0;32mI (359) GESTURE_AUDIO: I2C initialized successfully[0m
[0;32mI (459) GESTURE_AUDIO: MPU6050 found with ID: 0x68[0m
[0;32mI (459) GESTURE_AUDIO: MPU6050 initialized successfully[0m
[0;32mI (459) GESTURE_AUDIO: ADC initialized for flex sensors[0m
[0;32mI (459) GESTURE_AUDIO: DFPlayer initialized[0m
[0;32mI (1469) GESTURE_AUDIO: Calibrating gyroscope - keep the sensor still...[0m
[0;32mI (2469) GESTURE_AUDIO: Gyro offsets - X: -278, Y: -146, Z: -134[0m
[0;32mI (2469) GESTURE_AUDIO: Initialization complete! Ready for gesture detection.[0m
[0;32mI (2519) GESTURE_AUDIO: Playing file 0002.mp3[0m
[0;32mI (2719) GESTURE_AUDIO: Gesture: Thumb flex - Playing 'Bye Bye'[0m
: Started on CPU0[0m
[0;32mI (359) main_task: Calling app_main()[0m
[0;32mI (359) GESTURE_AUDIO: I2C initialized successfully[0m
[0;32mI (459) GESTURE_AUDIO: MPU6050 found with ID: 0x68[0m
[0;32mI (459) GESTURE_AUDIO: MPU6050 initialized successfully[0m
[0;32mI (459) GESTURE_AUDIO: ADC initialized for flex sensors[0m
[0;32mI (459) GESTURE_AUDIO: DFPlayer initialized[0m
[0;32mI (1469) GESTURE_AUDIO: Calibrating gyroscope - keep the sensor still...[0m
[0;32mI (459) GESTURE_AUDIO: MPU6050 found with ID: 0x68[0m
[0;32mI (459) GESTURE_AUDIO: MPU6050 initialized successfully[0m
[0;32mI (459) GESTURE_AUDIO: ADC initialized for flex sensors[0m
[0;32mI (459) GESTURE_AUDIO: DFPlayer initialized[0m
[0;32mI (1469) GESTURE_AUDIO: Calibrating gyroscope - keep the sensor still...[0m
[0;32mI (2469) GESTURE_AUDIO: Gyro offsets - X: -281, Y: -144, Z: -165[0m
[0;32mI (2469) GESTURE_AUDIO: Initialization complete! Ready for gesture detection.[0m
[0;32mI (2569) GESTURE_AUDIO: Playing file 0002.mp3[0m
[0;32mI (2769) GESTURE_AUDIO: Gesture: Thumb flex - Playing 'Bye Bye'[0m
[0;32mI (4619) GESTURE_AUDIO: Playing file 0002.mp3[0m
[0;32mI (4819) GESTURE_AUDIO: Gesture: Thumb flex - Playing 'Bye Bye'[0m
sfully[0m
[0;32mI (459) GESTURE_AUDIO: ADC initialized for flex sensors[0m
[0;32mI (459) GESTURE_AUDIO: DFPlayer initialized[0m
[0;32mI (459) GESTURE_AUDIO: MPU6050 found with ID: 0x68[0m
[0;32mI (459) GESTURE_AUDIO: MPU6050 initialized successfully[0m
[0;32mI (459) GESTURE_AUDIO: ADC initialized for flex sensors[0m
[0;32mI (459) GESTURE_AUDIO: DFPlayer initialized[0m
[0;32mI (1469) GESTURE_AUDIO: Calibrating gyroscope - keep the sensor still...[0m
ets Jun  8 2016 00:22:57

rst:0x10 (RTCWDT_RTC_RESET),boot:0x13 (SPI_FAST_FLASH_BOOT)
configsip: 0, SPIWP:0xee
clk_drv:0x00,q_drv:0x00,d_drv:0x00,cs0_drv:0x00,hd_drv:0x00,wp_drv:0x00
mode:DIO, clock div:2
load:0x3fff0030,len:7084
ho 0 tail 12 room 4
load:0x40078000,len:15584
load:0x40080400,len:4
load:0x40080404,len:3876
entry 0x4008064c
[0;32mI (31) boot: ESP-IDF v5.1.2-dirty 2nd stage bootloader[0m
[0;32mI (31) boot: compile time Aug 12 2025 22:54:49[0m
[0;32mI (31) boot: Multicore bootloader[0m
[0;32mI (36) boot: chip revision: v1.0[0m
[0;32mI (39) boot.esp32: SPI Speed      : 40MHz[0m
[0;32mI (44) boot.esp32: SPI Mode       : DIO[0m
[0;32mI (49) boot.esp32: SPI Flash Size : 2MB[0m
[0;32mI (53) boot: Enabling RNG early entropy source...[0m
[0;32mI (59) boot: Partition Table:[0m
[0;32mI (62) boot: ## Label            Usage          Type ST Offset   Length[0m
[0;32mI (69) boot:  0 nvs              WiFi data        01 02 00009000 00006000[0m
[0;32mI (77) boot:  1 phy_init         RF data          01 01 0000f000 00001000[0m
[0;32mI (84) boot:  2 factory          factory app      00 00 00010000 00100000[0m
[0;32mI (92) boot: End of partition table[0m
[0;32mI (96) esp_image: segment 0: paddr=00010020 vaddr=3f400020 size=0b938h ( 47416) map[0m
[0;32mI (122) esp_image: segment 1: paddr=0001b960 vaddr=3ff80000 size=00004h (     4) load[0m
[0;32mI (122) esp_image: segment 2: paddr=0001b96c vaddr=3ffb0000 size=02188h (  8584) load[0m
[0;32mI (131) esp_image: segment 3: paddr=0001dafc vaddr=40080000 size=0251ch (  9500) load[0m
[0;32mI (140) esp_image: segment 4: paddr=00020020 vaddr=400d0020 size=198e8h (104680) map[0m
[0;32mI (182) esp_image: segment 5: paddr=00039910 vaddr=4008251c size=0b178h ( 45432) load[0m
[0;32mI (208) boot: Loaded app from partition at offset 0x10000[0m
[0;32mI (208) boot: Disabling RNG early entropy source...[0m
[0;32mI (220) cpu_start: Multicore app[0m
[0;32mI (220) cpu_start: Pro cpu up.[0m
[0;32mI (220) cpu_start: Starting app cpu, entry point is 0x40081224[0m
[0;32mI (0) cpu_start: App cpu up.[0m
[0;32mI (238) cpu_start: Pro cpu start user code[0m
[0;32mI (238) cpu_start: cpu freq: 160000000 Hz[0m
[0;32mI (238) cpu_start: Application information:[0m
[0;32mI (243) cpu_start: Project name:     flexsonic[0m
[0;32mI (248) cpu_start: App version:      1[0m
[0;32mI (252) cpu_start: Compile time:     Aug 12 2025 22:54:29[0m
[0;32mI (258) cpu_start: ELF file SHA256:  3615233958bdc4ce...[0m
[0;32mI (264) cpu_start: ESP-IDF:          v5.1.2-dirty[0m
[0;32mI (270) cpu_start: Min chip rev:     v0.0[0m
[0;32mI (274) cpu_start: Max chip rev:     v3.99 [0m
[0;32mI (279) cpu_start: Chip rev:         v1.0[0m
[0;32mI (284) heap_init: Initializing. RAM available for dynamic allocation:[0m
[0;32mI (291) heap_init: At 3FFAE6E0 len 00001920 (6 KiB): DRAM[0m
[0;32mI (297) heap_init: At 3FFB2A50 len 0002D5B0 (181 KiB): DRAM[0m
[0;32mI (304) heap_init: At 3FFE0440 len 00003AE0 (14 KiB): D/IRAM[0m
[0;32mI (310) heap_init: At 3FFE4350 len 0001BCB0 (111 KiB): D/IRAM[0m
[0;32mI (316) heap_init: At 4008D694 len 0001296C (74 KiB): IRAM[0m
[0;32mI (324) spi_flash: detected chip: generic[0m
[0;32mI (327) spi_flash: flash io: dio[0m
[0;33mW (331) spi_flash: Detected size(4096k) larger than the size in the binary image header(2048k). Using the size in the binary image header.[0m
[0;32mI (345) app_start: Starting scheduler on CPU0[0m
[0;32mI (349) app_start: Starting scheduler on CPU1[0m
[0;32mI (349) main_task: Started on CPU0[0m
[0;32mI (359) main_task: Calling app_main()[0m
[0;32mI (359) GESTURE_AUDIO: I2C initialized successfully[0m
[0;32mI (459) GESTURE_AUDIO: MPU6050 found with ID: 0x68[0m
[0;32mI (459) GESTURE_AUDIO: MPU6050 initialized successfully[0m
[0;32mI (459) GESTURE_AUDIO: ADC initialized for flex sensors[0m
[0;32mI (459) GESTURE_AUDIO: DFPlayer initialized[0m
[0;32mI (1469) GESTURE_AUDIO: Calibrating gyroscope - keep the sensor still...[0m
[0;32mI (2469) GESTURE_AUDIO: Gyro offsets - X: -346, Y: -142, Z: -166[0m
[0;32mI (2469) GESTURE_AUDIO: Initialization complete! Ready for gesture detection.[0m
[0;32mI (2519) GESTURE_AUDIO: Playing file 0002.mp3[0m
[0;32mI (2719) GESTURE_AUDIO: Gesture: Thumb flex - Playing 'Bye Bye'[0m
[0;32mI (12169) GESTURE_AUDIO: Playing file 0006.mp3[0m
[0;32mI (12369) GESTURE_AUDIO: Gesture: Thumb + Index Flex - Playing 'This is Yash'[0m
[0;32mI (13269) GESTURE_AUDIO: Playing file 0002.mp3[0m
[0;32mI (13469) GESTURE_AUDIO: Gesture: Thumb flex - Playing 'Bye Bye'[0m
[0;32mI (14319) GESTURE_AUDIO: Playing file 0006.mp3[0m
[0;32mI (14519) GESTURE_AUDIO: Gesture: Thumb + Index Flex - Playing 'This is Yash'[0m
[0;32mI (15369) GESTURE_AUDIO: Playing file 0002.mp3[0m
[0;32mI (15569) GESTURE_AUDIO: Gesture: Thumb flex - Playing 'Bye Bye'[0m
[0;32mI (17619) GESTURE_AUDIO: Playing file 0006.mp3[0m
[0;32mI (17819) GESTURE_AUDIO: Gesture: Thumb + Index Flex - Playing 'This is Yash'[0m
[0;32mI (18669) GESTURE_AUDIO: Playing file 0002.mp3[0m
[0;32mI (18869) GESTURE_AUDIO: Gesture: Thumb flex - Playing 'Bye Bye'[0m
[0;32mI (23369) GESTURE_AUDIO: Playing file 0006.mp3[0m
[0;32mI (23569) GESTURE_AUDIO: Gesture: Thumb + Index Flex - Playing 'This is Yash'[0m
[0;32mI (24669) GESTURE_AUDIO: Playing file 0002.mp3[0m
[0;32mI (24869) GESTURE_AUDIO: Gesture: Thumb flex - Playing 'Bye Bye'[0m
[0;32mI (25869) GESTURE_AUDIO: Playing file 0006.mp3[0m
[0;32mI (26069) GESTURE_AUDIO: Gesture: Thumb + Index Flex - Playing 'This is Yash'[0m
[0;32mI (27419) GESTURE_AUDIO: Playing file 0002.mp3[0m
[0;32mI (27619) GESTURE_AUDIO: Gesture: Thumb flex - Playing 'Bye Bye'[0m
[0;32mI (31719) GESTURE_AUDIO: Playing file 0006.mp3[0m
[0;32mI (31919) GESTURE_AUDIO: Gesture: Thumb + Index Flex - Playing 'This is Yash'[0m
[0;32mI (32769) GESTURE_AUDIO: Playing file 0002.mp3[0m
[0;32mI (32969) GESTURE_AUDIO: Gesture: Thumb flex - Playing 'Bye Bye'[0m
[0;32mI (42319) GESTURE_AUDIO: Playing file 0006.mp3[0m
[0;32mI (42519) GESTURE_AUDIO: Gesture: Thumb + Index Flex - Playing 'This is Yash'[0m
[0;32mI (43819) GESTURE_AUDIO: Playing file 0002.mp3[0m
[0;32mI (44019) GESTURE_AUDIO: Gesture: Thumb flex - Playing 'Bye Bye'[0m
[0;32mI (44919) GESTURE_AUDIO: Playing file 0006.mp3[0m
[0;32mI (45119) GESTURE_AUDIO: Gesture: Thumb + Index Flex - Playing 'This is Yash'[0m
[0;32mI (45969) GESTURE_AUDIO: Playing file 0002.mp3[0m
[0;32mI (46169) GESTURE_AUDIO: Gesture: Thumb flex - Playing 'Bye Bye'[0m
[0;32mI (47519) GESTURE_AUDIO: Playing file 0006.mp3[0m
[0;32mI (47719) GESTURE_AUDIO: Gesture: Thumb + Index Flex - Playing 'This is Yash'[0m
[0;32mI (48569) GESTURE_AUDIO: Playing file 0002.mp3[0m
[0;32mI (48769) GESTURE_AUDIO: Gesture: Thumb flex - Playing 'Bye Bye'[0m
[0;32mI (51969) GESTURE_AUDIO: Playing file 0006.mp3[0m
[0;32mI (52169) GESTURE_AUDIO: Gesture: Thumb + Index Flex - Playing 'This is Yash'[0m
[0;32mI (53019) GESTURE_AUDIO: Playing file 0002.mp3[0m
[0;32mI (53219) GESTURE_AUDIO: Gesture: Thumb flex - Playing 'Bye Bye'[0m
[0;32mI (55069) GESTURE_AUDIO: Playing file 0006.mp3[0m
[0;32mI (55269) GESTURE_AUDIO: Gesture: Thumb + Index Flex - Playing 'This is Yash'[0m
[0;32mI (56119) GESTURE_AUDIO: Playing file 0002.mp3[0m
[0;32mI (56319) GESTURE_AUDIO: Gesture: Thumb flex - Playing 'Bye Bye'[0m
[0;32mI (61569) GESTURE_AUDIO: Playing file 0006.mp3[0m
[0;32mI (61769) GESTURE_AUDIO: Gesture: Thumb + Index Flex - Playing 'This is Yash'[0m
[0;32mI (62619) GESTURE_AUDIO: Playing file 0002.mp3[0m
[0;32mI (62819) GESTURE_AUDIO: Gesture: Thumb flex - Playing 'Bye Bye'[0m
[0;32mI (65269) GESTURE_AUDIO: Playing file 0006.mp3[0m
[0;32mI (65469) GESTURE_AUDIO: Gesture: Thumb + Index Flex - Playing 'This is Yash'[0m
[0;32mI (66319) GESTURE_AUDIO: Playing file 0002.mp3[0m
[0;32mI (66519) GESTURE_AUDIO: Gesture: Thumb flex - Playing 'Bye Bye'[0m
[0;32mI (67369) GESTURE_AUDIO: Playing file 0006.mp3[0m
[0;32mI (67569) GESTURE_AUDIO: Gesture: Thumb + Index Flex - Playing 'This is Yash'[0m
[0;32mI (68419) GESTURE_AUDIO: Playing file 0002.mp3[0m
[0;32mI (68619) GESTURE_AUDIO: Gesture: Thumb flex - Playing 'Bye Bye'[0m
[0;32mI (69469) GESTURE_AUDIO: Playing file 0006.mp3[0m
[0;32mI (69669) GESTURE_AUDIO: Gesture: Thumb + Index Flex - Playing 'This is Yash'[0m
[0;32mI (75769) GESTURE_AUDIO: Playing file 0002.mp3[0m
[0;32mI (75969) GESTURE_AUDIO: Gesture: Thumb flex - Playing 'Bye Bye'[0m
[0;32mI (76819) GESTURE_AUDIO: Playing file 0006.mp3[0m
[0;32mI (77019) GESTURE_AUDIO: Gesture: Thumb + Index Flex - Playing 'This is Yash'[0m
[0;32mI (77869) GESTURE_AUDIO: Playing file 0002.mp3[0m
[0;32mI (78069) GESTURE_AUDIO: Gesture: Thumb flex - Playing 'Bye Bye'[0m
[0;32mI (81419) GESTURE_AUDIO: Playing file 0006.mp3[0m
[0;32mI (81619) GESTURE_AUDIO: Gesture: Thumb + Index Flex - Playing 'This is Yash'[0m
[0;32mI (82469) GESTURE_AUDIO: Playing file 0002.mp3[0m
[0;32mI (82669) GESTURE_AUDIO: Gesture: Thumb flex - Playing 'Bye Bye'[0m
[0;32mI (84719) GESTURE_AUDIO: Playing file 0006.mp3[0m
[0;32mI (84919) GESTURE_AUDIO: Gesture: Thumb + Index Flex - Playing 'This is Yash'[0m
[0;32mI (85769) GESTURE_AUDIO: Playing file 0002.mp3[0m
[0;32mI (85969) GESTURE_AUDIO: Gesture: Thumb flex - Playing 'Bye Bye'[0m
[0;32mI (86919) GESTURE_AUDIO: Playing file 0006.mp3[0m
[0;32mI (87119) GESTURE_AUDIO: Gesture: Thumb + Index Flex - Playing 'This is Yash'[0m
[0;32mI (87969) GESTURE_AUDIO: Playing file 0002.mp3[0m
[0;32mI (88169) GESTURE_AUDIO: Gesture: Thumb flex - Playing 'Bye Bye'[0m
