20 (6 ï¿½ets Jun  8 2016 00:22:57

rst:0x1 (POWERON_RESET),boot:0x13 (SPI_FAST_FLASH_BOOT)
configsip: 0, SPIWP:0xee
clk_drv:0x00,q_drv:0x00,d_drv:0x00,cs0_drv:0x00,hd_drv:0x00,wp_drv:0x00
mode:DIO, clock div:2
load:0x3fff0030,len:7084
ho 0 tail 12 room 4
load:0x40078000,len:15584
load:0x40080400,len:4
load:0x40080404,len:3876
entry 0x4008064c
[0;32mI (31) boot: ESP-IDF v5.1.2-dirty 2nd stage bootloader[0m
[0;32mI (31) boot: compile time Aug 12 2025 22:54:49[0m
[0;32mI (31) boot: Multicore bootloader[0m
[0;32mI (35) boot: chip revision: v1.0[0m
[0;32mI (39) boot.esp32: SPI Speed      : 40MHz[0m
[0;32mI (44) boot.esp32: SPI Mode       : DIO[0m
[0;32mI (48) boot.esp32: SPI Flash Size : 2MB[0m
[0;32mI (53) boot: Enabling RNG early entropy source...[0m
[0;32mI (58) boot: Partition Table:[0m
[0;32mI (62) boot: ## Label            Usage          Type ST Offset   Length[0m
[0;32mI (69) boot:  0 nvs              WiFi data        01 02 00009000 00006000[0m
[0;32mI (77) boot:  1 phy_init         RF data          01 01 0000f000 00001000[0m
[0;32mI (84) boot:  2 factory          factory app      00 00 00010000 00100000[0m
[0;32mI (92) boot: End of partition table[0m
[0;32mI (96) esp_image: segment 0: paddr=00010020 vaddr=3f400020 size=0add0h ( 44496) map[0m
[0;32mI (120) esp_image: segment 1: paddr=0001adf8 vaddr=3ff80000 size=00004h (     4) load[0m
[0;32mI (121) esp_image: segment 2: paddr=0001ae04 vaddr=3ffb0000 size=02158h (  8536) load[0m
[0;32mI (130) esp_image: segment 3: paddr=0001cf64 vaddr=40080000 size=030b4h ( 12468) load[0m
[0;32mI (140) esp_image: segment 4: paddr=00020020 vaddr=400d0020 size=17e1ch ( 97820) map[0m
[0;32mI (178) esp_image: segment 5: paddr=00037e44 vaddr=400830b4 size=09e24h ( 40484) load[0m
[0;32mI (202) boot: Loaded app from partition at offset 0x10000[0m
[0;32mI (202) boot: Disabling RNG early entropy source...[0m
[0;32mI (214) cpu_start: Multicore app[0m
[0;32mI (214) cpu_start: Pro cpu up.[0m
[0;32mI (214) cpu_start: Starting app cpu, entry point is 0x400811e0[0m
[0;32mI (0) cpu_start: App cpu up.[0m
[0;32mI (232) cpu_start: Pro cpu start user code[0m
[0;32mI (232) cpu_start: cpu freq: 160000000 Hz[0m
[0;32mI (232) cpu_start: Application information:[0m
[0;32mI (237) cpu_start: Project name:     flexsonic[0m
[0;32mI (242) cpu_start: App version:      1[0m
[0;32mI (246) cpu_start: Compile time:     Aug 12 2025 22:54:29[0m
[0;32mI (252) cpu_start: ELF file SHA256:  47f86bdb271658ae...[0m
[0;32mI (258) cpu_start: ESP-IDF:          v5.1.2-dirty[0m
[0;32mI (264) cpu_start: Min chip rev:     v0.0[0m
[0;32mI (268) cpu_start: Max chip rev:     v3.99 [0m
[0;32mI (273) cpu_start: Chip rev:         v1.0[0m
[0;32mI (278) heap_init: Initializing. RAM available for dynamic allocation:[0m
[0;32mI (285) heap_init: At 3FFAE6E0 len 00001920 (6 KiB): DRAM[0m
[0;32mI (291) heap_init: At 3FFB29F8 len 0002D608 (181 KiB): DRAM[0m
[0;32mI (297) heap_init: At 3FFE0440 len 00003AE0 (14 KiB): D/IRAM[0m
[0;32mI (304) heap_init: At 3FFE4350 len 0001BCB0 (111 KiB): D/IRAM[0m
[0;32mI (310) heap_init: At 4008CED8 len 00013128 (76 KiB): IRAM[0m
[0;32mI (318) spi_flash: detected chip: generic[0m
[0;32mI (321) spi_flash: flash io: dio[0m
[0;33mW (325) spi_flash: Detected size(4096k) larger than the size in the binary image header(2048k). Using the size in the binary image header.[0m
[0;32mI (339) app_start: Starting scheduler on CPU0[0m
[0;32mI (343) app_start: Starting scheduler on CPU1[0m
[0;32mI (343) main_task: Started on CPU0[0m
[0;32mI (353) main_task: Calling app_main()[0m
[0;32mI (353) FLEX_DFPLAYER: Data is being sent to DFPlayer: cmd=0x06, param=25[0m
[0;32mI (1163) FLEX_DFPLAYER: UART read length = 0[0m
[0;33mW (1163) FLEX_DFPLAYER: No response from DFPlayer.[0m
[0;32mI (1863) FLEX_DFPLAYER: System Ready. Monitoring flex sensors...[0m
[0;32mI (3863) FLEX_DFPLAYER: Thumb: 0 | Index: 0 | Middle: 0 | Ring: 0 | Pinky: 0[0m
[0;32mI (4163) FLEX_DFPLAYER: Thumb: 0 | Index: 0 | Middle: 0 | Ring: 0 | Pinky: 0[0m
[0;32mI (4463) FLEX_DFPLAYER: Thumb: 0 | Index: 0 | Middle: 0 | Ring: 0 | Pinky: 0[0m
[0;32mI (4763) FLEX_DFPLAYER: Thumb: 0 | Index: 0 | Middle: 0 | Ring: 0 | Pinky: 0[0m
[0;32mI (5063) FLEX_DFPLAYER: Thumb: 615 | Index: 0 | Middle: 0 | Ring: 0 | Pinky: 0[0m
[0;32mI (5363) FLEX_DFPLAYER: Thumb: 2600 | Index: 0 | Middle: 0 | Ring: 0 | Pinky: 0[0m
[0;32mI (5363) FLEX_DFPLAYER: Playing file 0002.mp3[0m
[0;32mI (5363) FLEX_DFPLAYER: Data is being sent to DFPlayer: cmd=0x03, param=2[0m
[0;32mI (6173) FLEX_DFPLAYER: UART read length = 0[0m
[0;33mW (6173) FLEX_DFPLAYER: No response from DFPlayer.[0m
[0;32mI (6673) FLEX_DFPLAYER: Thumb: 2557 | Index: 0 | Middle: 0 | Ring: 0 | Pinky: 0[0m
[0;32mI (6973) FLEX_DFPLAYER: Thumb: 2589 | Index: 0 | Middle: 0 | Ring: 0 | Pinky: 0[0m
[0;32mI (7273) FLEX_DFPLAYER: Thumb: 2543 | Index: 0 | Middle: 0 | Ring: 0 | Pinky: 0[0m
[0;32mI (7573) FLEX_DFPLAYER: Thumb: 2420 | Index: 0 | Middle: 0 | Ring: 0 | Pinky: 0[0m
[0;32mI (7873) FLEX_DFPLAYER: Thumb: 1354 | Index: 0 | Middle: 0 | Ring: 0 | Pinky: 0[0m
[0;32mI (8173) FLEX_DFPLAYER: Thumb: 0 | Index: 0 | Middle: 0 | Ring: 0 | Pinky: 0[0m
[0;32mI (8473) FLEX_DFPLAYER: Thumb: 0 | Index: 0 | Middle: 0 | Ring: 0 | Pinky: 0[0m
[0;32mI (8773) FLEX_DFPLAYER: Thumb: 0 | Index: 0 | Middle: 0 | Ring: 0 | Pinky: 0[0m
[0;32mI (9073) FLEX_DFPLAYER: Thumb: 756 | Index: 0 | Middle: 0 | Ring: 0 | Pinky: 0[0m
[0;32mI (9373) FLEX_DFPLAYER: Thumb: 1835 | Index: 0 | Middle: 0 | Ring: 0 | Pinky: 0[0m
[0;32mI (9373) FLEX_DFPLAYER: Playing file 0002.mp3[0m
[0;32mI (9373) FLEX_DFPLAYER: Data is being sent to DFPlayer: cmd=0x03, param=2[0m
[0;32mI (10183) FLEX_DFPLAYER: UART read length = 0[0m
[0;33mW (10183) FLEX_DFPLAYER: No response from DFPlayer.[0m
[0;32mI (10683) FLEX_DFPLAYER: Thumb: 0 | Index: 0 | Middle: 0 | Ring: 0 | Pinky: 0[0m
[0;32mI (10983) FLEX_DFPLAYER: Thumb: 0 | Index: 0 | Middle: 0 | Ring: 0 | Pinky: 0[0m
[0;32mI (11283) FLEX_DFPLAYER: Thumb: 2305 | Index: 0 | Middle: 0 | Ring: 0 | Pinky: 0[0m
[0;32mI (11283) FLEX_DFPLAYER: Playing file 0002.mp3[0m
[0;32mI (11283) FLEX_DFPLAYER: Data is being sent to DFPlayer: cmd=0x03, param=2[0m
[0;32mI (12093) FLEX_DFPLAYER: UART read length = 0[0m
[0;33mW (12093) FLEX_DFPLAYER: No response from DFPlayer.[0m
[0;32mI (12593) FLEX_DFPLAYER: Thumb: 0 | Index: 0 | Middle: 0 | Ring: 0 | Pinky: 0[0m
[0;32mI (12893) FLEX_DFPLAYER: Thumb: 0 | Index: 0 | Middle: 0 | Ring: 0 | Pinky: 3492[0m
[0;32mI (13193) FLEX_DFPLAYER: Thumb: 0 | Index: 0 | Middle: 0 | Ring: 0 | Pinky: 3766[0m
[0;32mI (13493) FLEX_DFPLAYER: Thumb: 0 | Index: 0 | Middle: 0 | Ring: 0 | Pinky: 3815[0m
[0;32mI (13793) FLEX_DFPLAYER: Thumb: 0 | Index: 0 | Middle: 0 | Ring: 0 | Pinky: 3759[0m
[0;32mI (14093) FLEX_DFPLAYER: Thumb: 0 | Index: 0 | Middle: 0 | Ring: 0 | Pinky: 3731[0m
[0;32mI (14393) FLEX_DFPLAYER: Thumb: 0 | Index: 0 | Middle: 0 | Ring: 0 | Pinky: 3570[0m
[0;32mI (14693) FLEX_DFPLAYER: Thumb: 0 | Index: 0 | Middle: 0 | Ring: 0 | Pinky: 3527[0m
[0;32mI (14993) FLEX_DFPLAYER: Thumb: 0 | Index: 0 | Middle: 0 | Ring: 0 | Pinky: 3525[0m
[0;32mI (15293) FLEX_DFPLAYER: Thumb: 0 | Index: 0 | Middle: 0 | Ring: 0 | Pinky: 3607[0m
[0;32mI (15593) FLEX_DFPLAYER: Thumb: 0 | Index: 0 | Middle: 0 | Ring: 0 | Pinky: 3553[0m
[0;32mI (15893) FLEX_DFPLAYER: Thumb: 0 | Index: 0 | Middle: 0 | Ring: 0 | Pinky: 3643[0m
[0;32mI (16193) FLEX_DFPLAYER: Thumb: 0 | Index: 0 | Middle: 0 | Ring: 0 | Pinky: 3537[0m
[0;32mI (16493) FLEX_DFPLAYER: Thumb: 0 | Index: 0 | Middle: 0 | Ring: 0 | Pinky: 2343[0m
[0;32mI (16493) FLEX_DFPLAYER: Playing file 0005.mp3[0m
[0;32mI (16493) FLEX_DFPLAYER: Data is being sent to DFPlayer: cmd=0x03, param=5[0m
[0;32mI (17303) FLEX_DFPLAYER: UART read length = 0[0m
[0;33mW (17303) FLEX_DFPLAYER: No response from DFPlayer.[0m
[0;32mI (17803) FLEX_DFPLAYER: Thumb: 0 | Index: 0 | Middle: 0 | Ring: 0 | Pinky: 0[0m
[0;32mI (18103) FLEX_DFPLAYER: Thumb: 0 | Index: 0 | Middle: 0 | Ring: 0 | Pinky: 0[0m
[0;32mI (18403) FLEX_DFPLAYER: Thumb: 0 | Index: 0 | Middle: 0 | Ring: 0 | Pinky: 0[0m
[0;32mI (18703) FLEX_DFPLAYER: Thumb: 0 | Index: 0 | Middle: 0 | Ring: 0 | Pinky: 0[0m
[0;32mI (19003) FLEX_DFPLAYER: Thumb: 0 | Index: 0 | Middle: 0 | Ring: 0 | Pinky: 0[0m
[0;32mI (19303) FLEX_DFPLAYER: Thumb: 0 | Index: 0 | Middle: 0 | Ring: 0 | Pinky: 0[0m
[0;32mI (19603) FLEX_DFPLAYER: Thumb: 0 | Index: 0 | Middle: 0 | Ring: 0 | Pinky: 0[0m
[0;32mI (19903) FLEX_DFPLAYER: Thumb: 0 | Index: 0 | Middle: 0 | Ring: 0 | Pinky: 0[0m
[0;32mI (20203) FLEX_DFPLAYER: Thumb: 0 | Index: 0 | Middle: 0 | Ring: 0 | Pinky: 0[0m
[0;32mI (20503) FLEX_DFPLAYER: Thumb: 0 | Index: 0 | Middle: 0 | Ring: 0 | Pinky: 0[0m
[0;32mI (20803) FLEX_DFPLAYER: Thumb: 0 | Index: 0 | Middle: 0 | Ring: 0 | Pinky: 0[0m
[0;32mI (21103) FLEX_DFPLAYER: Thumb: 0 | Index: 0 | Middle: 0 | Ring: 0 | Pinky: 0[0m
[0;32mI (21403) FLEX_DFPLAYER: Thumb: 0 | Index: 0 | Middle: 0 | Ring: 0 | Pinky: 0[0m
[0;32mI (21703) FLEX_DFPLAYER: Thumb: 0 | Index: 0 | Middle: 0 | Ring: 0 | Pinky: 0[0m
[0;32mI (22003) FLEX_DFPLAYER: Thumb: 0 | Index: 0 | Middle: 0 | Ring: 0 | Pinky: 0[0m
[0;32mI (22303) FLEX_DFPLAYER: Thumb: 0 | Index: 0 | Middle: 0 | Ring: 0 | Pinky: 0[0m
[0;32mI (22603) FLEX_DFPLAYER: Thumb: 0 | Index: 0 | Middle: 0 | Ring: 0 | Pinky: 0[0m
[0;32mI (22903) FLEX_DFPLAYER: Thumb: 0 | Index: 0 | Middle: 0 | Ring: 0 | Pinky: 0[0m
[0;32mI (23203) FLEX_DFPLAYER: Thumb: 0 | Index: 0 | Middle: 0 | Ring: 0 | Pinky: 0[0m
[0;32mI (23503) FLEX_DFPLAYER: Thumb: 0 | Index: 0 | Middle: 0 | Ring: 0 | Pinky: 0[0m
