W (325)ï¿½ets Jul 29 2019 12:21:46

rst:0x1 (POWERON_RESET),boot:0x13 (SPI_FAST_FLASH_BOOT)
configsip: 0, SPIWP:0xee
clk_drv:0x00,q_drv:0x00,d_drv:0x00,cs0_drv:0x00,hd_drv:0x00,wp_drv:0x00
mode:DIO, clock div:2
load:0x3fff0030,len:7084
ho 0 tail 12 room 4
load:0x40078000,len:15584
load:0x40080400,len:4
load:0x40080404,len:3876
entry 0x4008064c
[0;32mI (31) boot: ESP-IDF v5.1.2-dirty 2nd stage bootloader[0m
[0;32mI (31) boot: compile time Aug 12 2025 22:54:49[0m
[0;32mI (31) boot: Multicore bootloader[0m
[0;32mI (36) boot: chip revision: v3.1[0m
[0;32mI (40) boot.esp32: SPI Speed      : 40MHz[0m
[0;32mI (44) boot.esp32: SPI Mode       : DIO[0m
[0;32mI (49) boot.esp32: SPI Flash Size : 2MB[0m
[0;32mI (53) boot: Enabling RNG early entropy source...[0m
[0;32mI (59) boot: Partition Table:[0m
[0;32mI (62) boot: ## Label            Usage          Type ST Offset   Length[0m
[0;32mI (70) boot:  0 nvs              WiFi data        01 02 00009000 00006000[0m
[0;32mI (77) boot:  1 phy_init         RF data          01 01 0000f000 00001000[0m
[0;32mI (85) boot:  2 factory          factory app      00 00 00010000 00100000[0m
[0;32mI (92) boot: End of partition table[0m
[0;32mI (96) esp_image: segment 0: paddr=00010020 vaddr=3f400020 size=0add8h ( 44504) map[0m
[0;32mI (121) esp_image: segment 1: paddr=0001ae00 vaddr=3ff80000 size=00004h (     4) load[0m
[0;32mI (121) esp_image: segment 2: paddr=0001ae0c vaddr=3ffb0000 size=02188h (  8584) load[0m
[0;32mI (130) esp_image: segment 3: paddr=0001cf9c vaddr=40080000 size=0307ch ( 12412) load[0m
[0;32mI (140) esp_image: segment 4: paddr=00020020 vaddr=400d0020 size=1722ch ( 94764) map[0m
[0;32mI (178) esp_image: segment 5: paddr=00037254 vaddr=4008307c size=0a514h ( 42260) load[0m
[0;32mI (202) boot: Loaded app from partition at offset 0x10000[0m
[0;32mI (203) boot: Disabling RNG early entropy source...[0m
[0;32mI (214) cpu_start: Multicore app[0m
[0;32mI (214) cpu_start: Pro cpu up.[0m
[0;32mI (214) cpu_start: Starting app cpu, entry point is 0x40081204[0m
[0;32mI (0) cpu_start: App cpu up.[0m
[0;32mI (232) cpu_start: Pro cpu start user code[0m
[0;32mI (232) cpu_start: cpu freq: 160000000 Hz[0m
[0;32mI (232) cpu_start: Application information:[0m
[0;32mI (237) cpu_start: Project name:     flexsonic[0m
[0;32mI (242) cpu_start: App version:      1[0m
[0;32mI (247) cpu_start: Compile time:     Aug 12 2025 22:54:29[0m
[0;32mI (253) cpu_start: ELF file SHA256:  829f3b8f6605c7ef...[0m
[0;32mI (259) cpu_start: ESP-IDF:          v5.1.2-dirty[0m
[0;32mI (264) cpu_start: Min chip rev:     v0.0[0m
[0;32mI (269) cpu_start: Max chip rev:     v3.99 [0m
[0;32mI (274) cpu_start: Chip rev:         v3.1[0m
[0;32mI (279) heap_init: Initializing. RAM available for dynamic allocation:[0m
[0;32mI (286) heap_init: At 3FFAE6E0 len 00001920 (6 KiB): DRAM[0m
[0;32mI (292) heap_init: At 3FFB2A30 len 0002D5D0 (181 KiB): DRAM[0m
[0;32mI (298) heap_init: At 3FFE0440 len 00003AE0 (14 KiB): D/IRAM[0m
[0;32mI (304) heap_init: At 3FFE4350 len 0001BCB0 (111 KiB): D/IRAM[0m
[0;32mI (311) heap_init: At 4008D590 len 00012A70 (74 KiB): IRAM[0m
[0;32mI (318) spi_flash: detected chip: generic[0m
[0;32mI (321) spi_flash: flash io: dio[0m
[0;33mW (325) spi_flash: Detected size(4096k) larger than the size in the binary image header(2048k). Using the size in the binary image header.[0m
[0;32mI (339) app_start: Starting scheduler on CPU0[0m
[0;32mI (344) app_start: Starting scheduler on CPU1[0m
[0;32mI (344) main_task: Started on CPU0[0m
[0;32mI (354) main_task: Calling app_main()[0m
ESP_ERROR_CHECK failed: esp_err_t 0xffffffff (ESP_FAIL) at 0x400d5774
file: "./main/flexsonic.c" line 92
func: mpu_init
expression: mpu_write(PWR_MGMT_1, 0x00)

abort() was called at PC 0x400869a7 on core 0


Backtrace: 0x40081836:0x3ffb4bc0 0x400869b1:0x3ffb4be0 0x4008c0d6:0x3ffb4c00 0x400869a7:0x3ffb4c70 0x400d5774:0x3ffb4ca0 0x400d5941:0x3ffb4cc0 0x400e6a9c:0x3ffb4d30 0x40089061:0x3ffb4d60




ELF file SHA256: 829f3b8f6605c7ef

Rebooting...
ets Jul 29 2019 12:21:46

rst:0xc (SW_CPU_RESET),boot:0x13 (SPI_FAST_FLASH_BOOT)
configsip: 0, SPIWP:0xee
clk_drv:0x00,q_drv:0x00,d_drv:0x00,cs0_drv:0x00,hd_drv:0x00,wp_drv:0x00
mode:DIO, clock div:2
load:0x3fff0030,len:7084
ho 0 tail 12 room 4
load:0x40078000,len:15584
load:0x40080400,len:4
load:0x40080404,len:3876
entry 0x4008064c
[0;32mI (31) boot: ESP-IDF v5.1.2-dirty 2nd stage bootloader[0m
[0;32mI (31) boot: compile time Aug 12 2025 22:54:49[0m
[0;32mI (31) boot: Multicore bootloader[0m
[0;32mI (36) boot: chip revision: v3.1[0m
[0;32mI (40) boot.esp32: SPI Speed      : 40MHz[0m
[0;32mI (44) boot.esp32: SPI Mode       : DIO[0m
[0;32mI (49) boot.esp32: SPI Flash Size : 2MB[0m
[0;32mI (53) boot: Enabling RNG early entropy source...[0m
[0;32mI (59) boot: Partition Table:[0m
[0;32mI (62) boot: ## Label            Usage          Type ST Offset   Length[0m
[0;32mI (70) boot:  0 nvs              WiFi data        01 02 00009000 00006000[0m
[0;32mI (77) boot:  1 phy_init         RF data          01 01 0000f000 00001000[0m
[0;32mI (85) boot:  2 factory          factory app      00 00 00010000 00100000[0m
[0;32mI (92) boot: End of partition table[0m
[0;32mI (96) esp_image: segment 0: paddr=00010020 vaddr=3f400020 size=0add8h ( 44504) map[0m
[0;32mI (121) esp_image: segment 1: paddr=0001ae00 vaddr=3ff80000 size=00004h (     4) load[0m
[0;32mI (121) esp_image: segment 2: paddr=0001ae0c vaddr=3ffb0000 size=02188h (  8584) load[0m
[0;32mI (130) esp_image: segment 3: paddr=0001cf9c vaddr=40080000 size=0307ch ( 12412) load[0m
[0;32mI (140) esp_image: segment 4: paddr=00020020 vaddr=400d0020 size=1722ch ( 94764) map[0m
[0;32mI (178) esp_image: segment 5: paddr=00037254 vaddr=4008307c size=0a514h ( 42260) load[0m
[0;32mI (202) boot: Loaded app from partition at offset 0x10000[0m
[0;32mI (202) boot: Disabling RNG early entropy source...[0m
[0;32mI (214) cpu_start: Multicore app[0m
[0;32mI (214) cpu_start: Pro cpu up.[0m
[0;32mI (214) cpu_start: Starting app cpu, entry point is 0x40081204[0m
[0;32mI (202) cpu_start: App cpu up.[0m
[0;32mI (232) cpu_start: Pro cpu start user code[0m
[0;32mI (232) cpu_start: cpu freq: 160000000 Hz[0m
[0;32mI (232) cpu_start: Application information:[0m
[0;32mI (237) cpu_start: Project name:     flexsonic[0m
[0;32mI (242) cpu_start: App version:      1[0m
[0;32mI (247) cpu_start: Compile time:     Aug 12 2025 22:54:29[0m
[0;32mI (253) cpu_start: ELF file SHA256:  829f3b8f6605c7ef...[0m
[0;32mI (259) cpu_start: ESP-IDF:          v5.1.2-dirty[0m
[0;32mI (264) cpu_start: Min chip rev:     v0.0[0m
[0;32mI (269) cpu_start: Max chip rev:     v3.99 [0m
[0;32mI (274) cpu_start: Chip rev:         v3.1[0m
[0;32mI (279) heap_init: Initializing. RAM available for dynamic allocation:[0m
[0;32mI (286) heap_init: At 3FFAE6E0 len 00001920 (6 KiB): DRAM[0m
[0;32mI (292) heap_init: At 3FFB2A30 len 0002D5D0 (181 KiB): DRAM[0m
[0;32mI (298) heap_init: At 3FFE0440 len 00003AE0 (14 KiB): D/IRAM[0m
[0;32mI (304) heap_init: At 3FFE4350 len 0001BCB0 (111 KiB): D/IRAM[0m
[0;32mI (311) heap_init: At 4008D590 len 00012A70 (74 KiB): IRAM[0m
[0;32mI (318) spi_flash: detected chip: generic[0m
[0;32mI (322) spi_flash: flash io: dio[0m
[0;33mW (325) spi_flash: Detected size(4096k) larger than the size in the binary image header(2048k). Using the size in the binary image header.[0m
[0;32mI (339) app_start: Starting scheduler on CPU0[0m
[0;32mI (344) app_start: Starting scheduler on CPU1[0m
[0;32mI (344) main_task: Started on CPU0[0m
[0;32mI (354) main_task: Calling app_main()[0m
ESP_ERROR_CHECK failed: esp_err_t 0xffffffff (ESP_FAIL) at 0x400d5774
file: "./main/flexsonic.c" line 92
func: mpu_init
expression: mpu_write(PWR_MGMT_1, 0x00)

abort() was called at PC 0x400869a7 on core 0


Backtrace: 0x40081836:0x3ffb4bc0 0x400869b1:0x3ffb4be0 0x4008c0d6:0x3ffb4c00 0x400869a7:0x3ffb4c70 0x400d5774:0x3ffb4ca0 0x400d5941:0x3ffb4cc0 0x400e6a9c:0x3ffb4d30 0x40089061:0x3ffb4d60




ELF file SHA256: 829f3b8f6605c7ef

Rebooting...
ets Jul 29 2019 12:21:46

rst:0xc (SW_CPU_RESET),boot:0x13 (SPI_FAST_FLASH_BOOT)
configsip: 0, SPIWP:0xee
clk_drv:0x00,q_drv:0x00,d_drv:0x00,cs0_drv:0x00,hd_drv:0x00,wp_drv:0x00
mode:DIO, clock div:2
load:0x3fff0030,len:7084
ho 0 tail 12 room 4
load:0x40078000,len:15584
load:0x40080400,len:4
load:0x40080404,len:3876
entry 0x4008064c
[0;32mI (31) boot: ESP-IDF v5.1.2-dirty 2nd stage bootloader[0m
[0;32mI (31) boot: compile time Aug 12 2025 22:54:49[0m
[0;32mI (31) boot: Multicore bootloader[0m
[0;32mI (36) boot: chip revision: v3.1[0m
[0;32mI (40) boot.esp32: SPI Speed      : 40MHz[0m
[0;32mI (44) boot.esp32: SPI Mode       : DIO[0m
[0;32mI (49) boot.esp32: SPI Flash Size : 2MB[0m
[0;32mI (53) boot: Enabling RNG early entropy source...[0m
[0;32mI (59) boot: Partition Table:[0m
[0;32mI (62) boot: ## Label            Usage          Type ST Offset   Length[0m
[0;32mI (70) boot:  0 nvs              WiFi data        01 02 00009000 00006000[0m
[0;32mI (77) boot:  1 phy_init         RF data          01 01 0000f000 00001000[0m
[0;32mI (85) boot:  2 factory          factory app      00 00 00010000 00100000[0m
[0;32mI (92) boot: End of partition table[0m
[0;32mI (96) esp_image: segment 0: paddr=00010020 vaddr=3f400020 size=0add8h ( 44504) map[0m
[0;32mI (121) esp_image: segment 1: paddr=0001ae00 vaddr=3ff80000 size=00004h (     4) load[0m
[0;32mI (121) esp_image: segment 2: paddr=0001ae0c vaddr=3ffb0000 size=02188h (  8584) load[0m
[0;32mI (130) esp_image: segment 3: paddr=0001cf9c vaddr=40080000 size=0307ch ( 12412) load[0m
[0;32mI (140) esp_image: segment 4: paddr=00020020 vaddr=400d0020 size=1722ch ( 94764) map[0m
[0;32mI (178) esp_image: segment 5: paddr=00037254 vaddr=4008307c size=0a514h ( 42260) load[0m
[0;32mI (202) boot: Loaded app from partition at offset 0x10000[0m
[0;32mI (202) boot: Disabling RNG early entropy source...[0m
[0;32mI (214) cpu_start: Multicore app[0m
[0;32mI (214) cpu_start: Pro cpu up.[0m
[0;32mI (214) cpu_start: Starting app cpu, entry point is 0x40081204[0m
[0;32mI (202) cpu_start: App cpu up.[0m
[0;32mI (232) cpu_start: Pro cpu start user code[0m
[0;32mI (232) cpu_start: cpu freq: 160000000 Hz[0m
[0;32mI (232) cpu_start: Application information:[0m
[0;32mI (237) cpu_start: Project name:     flexsonic[0m
[0;32mI (242) cpu_start: App version:      1[0m
[0;32mI (247) cpu_start: Compile time:     Aug 12 2025 22:54:29[0m
[0;32mI (253) cpu_start: ELF file SHA256:  829f3b8f6605c7ef...[0m
[0;32mI (259) cpu_start: ESP-IDF:          v5.1.2-dirty[0m
[0;32mI (264) cpu_start: Min chip rev:     v0.0[0m
[0;32mI (269) cpu_start: Max chip rev:     v3.99 [0m
[0;32mI (274) cpu_start: Chip rev:         v3.1[0m
[0;32mI (279) heap_init: Initializing. RAM available for dynamic allocation:[0m
[0;32mI (286) heap_init: At 3FFAE6E0 len 00001920 (6 KiB): DRAM[0m
[0;32mI (292) heap_init: At 3FFB2A30 len 0002D5D0 (181 KiB): DRAM[0m
[0;32mI (298) heap_init: At 3FFE0440 len 00003AE0 (14 KiB): D/IRAM[0m
[0;32mI (304) heap_init: At 3FFE4350 len 0001BCB0 (111 KiB): D/IRAM[0m
[0;32mI (311) heap_init: At 4008D590 len 00012A70 (74 KiB): IRAM[0m
[0;32mI (318) spi_flash: detected chip: generic[0m
[0;32mI (322) spi_flash: flash io: dio[0m
[0;33mW (325) spi_flash: Detected size(4096k) larger than the size in the binary image header(2048k). Using the size in the binary image header.[0m
[0;32mI (339) app_start: Starting scheduler on CPU0[0m
[0;32mI (344) app_start: Starting scheduler on CPU1[0m
[0;32mI (344) main_task: Started on CPU0[0m
[0;32mI (354) main_task: Calling app_main()[0m
ESP_ERROR_CHECK failed: esp_err_t 0xffffffff (ESP_FAIL) at 0x400d5774
file: "./main/flexsonic.c" line 92
func: mpu_init
expression: mpu_write(PWR_MGMT_1, 0x00)

abort() was called at PC 0x400869a7 on core 0


Backtrace: 0x40081836:0x3ffb4bc0 0x400869b1:0x3ffb4be0 0x4008c0d6:0x3ffb4c00 0x400869a7:0x3ffb4c70 0x400d5774:0x3ffb4ca0 0x400d5941:0x3ffb4cc0 0x400e6a9c:0x3ffb4d30 0x40089061:0x3ffb4d60




ELF file SHA256: 829f3b8f6605c7ef

Rebooting...
ets Jul 29 2019 12:21:46

rst:0xc (SW_CPU_RESET),boot:0x13 (SPI_FAST_FLASH_BOOT)
configsip: 0, SPIWP:0xee
clk_drv:0x00,q_drv:0x00,d_drv:0x00,cs0_drv:0x00,hd_drv:0x00,wp_drv:0x00
mode:DIO, clock div:2
load:0x3fff0030,len:7084
ho 0 tail 12 room 4
load:0x40078000,len:15584
load:0x40080400,len:4
load:0x40080404,len:3876
entry 0x4008064c
[0;32mI (31) boot: ESP-IDF v5.1.2-dirty 2nd stage bootloader[0m
[0;32mI (31) boot: compile time Aug 12 2025 22:54:49[0m
[0;32mI (31) boot: Multicore bootloader[0m
[0;32mI (36) boot: chip revision: v3.1[0m
[0;32mI (40) boot.esp32: SPI Speed      : 40MHz[0m
[0;32mI (44) boot.esp32: SPI Mode       : DIO[0m
[0;32mI (49) boot.esp32: SPI Flash Size : 2MB[0m
[0;32mI (53) boot: Enabling RNG early entropy source...[0m
[0;32mI (59) boot: Partition Table:[0m
[0;32mI (62) boot: ## Label            Usage          Type ST Offset   Length[0m
[0;32mI (70) boot:  0 nvs              WiFi data        01 02 00009000 00006000[0m
[0;32mI (77) boot:  1 phy_init         RF data          01 01 0000f000 00001000[0m
[0;32mI (85) boot:  2 factory          factory app      00 00 00010000 00100000[0m
[0;32mI (92) boot: End of partition table[0m
[0;32mI (96) esp_image: segment 0: paddr=00010020 vaddr=3f400020 size=0add8h ( 44504) map[0m
[0;32mI (121) esp_image: segment 1: paddr=0001ae00 vaddr=3ff80000 size=00004h (     4) load[0m
[0;32mI (121) esp_image: segment 2: paddr=0001ae0c vaddr=3ffb0000 size=02188h (  8584) load[0m
[0;32mI (130) esp_image: segment 3: paddr=0001cf9c vaddr=40080000 size=0307ch ( 12412) load[0m
[0;32mI (140) esp_image: segment 4: paddr=00020020 vaddr=400d0020 size=1722ch ( 94764) map[0m
[0;32mI (178) esp_image: segment 5: paddr=00037254 vaddr=4008307c size=0a514h ( 42260) load[0m
[0;32mI (202) boot: Loaded app from partition at offset 0x10000[0m
[0;32mI (202) boot: Disabling RNG early entropy source...[0m
[0;32mI (214) cpu_start: Multicore app[0m
[0;32mI (214) cpu_start: Pro cpu up.[0m
[0;32mI (214) cpu_start: Starting app cpu, entry point is 0x40081204[0m
[0;32mI (202) cpu_start: App cpu up.[0m
[0;32mI (232) cpu_start: Pro cpu start user code[0m
[0;32mI (232) cpu_start: cpu freq: 160000000 Hz[0m
[0;32mI (232) cpu_start: Application information:[0m
[0;32mI (237) cpu_start: Project name:     flexsonic[0m
[0;32mI (242) cpu_start: App version:      1[0m
[0;32mI (247) cpu_start: Compile time:     Aug 12 2025 22:54:29[0m
[0;32mI (253) cpu_start: ELF file SHA256:  829f3b8f6605c7ef...[0m
[0;32mI (259) cpu_start: ESP-IDF:          v5.1.2-dirty[0m
[0;32mI (264) cpu_start: Min chip rev:     v0.0[0m
[0;32mI (269) cpu_start: Max chip rev:     v3.99 [0m
[0;32mI (274) cpu_start: Chip rev:         v3.1[0m
[0;32mI (279) heap_init: Initializing. RAM available for dynamic allocation:[0m
[0;32mI (286) heap_init: At 3FFAE6E0 len 00001920 (6 KiB): DRAM[0m
[0;32mI (292) heap_init: At 3FFB2A30 len 0002D5D0 (181 KiB): DRAM[0m
[0;32mI (298) heap_init: At 3FFE0440 len 00003AE0 (14 KiB): D/IRAM[0m
[0;32mI (304) heap_init: At 3FFE4350 len 0001BCB0 (111 KiB): D/IRAM[0m
[0;32mI (311) heap_init: At 4008D590 len 00012A70 (74 KiB): IRAM[0m
[0;32mI (318) spi_flash: detected chip: generic[0m
[0;32mI (322) spi_flash: flash io: dio[0m
[0;33mW (325) spi_flash: Detected size(4096k) larger than the size in the binary image header(2048k). Using the size in the binary image header.[0m
[0;32mI (339) app_start: Starting scheduler on CPU0[0m
[0;32mI (344) app_start: Starting scheduler on CPU1[0m
[0;32mI (344) main_task: Started on CPU0[0m
[0;32mI (354) main_task: Calling app_main()[0m
ESP_ERROR_CHECK failed: esp_err_t 0xffffffff (ESP_FAIL) at 0x400d5774
file: "./main/flexsonic.c" line 92
func: mpu_init
expression: mpu_write(PWR_MGMT_1, 0x00)

abort() was called at PC 0x400869a7 on core 0


Backtrace: 0x40081836:0x3ffb4bc0 0x400869b1:0x3ffb4be0 0x4008c0d6:0x3ffb4c00 0x400869a7:0x3ffb4c70 0x400d5774:0x3ffb4ca0 0x400d5941:0x3ffb4cc0 0x400e6a9c:0x3ffb4d30 0x40089061:0x3ffb4d60




ELF file SHA256: 829f3b8f6605c7ef

Rebooting...
ets Jul 29 2019 12:21:46

rst:0xc (SW_CPU_RESET),boot:0x13 (SPI_FAST_FLASH_BOOT)
configsip: 0, SPIWP:0xee
clk_drv:0x00,q_drv:0x00,d_drv:0x00,cs0_drv:0x00,hd_drv:0x00,wp_drv:0x00
mode:DIO, clock div:2
load:0x3fff0030,len:7084
ho 0 tail 12 room 4
load:0x40078000,len:15584
load:0x40080400,len:4
load:0x40080404,len:3876
entry 0x4008064c
[0;32mI (31) boot: ESP-IDF v5.1.2-dirty 2nd stage bootloader[0m
[0;32mI (31) boot: compile time Aug 12 2025 22:54:49[0m
[0;32mI (31) boot: Multicore bootloader[0m
[0;32mI (36) boot: chip revision: v3.1[0m
[0;32mI (40) boot.esp32: SPI Speed      : 40MHz[0m
[0;32mI (44) boot.esp32: SPI Mode       : DIO[0m
[0;32mI (49) boot.esp32: SPI Flash Size : 2MB[0m
[0;32mI (53) boot: Enabling RNG early entropy source...[0m
[0;32mI (59) boot: Partition Table:[0m
[0;32mI (62) boot: ## Label            Usage          Type ST Offset   Length[0m
[0;32mI (70) boot:  0 nvs              WiFi data        01 02 00009000 00006000[0m
[0;32mI (77) boot:  1 phy_init         RF data          01 01 0000f000 00001000[0m
[0;32mI (85) boot:  2 factory          factory app      00 00 00010000 00100000[0m
[0;32mI (92) boot: End of partition table[0m
[0;32mI (96) esp_image: segment 0: paddr=00010020 vaddr=3f400020 size=0add8h ( 44504) map[0m
[0;32mI (121) esp_image: segment 1: paddr=0001ae00 vaddr=3ff80000 size=00004h (     4) load[0m
[0;32mI (121) esp_image: segment 2: paddr=0001ae0c vaddr=3ffb0000 size=02188h (  8584) load[0m
[0;32mI (130) esp_image: segment 3: paddr=0001cf9c vaddr=40080000 size=0307ch ( 12412) load[0m
[0;32mI (140) esp_image: segment 4: paddr=00020020 vaddr=400d0020 size=1722ch ( 94764) map[0m
[0;32mI (178) esp_image: segment 5: paddr=00037254 vaddr=4008307c size=0a514h ( 42260) load[0m
[0;32mI (202) boot: Loaded app from partition at offset 0x10000[0m
[0;32mI (202) boot: Disabling RNG early entropy source...[0m
[0;32mI (214) cpu_start: Multicore app[0m
[0;32mI (214) cpu_start: Pro cpu up.[0m
[0;32mI (214) cpu_start: Starting app cpu, entry point is 0x40081204[0m
[0;32mI (202) cpu_start: App cpu up.[0m
[0;32mI (232) cpu_start: Pro cpu start user code[0m
[0;32mI (232) cpu_start: cpu freq: 160000000 Hz[0m
[0;32mI (232) cpu_start: Application information:[0m
[0;32mI (237) cpu_start: Project name:     flexsonic[0m
[0;32mI (242) cpu_start: App version:      1[0m
[0;32mI (247) cpu_start: Compile time:     Aug 12 2025 22:54:29[0m
[0;32mI (253) cpu_start: ELF file SHA256:  829f3b8f6605c7ef...[0m
[0;32mI (259) cpu_start: ESP-IDF:          v5.1.2-dirty[0m
[0;32mI (264) cpu_start: Min chip rev:     v0.0[0m
[0;32mI (269) cpu_start: Max chip rev:     v3.99 [0m
[0;32mI (274) cpu_start: Chip rev:         v3.1[0m
[0;32mI (279) heap_init: Initializing. RAM available for dynamic allocation:[0m
[0;32mI (286) heap_init: At 3FFAE6E0 len 00001920 (6 KiB): DRAM[0m
[0;32mI (292) heap_init: At 3FFB2A30 len 0002D5D0 (181 KiB): DRAM[0m
[0;32mI (298) heap_init: At 3FFE0440 len 00003AE0 (14 KiB): D/IRAM[0m
[0;32mI (304) heap_init: At 3FFE4350 len 0001BCB0 (111 KiB): D/IRAM[0m
[0;32mI (311) heap_init: At 4008D590 len 00012A70 (74 KiB): IRAM[0m
[0;32mI (318) spi_flash: detected chip: generic[0m
[0;32mI (322) spi_flash: flash io: dio[0m
[0;33mW (325) spi_flash: Detected size(4096k) larger than the size in the binary image header(2048k). Using the size in the binary image header.[0m
[0;32mI (339) app_start: Starting scheduler on CPU0[0m
[0;32mI (344) app_start: Starting scheduler on CPU1[0m
[0;32mI (344) main_task: Started on CPU0[0m
[0;32mI (354) main_task: Calling app_main()[0m
ESP_ERROR_CHECK failed: esp_err_t 0xffffffff (ESP_FAIL) at 0x400d5774
file: "./main/flexsonic.c" line 92
func: mpu_init
expression: mpu_write(PWR_MGMT_1, 0x00)

abort() was called at PC 0x400869a7 on core 0


Backtrace: 0x40081836:0x3ffb4bc0 0x400869b1:0x3ffb4be0 0x4008c0d6:0x3ffb4c00 0x400869a7:0x3ffb4c70 0x400d5774:0x3ffb4ca0 0x400d5941:0x3ffb4cc0 0x400e6a9c:0x3ffb4d30 0x40089061:0x3ffb4d60




ELF file SHA256: 829f3b8f6605c7ef

Rebooting...
ets Jul 29 2019 12:21:46

rst:0xc (SW_CPU_RESET),boot:0x13 (SPI_FAST_FLASH_BOOT)
configsip: 0, SPIWP:0xee
clk_drv:0x00,q_drv:0x00,d_drv:0x00,cs0_drv:0x00,hd_drv:0x00,wp_drv:0x00
mode:DIO, clock div:2
load:0x3fff0030,len:7084
ho 0 tail 12 room 4
load:0x40078000,len:15584
load:0x40080400,len:4
load:0x40080404,len:3876
entry 0x4008064c
[0;32mI (31) boot: ESP-IDF v5.1.2-dirty 2nd stage bootloader[0m
[0;32mI (31) boot: compile time Aug 12 2025 22:54:49[0m
[0;32mI (31) boot: Multicore bootloader[0m
[0;32mI (36) boot: chip revision: v3.1[0m
[0;32mI (40) boot.esp32: SPI Speed      : 40MHz[0m
[0;32mI (44) boot.esp32: SPI Mode       : DIO[0m
[0;32mI (49) boot.esp32: SPI Flash Size : 2MB[0m
[0;32mI (53) boot: Enabling RNG early entropy source...[0m
[0;32mI (59) boot: Partition Table:[0m
[0;32mI (62) boot: ## Label            Usage          Type ST Offset   Length[0m
[0;32mI (70) boot:  0 nvs              WiFi data        01 02 00009000 00006000[0m
[0;32mI (77) boot:  1 phy_init         RF data          01 01 0000f000 00001000[0m
[0;32mI (85) boot:  2 factory          factory app      00 00 00010000 00100000[0m
[0;32mI (92) boot: End of partition table[0m
[0;32mI (96) esp_image: segment 0: paddr=00010020 vaddr=3f400020 size=0add8h ( 44504) map[0m
[0;32mI (121) esp_image: segment 1: paddr=0001ae00 vaddr=3ff80000 size=00004h (     4) load[0m
[0;32mI (121) esp_image: segment 2: paddr=0001ae0c vaddr=3ffb0000 size=02188h (  8584) load[0m
[0;32mI (130) esp_image: segment 3: paddr=0001cf9c vaddr=40080000 size=0307ch ( 12412) load[0m
[0;32mI (140) esp_image: segment 4: paddr=00020020 vaddr=400d0020 size=1722ch ( 94764) map[0m
[0;32mI (178) esp_image: segment 5: paddr=00037254 vaddr=4008307c size=0a514h ( 42260) load[0m
[0;32mI (202) boot: Loaded app from partition at offset 0x10000[0m
[0;32mI (202) boot: Disabling RNG early entropy source...[0m
[0;32mI (214) cpu_start: Multicore app[0m
[0;32mI (214) cpu_start: Pro cpu up.[0m
[0;32mI (214) cpu_start: Starting app cpu, entry point is 0x40081204[0m
[0;32mI (202) cpu_start: App cpu up.[0m
[0;32mI (232) cpu_start: Pro cpu start user code[0m
[0;32mI (232) cpu_start: cpu freq: 160000000 Hz[0m
[0;32mI (232) cpu_start: Application information:[0m
[0;32mI (237) cpu_start: Project name:     flexsonic[0m
[0;32mI (242) cpu_start: App version:      1[0m
[0;32mI (247) cpu_start: Compile time:     Aug 12 2025 22:54:29[0m
[0;32mI (253) cpu_start: ELF file SHA256:  829f3b8f6605c7ef...[0m
[0;32mI (259) cpu_start: ESP-IDF:          v5.1.2-dirty[0m
[0;32mI (264) cpu_start: Min chip rev:     v0.0[0m
[0;32mI (269) cpu_start: Max chip rev:     v3.99 [0m
[0;32mI (274) cpu_start: Chip rev:         v3.1[0m
[0;32mI (279) heap_init: Initializing. RAM available for dynamic allocation:[0m
[0;32mI (286) heap_init: At 3FFAE6E0 len 00001920 (6 KiB): DRAM[0m
[0;32mI (292) heap_init: At 3FFB2A30 len 0002D5D0 (181 KiB): DRAM[0m
[0;32mI (298) heap_init: At 3FFE0440 len 00003AE0 (14 KiB): D/IRAM[0m
[0;32mI (304) heap_init: At 3FFE4350 len 0001BCB0 (111 KiB): D/IRAM[0m
[0;32mI (311) heap_init: At 4008D590 len 00012A70 (74 KiB): IRAM[0m
[0;32mI (318) spi_flash: detected chip: generic[0m
[0;32mI (322) spi_flash: flash io: dio[0m
[0;33mW (325) spi_flash: Detected size(4096k) larger than the size in the binary image header(2048k). Using the size in the binary image header.[0m
[0;32mI (339) app_start: Starting scheduler on CPU0[0m
[0;32mI (344) app_start: Starting scheduler on CPU1[0m
[0;32mI (344) main_task: Started on CPU0[0m
[0;32mI (354) main_task: Calling app_main()[0m
ESP_ERROR_CHECK failed: esp_err_t 0xffffffff (ESP_FAIL) at 0x400d5774
file: "./main/flexsonic.c" line 92
func: mpu_init
expression: mpu_write(PWR_MGMT_1, 0x00)

abort() was called at PC 0x400869a7 on core 0


Backtrace: 0x40081836:0x3ffb4bc0 0x400869b1:0x3ffb4be0 0x4008c0d6:0x3ffb4c00 0x400869a7:0x3ffb4c70 0x400d5774:0x3ffb4ca0 0x400d5941:0x3ffb4cc0 0x400e6a9c:0x3ffb4d30 0x40089061:0x3ffb4d60




ELF file SHA256: 829f3b8f6605c7ef

Rebooting...
ets Jul 29 2019 12:21:46

rst:0xc (SW_CPU_RESET),boot:0x13 (SPI_FAST_FLASH_BOOT)
configsip: 0, SPIWP:0xee
clk_drv:0x00,q_drv:0x00,d_drv:0x00,cs0_drv:0x00,hd_drv:0x00,wp_drv:0x00
mode:DIO, clock div:2
load:0x3fff0030,len:7084
ho 0 tail 12 room 4
load:0x40078000,len:15584
load:0x40080400,len:4
load:0x40080404,len:3876
entry 0x4008064c
[0;32mI (31) boot: ESP-IDF v5.1.2-dirty 2nd stage bootloader[0m
[0;32mI (31) boot: compile time Aug 12 2025 22:54:49[0m
[0;32mI (31) boot: Multicore bootloader[0m
[0;32mI (36) boot: chip revision: v3.1[0m
[0;32mI (40) boot.esp32: SPI Speed      : 40MHz[0m
[0;32mI (44) boot.esp32: SPI Mode       : DIO[0m
[0;32mI (49) boot.esp32: SPI Flash Size : 2MB[0m
[0;32mI (53) boot: Enabling RNG early entropy source...[0m
[0;32mI (59) boot: Partition Table:[0m
[0;32mI (62) boot: ## Label            Usage          Type ST Offset   Length[0m
[0;32mI (70) boot:  0 nvs              WiFi data        01 02 00009000 00006000[0m
[0;32mI (77) boot:  1 phy_init         RF data          01 01 0000f000 00001000[0m
[0;32mI (85) boot:  2 factory          factory app      00 00 00010000 00100000[0m
[0;32mI (92) boot: End of partition table[0m
[0;32mI (96) esp_image: segment 0: paddr=00010020 vaddr=3f400020 size=0add8h ( 44504) map[0m
[0;32mI (121) esp_image: segment 1: paddr=0001ae00 vaddr=3ff80000 size=00004h (     4) load[0m
[0;32mI (121) esp_image: segment 2: paddr=0001ae0c vaddr=3ffb0000 size=02188h (  8584) load[0m
[0;32mI (130) esp_image: segment 3: paddr=0001cf9c vaddr=40080000 size=0307ch ( 12412) load[0m
[0;32mI (140) esp_image: segment 4: paddr=00020020 vaddr=400d0020 size=1722ch ( 94764) map[0m
[0;32mI (178) esp_image: segment 5: paddr=00037254 vaddr=4008307c size=0a514h ( 42260) load[0m
[0;32mI (202) boot: Loaded app from partition at offset 0x10000[0m
[0;32mI (202) boot: Disabling RNG early entropy source...[0m
[0;32mI (214) cpu_start: Multicore app[0m
[0;32mI (214) cpu_start: Pro cpu up.[0m
[0;32mI (214) cpu_start: Starting app cpu, entry point is 0x40081204[0m
[0;32mI (202) cpu_start: App cpu up.[0m
[0;32mI (232) cpu_start: Pro cpu start user code[0m
[0;32mI (232) cpu_start: cpu freq: 160000000 Hz[0m
[0;32mI (232) cpu_start: Application information:[0m
[0;32mI (237) cpu_start: Project name:     flexsonic[0m
[0;32mI (242) cpu_start: App version:      1[0m
[0;32mI (247) cpu_start: Compile time:     Aug 12 2025 22:54:29[0m
[0;32mI (253) cpu_start: ELF file SHA256:  829f3b8f6605c7ef...[0m
[0;32mI (259) cpu_start: ESP-IDF:          v5.1.2-dirty[0m
[0;32mI (264) cpu_start: Min chip rev:     v0.0[0m
[0;32mI (269) cpu_start: Max chip rev:     v3.99 [0m
[0;32mI (274) cpu_start: Chip rev:         v3.1[0m
[0;32mI (279) heap_init: Initializing. RAM available for dynamic allocation:[0m
[0;32mI (286) heap_init: At 3FFAE6E0 len 00001920 (6 KiB): DRAM[0m
[0;32mI (292) heap_init: At 3FFB2A30 len 0002D5D0 (181 KiB): DRAM[0m
[0;32mI (298) heap_init: At 3FFE0440 len 00003AE0 (14 KiB): D/IRAM[0m
[0;32mI (304) heap_init: At 3FFE4350 len 0001BCB0 (111 KiB): D/IRAM[0m
[0;32mI (311) heap_init: At 4008D590 len 00012A70 (74 KiB): IRAM[0m
[0;32mI (318) spi_flash: detected chip: generic[0m
[0;32mI (322) spi_flash: flash io: dio[0m
[0;33mW (325) spi_flash: Detected size(4096k) larger than the size in the binary image header(2048k). Using the size in the binary image header.[0m
[0;32mI (339) app_start: Starting scheduler on CPU0[0m
[0;32mI (344) app_start: Starting scheduler on CPU1[0m
[0;32mI (344) main_task: Started on CPU0[0m
[0;32mI (354) main_task: Calling app_main()[0m
ESP_ERROR_CHECK failed: esp_err_t 0xffffffff (ESP_FAIL) at 0x400d5774
file: "./main/flexsonic.c" line 92
func: mpu_init
expression: mpu_write(PWR_MGMT_1, 0x00)

abort() was called at PC 0x400869a7 on core 0


Backtrace: 0x40081836:0x3ffb4bc0 0x400869b1:0x3ffb4be0 0x4008c0d6:0x3ffb4c00 0x400869a7:0x3ffb4c70 0x400d5774:0x3ffb4ca0 0x400d5941:0x3ffb4cc0 0x400e6a9c:0x3ffb4d30 0x40089061:0x3ffb4d60




ELF file SHA256: 829f3b8f6605c7ef

Rebooting...
ets Jul 29 2019 12:21:46

rst:0xc (SW_CPU_RESET),boot:0x13 (SPI_FAST_FLASH_BOOT)
configsip: 0, SPIWP:0xee
clk_drv:0x00,q_drv:0x00,d_drv:0x00,cs0_drv:0x00,hd_drv:0x00,wp_drv:0x00
mode:DIO, clock div:2
load:0x3fff0030,len:7084
ho 0 tail 12 room 4
load:0x40078000,len:15584
load:0x40080400,len:4
load:0x40080404,len:3876
entry 0x4008064c
[0;32mI (31) boot: ESP-IDF v5.1.2-dirty 2nd stage bootloader[0m
[0;32mI (31) boot: compile time Aug 12 2025 22:54:49[0m
[0;32mI (31) boot: Multicore bootloader[0m
[0;32mI (36) boot: chip revision: v3.1[0m
[0;32mI (40) boot.esp32: SPI Speed      : 40MHz[0m
[0;32mI (44) boot.esp32: SPI Mode       : DIO[0m
[0;32mI (49) boot.esp32: SPI Flash Size : 2MB[0m
[0;32mI (53) boot: Enabling RNG early entropy source...[0m
[0;32mI (59) boot: Partition Table:[0m
[0;32mI (62) boot: ## Label            Usage          Type ST Offset   Length[0m
[0;32mI (70) boot:  0 nvs              WiFi data        01 02 00009000 00006000[0m
[0;32mI (77) boot:  1 phy_init         RF data          01 01 0000f000 00001000[0m
[0;32mI (85) boot:  2 factory          factory app      00 00 00010000 00100000[0m
[0;32mI (92) boot: End of partition table[0m
[0;32mI (96) esp_image: segment 0: paddr=00010020 vaddr=3f400020 size=0add8h ( 44504) map[0m
[0;32mI (121) esp_image: segment 1: paddr=0001ae00 vaddr=3ff80000 size=00004h (     4) load[0m
[0;32mI (121) esp_image: segment 2: paddr=0001ae0c vaddr=3ffb0000 size=02188h (  8584) load[0m
[0;32mI (130) esp_image: segment 3: paddr=0001cf9c vaddr=40080000 size=0307ch ( 12412) load[0m
[0;32mI (140) esp_image: segment 4: paddr=00020020 vaddr=400d0020 size=1722ch ( 94764) map[0m
[0;32mI (178) esp_image: segment 5: paddr=00037254 vaddr=4008307c size=0a514h ( 42260) load[0m
[0;32mI (202) boot: Loaded app from partition at offset 0x10000[0m
[0;32mI (202) boot: Disabling RNG early entropy source...[0m
[0;32mI (214) cpu_start: Multicore app[0m
[0;32mI (214) cpu_start: Pro cpu up.[0m
[0;32mI (214) cpu_start: Starting app cpu, entry point is 0x40081204[0m
[0;32mI (202) cpu_start: App cpu up.[0m
[0;32mI (232) cpu_start: Pro cpu start user code[0m
[0;32mI (232) cpu_start: cpu freq: 160000000 Hz[0m
[0;32mI (232) cpu_start: Application information:[0m
[0;32mI (237) cpu_start: Project name:     flexsonic[0m
[0;32mI (242) cpu_start: App version:      1[0m
[0;32mI (247) cpu_start: Compile time:     Aug 12 2025 22:54:29[0m
[0;32mI (253) cpu_start: ELF file SHA256:  829f3b8f6605c7ef...[0m
[0;32mI (259) cpu_start: ESP-IDF:          v5.1.2-dirty[0m
[0;32mI (264) cpu_start: Min chip rev:     v0.0[0m
[0;32mI (269) cpu_start: Max chip rev:     v3.99 [0m
[0;32mI (274) cpu_start: Chip rev:         v3.1[0m
[0;32mI (279) heap_init: Initializing. RAM available for dynamic allocation:[0m
[0;32mI (286) heap_init: At 3FFAE6E0 len 00001920 (6 KiB): DRAM[0m
[0;32mI (292) heap_init: At 3FFB2A30 len 0002D5D0 (181 KiB): DRAM[0m
[0;32mI (298) heap_init: At 3FFE0440 len 00003AE0 (14 KiB): D/IRAM[0m
[0;32mI (304) heap_init: At 3FFE4350 len 0001BCB0 (111 KiB): D/IRAM[0m
[0;32mI (311) heap_init: At 4008D590 len 00012A70 (74 KiB): IRAM[0m
[0;32mI (318) spi_flash: detected chip: generic[0m
[0;32mI (322) spi_flash: flash io: dio[0m
[0;33mW (325) spi_flash: Detected size(4096k) larger than the size in the binary image header(2048k). Using the size in the binary image header.[0m
[0;32mI (339) app_start: Starting scheduler on CPU0[0m
[0;32mI (344) app_start: Starting scheduler on CPU1[0m
[0;32mI (344) main_task: Started on CPU0[0m
[0;32mI (354) main_task: Calling app_main()[0m
ESP_ERROR_CHECK failed: esp_err_t 0xffffffff (ESP_FAIL) at 0x400d5774
file: "./main/flexsonic.c" line 92
func: mpu_init
expression: mpu_write(PWR_MGMT_1, 0x00)

abort() was called at PC 0x400869a7 on core 0


Backtrace: 0x40081836:0x3ffb4bc0 0x400869b1:0x3ffb4be0 0x4008c0d6:0x3ffb4c00 0x400869a7:0x3ffb4c70 0x400d5774:0x3ffb4ca0 0x400d5941:0x3ffb4cc0 0x400e6a9c:0x3ffb4d30 0x40089061:0x3ffb4d60




ELF file SHA256: 829f3b8f6605c7ef

Rebooting...
ets Jul 29 2019 12:21:46

rst:0xc (SW_CPU_RESET),boot:0x13 (SPI_FAST_FLASH_BOOT)
configsip: 0, SPIWP:0xee
clk_drv:0x00,q_drv:0x00,d_drv:0x00,cs0_drv:0x00,hd_drv:0x00,wp_drv:0x00
mode:DIO, clock div:2
load:0x3fff0030,len:7084
ho 0 tail 12 room 4
load:0x40078000,len:15584
load:0x40080400,len:4
load:0x40080404,len:3876
entry 0x4008064c
[0;32mI (31) boot: ESP-IDF v5.1.2-dirty 2nd stage bootloader[0m
[0;32mI (31) boot: compile time Aug 12 2025 22:54:49[0m
[0;32mI (31) boot: Multicore bootloader[0m
[0;32mI (36) boot: chip revision: v3.1[0m
[0;32mI (40) boot.esp32: SPI Speed      : 40MHz[0m
[0;32mI (44) boot.esp32: SPI Mode       : DIO[0m
[0;32mI (49) boot.esp32: SPI Flash Size : 2MB[0m
[0;32mI (53) boot: Enabling RNG early entropy source...[0m
[0;32mI (59) boot: Partition Table:[0m
[0;32mI (62) boot: ## Label            Usage          Type ST Offset   Length[0m
[0;32mI (70) boot:  0 nvs              WiFi data        01 02 00009000 00006000[0m
[0;32mI (77) boot:  1 phy_init         RF data          01 01 0000f000 00001000[0m
[0;32mI (85) boot:  2 factory          factory app      00 00 00010000 00100000[0m
[0;32mI (92) boot: End of partition table[0m
[0;32mI (96) esp_image: segment 0: paddr=00010020 vaddr=3f400020 size=0add8h ( 44504) map[0m
[0;32mI (121) esp_image: segment 1: paddr=0001ae00 vaddr=3ff80000 size=00004h (     4) load[0m
[0;32mI (121) esp_image: segment 2: paddr=0001ae0c vaddr=3ffb0000 size=02188h (  8584) load[0m
[0;32mI (130) esp_image: segment 3: paddr=0001cf9c vaddr=40080000 size=0307ch ( 12412) load[0m
[0;32mI (140) esp_image: segment 4: paddr=00020020 vaddr=400d0020 size=1722ch ( 94764) map[0m
[0;32mI (178) esp_image: segment 5: paddr=00037254 vaddr=4008307c size=0a514h ( 42260) load[0m
[0;32mI (202) boot: Loaded app from partition at offset 0x10000[0m
[0;32mI (202) boot: Disabling RNG early entropy source...[0m
[0;32mI (214) cpu_start: Multicore app[0m
[0;32mI (214) cpu_start: Pro cpu up.[0m
[0;32mI (214) cpu_start: Starting app cpu, entry point is 0x40081204[0m
[0;32mI (202) cpu_start: App cpu up.[0m
[0;32mI (232) cpu_start: Pro cpu start user code[0m
[0;32mI (232) cpu_start: cpu freq: 160000000 Hz[0m
[0;32mI (232) cpu_start: Application information:[0m
[0;32mI (237) cpu_start: Project name:     flexsonic[0m
[0;32mI (242) cpu_start: App version:      1[0m
[0;32mI (247) cpu_start: Compile time:     Aug 12 2025 22:54:29[0m
[0;32mI (253) cpu_start: ELF file SHA256:  829f3b8f6605c7ef...[0m
[0;32mI (259) cpu_start: ESP-IDF:          v5.1.2-dirty[0m
[0;32mI (264) cpu_start: Min chip rev:     v0.0[0m
[0;32mI (269) cpu_start: Max chip rev:     v3.99 [0m
[0;32mI (274) cpu_start: Chip rev:         v3.1[0m
[0;32mI (279) heap_init: Initializing. RAM available for dynamic allocation:[0m
[0;32mI (286) heap_init: At 3FFAE6E0 len 00001920 (6 KiB): DRAM[0m
[0;32mI (292) heap_init: At 3FFB2A30 len 0002D5D0 (181 KiB): DRAM[0m
[0;32mI (298) heap_init: At 3FFE0440 len 00003AE0 (14 KiB): D/IRAM[0m
[0;32mI (304) heap_init: At 3FFE4350 len 0001BCB0 (111 KiB): D/IRAM[0m
[0;32mI (311) heap_init: At 4008D590 len 00012A70 (74 KiB): IRAM[0m
[0;32mI (318) spi_flash: detected chip: generic[0m
[0;32mI (322) spi_flash: flash io: dio[0m
[0;33mW (325) spi_flash: Detected size(4096k) larger than the size in the binary image header(2048k). Using the size in the binary image header.[0m
[0;32mI (339) app_start: Starting scheduler on CPU0[0m
[0;32mI (344) app_start: Starting scheduler on CPU1[0m
[0;32mI (344) main_task: Started on CPU0[0m
[0;32mI (354) main_task: Calling app_main()[0m
ESP_ERROR_CHECK failed: esp_err_t 0xffffffff (ESP_FAIL) at 0x400d5774
file: "./main/flexsonic.c" line 92
func: mpu_init
expression: mpu_write(PWR_MGMT_1, 0x00)

abort() was called at PC 0x400869a7 on core 0


Backtrace: 0x40081836:0x3ffb4bc0 0x400869b1:0x3ffb4be0 0x4008c0d6:0x3ffb4c00 0x400869a7:0x3ffb4c70 0x400d5774:0x3ffb4ca0 0x400d5941:0x3ffb4cc0 0x400e6a9c:0x3ffb4d30 0x40089061:0x3ffb4d60




ELF file SHA256: 829f3b8f6605c7ef

Rebooting...
ets Jul 29 2019 12:21:46

rst:0xc (SW_CPU_RESET),boot:0x13 (SPI_FAST_FLASH_BOOT)
configsip: 0, SPIWP:0xee
clk_drv:0x00,q_drv:0x00,d_drv:0x00,cs0_drv:0x00,hd_drv:0x00,wp_drv:0x00
mode:DIO, clock div:2
load:0x3fff0030,len:7084
ho 0 tail 12 room 4
load:0x40078000,len:15584
load:0x40080400,len:4
load:0x40080404,len:3876
entry 0x4008064c
[0;32mI (31) boot: ESP-IDF v5.1.2-dirty 2nd stage bootloader[0m
[0;32mI (31) boot: compile time Aug 12 2025 22:54:49[0m
[0;32mI (31) boot: Multicore bootloader[0m
[0;32mI (36) boot: chip revision: v3.1[0m
[0;32mI (40) boot.esp32: SPI Speed      : 40MHz[0m
[0;32mI (44) boot.esp32: SPI Mode       : DIO[0m
[0;32mI (49) boot.esp32: SPI Flash Size : 2MB[0m
[0;32mI (53) boot: Enabling RNG early entropy source...[0m
[0;32mI (59) boot: Partition Table:[0m
[0;32mI (62) boot: ## Label            Usage          Type ST Offset   Length[0m
[0;32mI (70) boot:  0 nvs              WiFi data        01 02 00009000 00006000[0m
[0;32mI (77) boot:  1 phy_init         RF data          01 01 0000f000 00001000[0m
[0;32mI (85) boot:  2 factory          factory app      00 00 00010000 00100000[0m
[0;32mI (92) boot: End of partition table[0m
[0;32mI (96) esp_image: segment 0: paddr=00010020 vaddr=3f400020 size=0add8h ( 44504) map[0m
[0;32mI (121) esp_image: segment 1: paddr=0001ae00 vaddr=3ff80000 size=00004h (     4) load[0m
[0;32mI (121) esp_image: segment 2: paddr=0001ae0c vaddr=3ffb0000 size=02188h (  8584) load[0m
[0;32mI (130) esp_image: segment 3: paddr=0001cf9c vaddr=40080000 size=0307ch ( 12412) load[0m
[0;32mI (140) esp_image: segment 4: paddr=00020020 vaddr=400d0020 size=1722ch ( 94764) map[0m
[0;32mI (178) esp_image: segment 5: paddr=00037254 vaddr=4008307c size=0a514h ( 42260) load[0m
[0;32mI (202) boot: Loaded app from partition at offset 0x10000[0m
[0;32mI (202) boot: Disabling RNG early entropy source...[0m
[0;32mI (214) cpu_start: Multicore app[0m
[0;32mI (214) cpu_start: Pro cpu up.[0m
[0;32mI (214) cpu_start: Starting app cpu, entry point is 0x40081204[0m
[0;32mI (202) cpu_start: App cpu up.[0m
[0;32mI (232) cpu_start: Pro cpu start user code[0m
[0;32mI (232) cpu_start: cpu freq: 160000000 Hz[0m
[0;32mI (232) cpu_start: Application information:[0m
[0;32mI (237) cpu_start: Project name:     flexsonic[0m
[0;32mI (242) cpu_start: App version:      1[0m
[0;32mI (247) cpu_start: Compile time:     Aug 12 2025 22:54:29[0m
[0;32mI (253) cpu_start: ELF file SHA256:  829f3b8f6605c7ef...[0m
[0;32mI (259) cpu_start: ESP-IDF:          v5.1.2-dirty[0m
[0;32mI (264) cpu_start: Min chip rev:     v0.0[0m
[0;32mI (269) cpu_start: Max chip rev:     v3.99 [0m
[0;32mI (274) cpu_start: Chip rev:         v3.1[0m
[0;32mI (279) heap_init: Initializing. RAM available for dynamic allocation:[0m
[0;32mI (286) heap_init: At 3FFAE6E0 len 00001920 (6 KiB): DRAM[0m
[0;32mI (292) heap_init: At 3FFB2A30 len 0002D5D0 (181 KiB): DRAM[0m
[0;32mI (298) heap_init: At 3FFE0440 len 00003AE0 (14 KiB): D/IRAM[0m
[0;32mI (304) heap_init: At 3FFE4350 len 0001BCB0 (111 KiB): D/IRAM[0m
[0;32mI (311) heap_init: At 4008D590 len 00012A70 (74 KiB): IRAM[0m
[0;32mI (318) spi_flash: detected chip: generic[0m
[0;32mI (322) spi_flash: flash io: dio[0m
[0;33mW (325) spi_flash: Detected size(4096k) larger than the size in the binary image header(2048k). Using the size in the binary image header.[0m
[0;32mI (339) app_start: Starting scheduler on CPU0[0m
[0;32mI (344) app_start: Starting scheduler on CPU1[0m
[0;32mI (344) main_task: Started on CPU0[0m
[0;32mI (354) main_task: Calling app_main()[0m
ESP_ERROR_CHECK failed: esp_err_t 0xffffffff (ESP_FAIL) at 0x400d5774
file: "./main/flexsonic.c" line 92
func: mpu_init
expression: mpu_write(PWR_MGMT_1, 0x00)

abort() was called at PC 0x400869a7 on core 0


Backtrace: 0x40081836:0x3ffb4bc0 0x400869b1:0x3ffb4be0 0x4008c0d6:0x3ffb4c00 0x400869a7:0x3ffb4c70 0x400d5774:0x3ffb4ca0 0x400d5941:0x3ffb4cc0 0x400e6a9c:0x3ffb4d30 0x40089061:0x3ffb4d60




ELF file SHA256: 829f3b8f6605c7ef

Rebooting...
ets Jul 29 2019 12:21:46

rst:0xc (SW_CPU_RESET),boot:0x13 (SPI_FAST_FLASH_BOOT)
configsip: 0, SPIWP:0xee
clk_drv:0x00,q_drv:0x00,d_drv:0x00,cs0_drv:0x00,hd_drv:0x00,wp_drv:0x00
mode:DIO, clock div:2
load:0x3fff0030,len:7084
ho 0 tail 12 room 4
load:0x40078000,len:15584
load:0x40080400,len:4
load:0x40080404,len:3876
entry 0x4008064c
[0;32mI (31) boot: ESP-IDF v5.1.2-dirty 2nd stage bootloader[0m
[0;32mI (31) boot: compile time Aug 12 2025 22:54:49[0m
[0;32mI (31) boot: Multicore bootloader[0m
[0;32mI (36) boot: chip revision: v3.1[0m
[0;32mI (40) boot.esp32: SPI Speed      : 40MHz[0m
[0;32mI (44) boot.esp32: SPI Mode       : DIO[0m
[0;32mI (49) boot.esp32: SPI Flash Size : 2MB[0m
[0;32mI (53) boot: Enabling RNG early entropy source...[0m
[0;32mI (59) boot: Partition Table:[0m
[0;32mI (62) boot: ## Label            Usage          Type ST Offset   Length[0m
[0;32mI (70) boot:  0 nvs              WiFi data        01 02 00009000 00006000[0m
[0;32mI (77) boot:  1 phy_init         RF data          01 01 0000f000 00001000[0m
[0;32mI (85) boot:  2 factory          factory app      00 00 00010000 00100000[0m
[0;32mI (92) boot: End of partition table[0m
[0;32mI (96) esp_image: segment 0: paddr=00010020 vaddr=3f400020 size=0add8h ( 44504) map[0m
[0;32mI (121) esp_image: segment 1: paddr=0001ae00 vaddr=3ff80000 size=00004h (     4) load[0m
[0;32mI (121) esp_image: segment 2: paddr=0001ae0c vaddr=3ffb0000 size=02188h (  8584) load[0m
[0;32mI (130) esp_image: segment 3: paddr=0001cf9c vaddr=40080000 size=0307ch ( 12412) load[0m
[0;32mI (140) esp_image: segment 4: paddr=00020020 vaddr=400d0020 size=1722ch ( 94764) map[0m
[0;32mI (178) esp_image: segment 5: paddr=00037254 vaddr=4008307c size=0a514h ( 42260) load[0m
[0;32mI (202) boot: Loaded app from partition at offset 0x10000[0m
[0;32mI (202) boot: Disabling RNG early entropy source...[0m
[0;32mI (214) cpu_start: Multicore app[0m
[0;32mI (214) cpu_start: Pro cpu up.[0m
[0;32mI (214) cpu_start: Starting app cpu, entry point is 0x40081204[0m
[0;32mI (202) cpu_start: App cpu up.[0m
[0;32mI (232) cpu_start: Pro cpu start user code[0m
[0;32mI (232) cpu_start: cpu freq: 160000000 Hz[0m
[0;32mI (232) cpu_start: Application information:[0m
[0;32mI (237) cpu_start: Project name:     flexsonic[0m
[0;32mI (242) cpu_start: App version:      1[0m
[0;32mI (247) cpu_start: Compile time:     Aug 12 2025 22:54:29[0m
[0;32mI (253) cpu_start: ELF file SHA256:  829f3b8f6605c7ef...[0m
[0;32mI (259) cpu_start: ESP-IDF:          v5.1.2-dirty[0m
[0;32mI (264) cpu_start: Min chip rev:     v0.0[0m
[0;32mI (269) cpu_start: Max chip rev:     v3.99 [0m
[0;32mI (274) cpu_start: Chip rev:         v3.1[0m
[0;32mI (279) heap_init: Initializing. RAM available for dynamic allocation:[0m
[0;32mI (286) heap_init: At 3FFAE6E0 len 00001920 (6 KiB): DRAM[0m
[0;32mI (292) heap_init: At 3FFB2A30 len 0002D5D0 (181 KiB): DRAM[0m
[0;32mI (298) heap_init: At 3FFE0440 len 00003AE0 (14 KiB): D/IRAM[0m
[0;32mI (304) heap_init: At 3FFE4350 len 0001BCB0 (111 KiB): D/IRAM[0m
[0;32mI (311) heap_init: At 4008D590 len 00012A70 (74 KiB): IRAM[0m
[0;32mI (318) spi_flash: detected chip: generic[0m
[0;32mI (322) spi_flash: flash io: dio[0m
[0;33mW (325) spi_flash: Detected size(4096k) larger than the size in the binary image header(2048k). Using the size in the binary image header.[0m
[0;32mI (339) app_start: Starting scheduler on CPU0[0m
[0;32mI (344) app_start: Starting scheduler on CPU1[0m
[0;32mI (344) main_task: Started on CPU0[0m
[0;32mI (354) main_task: Calling app_main()[0m
ESP_ERROR_CHECK failed: esp_err_t 0xffffffff (ESP_FAIL) at 0x400d5774
file: "./main/flexsonic.c" line 92
func: mpu_init
expression: mpu_write(PWR_MGMT_1, 0x00)

abort() was called at PC 0x400869a7 on core 0


Backtrace: 0x40081836:0x3ffb4bc0 0x400869b1:0x3ffb4be0 0x4008c0d6:0x3ffb4c00 0x400869a7:0x3ffb4c70 0x400d5774:0x3ffb4ca0 0x400d5941:0x3ffb4cc0 0x400e6a9c:0x3ffb4d30 0x40089061:0x3ffb4d60




ELF file SHA256: 829f3b8f6605c7ef

Rebooting...
ets Jul 29 2019 12:21:46

rst:0xc (SW_CPU_RESET),boot:0x13 (SPI_FAST_FLASH_BOOT)
configsip: 0, SPIWP:0xee
clk_drv:0x00,q_drv:0x00,d_drv:0x00,cs0_drv:0x00,hd_drv:0x00,wp_drv:0x00
mode:DIO, clock div:2
load:0x3fff0030,len:7084
ho 0 tail 12 room 4
load:0x40078000,len:15584
load:0x40080400,len:4
load:0x40080404,len:3876
entry 0x4008064c
[0;32mI (31) boot: ESP-IDF v5.1.2-dirty 2nd stage bootloader[0m
[0;32mI (31) boot: compile time Aug 12 2025 22:54:49[0m
[0;32mI (31) boot: Multicore bootloader[0m
[0;32mI (36) boot: chip revision: v3.1[0m
[0;32mI (40) boot.esp32: SPI Speed      : 40MHz[0m
[0;32mI (44) boot.esp32: SPI Mode       : DIO[0m
[0;32mI (49) boot.esp32: SPI Flash Size : 2MB[0m
[0;32mI (53) boot: Enabling RNG early entropy source...[0m
[0;32mI (59) boot: Partition Table:[0m
[0;32mI (62) boot: ## Label            Usage          Type ST Offset   Length[0m
[0;32mI (70) boot:  0 nvs              WiFi data        01 02 00009000 00006000[0m
[0;32mI (77) boot:  1 phy_init         RF data          01 01 0000f000 00001000[0m
[0;32mI (85) boot:  2 factory          factory app      00 00 00010000 00100000[0m
[0;32mI (92) boot: End of partition table[0m
[0;32mI (96) esp_image: segment 0: paddr=00010020 vaddr=3f400020 size=0add8h ( 44504) map[0m
[0;32mI (121) esp_image: segment 1: paddr=0001ae00 vaddr=3ff80000 size=00004h (     4) load[0m
[0;32mI (121) esp_image: segment 2: paddr=0001ae0c vaddr=3ffb0000 size=02188h (  8584) load[0m
[0;32mI (130) esp_image: segment 3: paddr=0001cf9c vaddr=40080000 size=0307ch ( 12412) load[0m
[0;32mI (140) esp_image: segment 4: paddr=00020020 vaddr=400d0020 size=1722ch ( 94764) map[0m
[0;32mI (178) esp_image: segment 5: paddr=00037254 vaddr=4008307c size=0a514h ( 42260) load[0m
[0;32mI (202) boot: Loaded app from partition at offset 0x10000[0m
[0;32mI (202) boot: Disabling RNG early entropy source...[0m
[0;32mI (214) cpu_start: Multicore app[0m
[0;32mI (214) cpu_start: Pro cpu up.[0m
[0;32mI (214) cpu_start: Starting app cpu, entry point is 0x40081204[0m
[0;32mI (202) cpu_start: App cpu up.[0m
[0;32mI (232) cpu_start: Pro cpu start user code[0m
[0;32mI (232) cpu_start: cpu freq: 160000000 Hz[0m
[0;32mI (232) cpu_start: Application information:[0m
[0;32mI (237) cpu_start: Project name:     flexsonic[0m
[0;32mI (242) cpu_start: App version:      1[0m
[0;32mI (247) cpu_start: Compile time:     Aug 12 2025 22:54:29[0m
[0;32mI (253) cpu_start: ELF file SHA256:  829f3b8f6605c7ef...[0m
[0;32mI (259) cpu_start: ESP-IDF:          v5.1.2-dirty[0m
[0;32mI (264) cpu_start: Min chip rev:     v0.0[0m
[0;32mI (269) cpu_start: Max chip rev:     v3.99 [0m
[0;32mI (274) cpu_start: Chip rev:         v3.1[0m
[0;32mI (279) heap_init: Initializing. RAM available for dynamic allocation:[0m
[0;32mI (286) heap_init: At 3FFAE6E0 len 00001920 (6 KiB): DRAM[0m
[0;32mI (292) heap_init: At 3FFB2A30 len 0002D5D0 (181 KiB): DRAM[0m
[0;32mI (298) heap_init: At 3FFE0440 len 00003AE0 (14 KiB): D/IRAM[0m
[0;32mI (304) heap_init: At 3FFE4350 len 0001BCB0 (111 KiB): D/IRAM[0m
[0;32mI (311) heap_init: At 4008D590 len 00012A70 (74 KiB): IRAM[0m
[0;32mI (318) spi_flash: detected chip: generic[0m
[0;32mI (322) spi_flash: flash io: dio[0m
[0;33mW (325) spi_flash: Detected size(4096k) larger than the size in the binary image header(2048k). Using the size in the binary image header.[0m
[0;32mI (339) app_start: Starting scheduler on CPU0[0m
[0;32mI (344) app_start: Starting scheduler on CPU1[0m
[0;32mI (344) main_task: Started on CPU0[0m
[0;32mI (354) main_task: Calling app_main()[0m
ESP_ERROR_CHECK failed: esp_err_t 0xffffffff (ESP_FAIL) at 0x400d5774
file: "./main/flexsonic.c" line 92
func: mpu_init
expression: mpu_write(PWR_MGMT_1, 0x00)

abort() was called at PC 0x400869a7 on core 0


Backtrace: 0x40081836:0x3ffb4bc0 0x400869b1:0x3ffb4be0 0x4008c0d6:0x3ffb4c00 0x400869a7:0x3ffb4c70 0x400d5774:0x3ffb4ca0 0x400d5941:0x3ffb4cc0 0x400e6a9c:0x3ffb4d30 0x40089061:0x3ffb4d60




ELF file SHA256: 829f3b8f6605c7ef

Rebooting...
ets Jul 29 2019 12:21:46

rst:0xc (SW_CPU_RESET),boot:0x13 (SPI_FAST_FLASH_BOOT)
configsip: 0, SPIWP:0xee
clk_drv:0x00,q_drv:0x00,d_drv:0x00,cs0_drv:0x00,hd_drv:0x00,wp_drv:0x00
mode:DIO, clock div:2
load:0x3fff0030,len:7084
ho 0 tail 12 room 4
load:0x40078000,len:15584
load:0x40080400,len:4
load:0x40080404,len:3876
entry 0x4008064c
[0;32mI (31) boot: ESP-IDF v5.1.2-dirty 2nd stage bootloader[0m
[0;32mI (31) boot: compile time Aug 12 2025 22:54:49[0m
[0;32mI (31) boot: Multicore bootloader[0m
[0;32mI (36) boot: chip revision: v3.1[0m
[0;32mI (40) boot.esp32: SPI Speed      : 40MHz[0m
[0;32mI (44) boot.esp32: SPI Mode       : DIO[0m
[0;32mI (49) boot.esp32: SPI Flash Size : 2MB[0m
[0;32mI (53) boot: Enabling RNG early entropy source...[0m
[0;32mI (59) boot: Partition Table:[0m
[0;32mI (62) boot: ## Label            Usage          Type ST Offset   Length[0m
[0;32mI (70) boot:  0 nvs              WiFi data        01 02 00009000 00006000[0m
[0;32mI (77) boot:  1 phy_init         RF data          01 01 0000f000 00001000[0m
[0;32mI (85) boot:  2 factory          factory app      00 00 00010000 00100000[0m
[0;32mI (92) boot: End of partition table[0m
[0;32mI (96) esp_image: segment 0: paddr=00010020 vaddr=3f400020 size=0add8h ( 44504) map[0m
[0;32mI (121) esp_image: segment 1: paddr=0001ae00 vaddr=3ff80000 size=00004h (     4) load[0m
[0;32mI (121) esp_image: segment 2: paddr=0001ae0c vaddr=3ffb0000 size=02188h (  8584) load[0m
[0;32mI (130) esp_image: segment 3: paddr=0001cf9c vaddr=40080000 size=0307ch ( 12412) load[0m
[0;32mI (140) esp_image: segment 4: paddr=00020020 vaddr=400d0020 size=1722ch ( 94764) map[0m
[0;32mI (178) esp_image: segment 5: paddr=00037254 vaddr=4008307c size=0a514h ( 42260) load[0m
[0;32mI (202) boot: Loaded app from partition at offset 0x10000[0m
[0;32mI (202) boot: Disabling RNG early entropy source...[0m
[0;32mI (214) cpu_start: Multicore app[0m
[0;32mI (214) cpu_start: Pro cpu up.[0m
[0;32mI (214) cpu_start: Starting app cpu, entry point is 0x40081204[0m
[0;32mI (202) cpu_start: App cpu up.[0m
[0;32mI (232) cpu_start: Pro cpu start user code[0m
[0;32mI (232) cpu_start: cpu freq: 160000000 Hz[0m
[0;32mI (232) cpu_start: Application information:[0m
[0;32mI (237) cpu_start: Project name:     flexsonic[0m
[0;32mI (242) cpu_start: App version:      1[0m
[0;32mI (247) cpu_start: Compile time:     Aug 12 2025 22:54:29[0m
[0;32mI (253) cpu_start: ELF file SHA256:  829f3b8f6605c7ef...[0m
[0;32mI (259) cpu_start: ESP-IDF:          v5.1.2-dirty[0m
[0;32mI (264) cpu_start: Min chip rev:     v0.0[0m
[0;32mI (269) cpu_start: Max chip rev:     v3.99 [0m
[0;32mI (274) cpu_start: Chip rev:         v3.1[0m
[0;32mI (279) heap_init: Initializing. RAM available for dynamic allocation:[0m
[0;32mI (286) heap_init: At 3FFAE6E0 len 00001920 (6 KiB): DRAM[0m
[0;32mI (292) heap_init: At 3FFB2A30 len 0002D5D0 (181 KiB): DRAM[0m
[0;32mI (298) heap_init: At 3FFE0440 len 00003AE0 (14 KiB): D/IRAM[0m
[0;32mI (304) heap_init: At 3FFE4350 len 0001BCB0 (111 KiB): D/IRAM[0m
[0;32mI (311) heap_init: At 4008D590 len 00012A70 (74 KiB): IRAM[0m
[0;32mI (318) spi_flash: detected chip: generic[0m
[0;32mI (322) spi_flash: flash io: dio[0m
[0;33mW (325) spi_flash: Detected size(4096k) larger than the size in the binary image header(2048k). Using the size in the binary image header.[0m
[0;32mI (339) app_start: Starting scheduler on CPU0[0m
[0;32mI (344) app_start: Starting scheduler on CPU1[0m
[0;32mI (344) main_task: Started on CPU0[0m
[0;32mI (354) main_task: Calling app_main()[0m
ESP_ERROR_CHECK failed: esp_err_t 0xffffffff (ESP_FAIL) at 0x400d5774
file: "./main/flexsonic.c" line 92
func: mpu_init
expression: mpu_write(PWR_MGMT_1, 0x00)

abort() was called at PC 0x400869a7 on core 0


Backtrace: 0x40081836:0x3ffb4bc0 0x400869b1:0x3ffb4be0 0x4008c0d6:0x3ffb4c00 0x400869a7:0x3ffb4c70 0x400d5774:0x3ffb4ca0 0x400d5941:0x3ffb4cc0 0x400e6a9c:0x3ffb4d30 0x40089061:0x3ffb4d60




ELF file SHA256: 829f3b8f6605c7ef

Rebooting...
ets Jul 29 2019 12:21:46

rst:0xc (SW_CPU_RESET),boot:0x13 (SPI_FAST_FLASH_BOOT)
configsip: 0, SPIWP:0xee
clk_drv:0x00,q_drv:0x00,d_drv:0x00,cs0_drv:0x00,hd_drv:0x00,wp_drv:0x00
mode:DIO, clock div:2
load:0x3fff0030,len:7084
ho 0 tail 12 room 4
load:0x40078000,len:15584
load:0x40080400,len:4
load:0x40080404,len:3876
entry 0x4008064c
[0;32mI (31) boot: ESP-IDF v5.1.2-dirty 2nd stage bootloader[0m
[0;32mI (31) boot: compile time Aug 12 2025 22:54:49[0m
[0;32mI (31) boot: Multicore bootloader[0m
[0;32mI (36) boot: chip revision: v3.1[0m
[0;32mI (40) boot.esp32: SPI Speed      : 40MHz[0m
[0;32mI (44) boot.esp32: SPI Mode       : DIO[0m
[0;32mI (49) boot.esp32: SPI Flash Size : 2MB[0m
[0;32mI (53) boot: Enabling RNG early entropy source...[0m
[0;32mI (59) boot: Partition Table:[0m
[0;32mI (62) boot: ## Label            Usage          Type ST Offset   Length[0m
[0;32mI (70) boot:  0 nvs              WiFi data        01 02 00009000 00006000[0m
[0;32mI (77) boot:  1 phy_init         RF data          01 01 0000f000 00001000[0m
[0;32mI (85) boot:  2 factory          factory app      00 00 00010000 00100000[0m
[0;32mI (92) boot: End of partition table[0m
[0;32mI (96) esp_image: segment 0: paddr=00010020 vaddr=3f400020 size=0add8h ( 44504) map[0m
[0;32mI (121) esp_image: segment 1: paddr=0001ae00 vaddr=3ff80000 size=00004h (     4) load[0m
[0;32mI (121) esp_image: segment 2: paddr=0001ae0c vaddr=3ffb0000 size=02188h (  8584) load[0m
[0;32mI (130) esp_image: segment 3: paddr=0001cf9c vaddr=40080000 size=0307ch ( 12412) load[0m
[0;32mI (140) esp_image: segment 4: paddr=00020020 vaddr=400d0020 size=1722ch ( 94764) map[0m
[0;32mI (178) esp_image: segment 5: paddr=00037254 vaddr=4008307c size=0a514h ( 42260) load[0m
[0;32mI (202) boot: Loaded app from partition at offset 0x10000[0m
[0;32mI (202) boot: Disabling RNG early entropy source...[0m
[0;32mI (214) cpu_start: Multicore app[0m
[0;32mI (214) cpu_start: Pro cpu up.[0m
[0;32mI (214) cpu_start: Starting app cpu, entry point is 0x40081204[0m
[0;32mI (202) cpu_start: App cpu up.[0m
[0;32mI (232) cpu_start: Pro cpu start user code[0m
[0;32mI (232) cpu_start: cpu freq: 160000000 Hz[0m
[0;32mI (232) cpu_start: Application information:[0m
[0;32mI (237) cpu_start: Project name:     flexsonic[0m
[0;32mI (242) cpu_start: App version:      1[0m
[0;32mI (247) cpu_start: Compile time:     Aug 12 2025 22:54:29[0m
[0;32mI (253) cpu_start: ELF file SHA256:  829f3b8f6605c7ef...[0m
[0;32mI (259) cpu_start: ESP-IDF:          v5.1.2-dirty[0m
[0;32mI (264) cpu_start: Min chip rev:     v0.0[0m
[0;32mI (269) cpu_start: Max chip rev:     v3.99 [0m
[0;32mI (274) cpu_start: Chip rev:         v3.1[0m
[0;32mI (279) heap_init: Initializing. RAM available for dynamic allocation:[0m
[0;32mI (286) heap_init: At 3FFAE6E0 len 00001920 (6 KiB): DRAM[0m
[0;32mI (292) heap_init: At 3FFB2A30 len 0002D5D0 (181 KiB): DRAM[0m
[0;32mI (298) heap_init: At 3FFE0440 len 00003AE0 (14 KiB): D/IRAM[0m
[0;32mI (304) heap_init: At 3FFE4350 len 0001BCB0 (111 KiB): D/IRAM[0m
[0;32mI (311) heap_init: At 4008D590 len 00012A70 (74 KiB): IRAM[0m
[0;32mI (318) spi_flash: detected chip: generic[0m
[0;32mI (322) spi_flash: flash io: dio[0m
[0;33mW (325) spi_flash: Detected size(4096k) larger than the size in the binary image header(2048k). Using the size in the binary image header.[0m
[0;32mI (339) app_start: Starting scheduler on CPU0[0m
[0;32mI (344) app_start: Starting scheduler on CPU1[0m
[0;32mI (344) main_task: Started on CPU0[0m
[0;32mI (354) main_task: Calling app_main()[0m
ESP_ERROR_CHECK failed: esp_err_t 0xffffffff (ESP_FAIL) at 0x400d5774
file: "./main/flexsonic.c" line 92
func: mpu_init
expression: mpu_write(PWR_MGMT_1, 0x00)

abort() was called at PC 0x400869a7 on core 0


Backtrace: 0x40081836:0x3ffb4bc0 0x400869b1:0x3ffb4be0 0x4008c0d6:0x3ffb4c00 0x400869a7:0x3ffb4c70 0x400d5774:0x3ffb4ca0 0x400d5941:0x3ffb4cc0 0x400e6a9c:0x3ffb4d30 0x40089061:0x3ffb4d60




ELF file SHA256: 829f3b8f6605c7ef

Rebooting...
ets Jul 29 2019 12:21:46

rst:0xc (SW_CPU_RESET),boot:0x13 (SPI_FAST_FLASH_BOOT)
configsip: 0, SPIWP:0xee
clk_drv:0x00,q_drv:0x00,d_drv:0x00,cs0_drv:0x00,hd_drv:0x00,wp_drv:0x00
mode:DIO, clock div:2
load:0x3fff0030,len:7084
ho 0 tail 12 room 4
load:0x40078000,len:15584
load:0x40080400,len:4
load:0x40080404,len:3876
entry 0x4008064c
[0;32mI (31) boot: ESP-IDF v5.1.2-dirty 2nd stage bootloader[0m
[0;32mI (31) boot: compile time Aug 12 2025 22:54:49[0m
[0;32mI (31) boot: Multicore bootloader[0m
[0;32mI (36) boot: chip revision: v3.1[0m
[0;32mI (40) boot.esp32: SPI Speed      : 40MHz[0m
[0;32mI (44) boot.esp32: SPI Mode       : DIO[0m
[0;32mI (49) boot.esp32: SPI Flash Size : 2MB[0m
[0;32mI (53) boot: Enabling RNG early entropy source...[0m
[0;32mI (59) boot: Partition Table:[0m
[0;32mI (62) boot: ## Label            Usage          Type ST Offset   Length[0m
[0;32mI (70) boot:  0 nvs              WiFi data        01 02 00009000 00006000[0m
[0;32mI (77) boot:  1 phy_init         RF data          01 01 0000f000 00001000[0m
[0;32mI (85) boot:  2 factory          factory app      00 00 00010000 00100000[0m
[0;32mI (92) boot: End of partition table[0m
[0;32mI (96) esp_image: segment 0: paddr=00010020 vaddr=3f400020 size=0add8h ( 44504) map[0m
[0;32mI (121) esp_image: segment 1: paddr=0001ae00 vaddr=3ff80000 size=00004h (     4) load[0m
[0;32mI (121) esp_image: segment 2: paddr=0001ae0c vaddr=3ffb0000 size=02188h (  8584) load[0m
[0;32mI (130) esp_image: segment 3: paddr=0001cf9c vaddr=40080000 size=0307ch ( 12412) load[0m
[0;32mI (140) esp_image: segment 4: paddr=00020020 vaddr=400d0020 size=1722ch ( 94764) map[0m
[0;32mI (178) esp_image: segment 5: paddr=00037254 vaddr=4008307c size=0a514h ( 42260) load[0m
[0;32mI (202) boot: Loaded app from partition at offset 0x10000[0m
[0;32mI (202) boot: Disabling RNG early entropy source...[0m
[0;32mI (214) cpu_start: Multicore app[0m
[0;32mI (214) cpu_start: Pro cpu up.[0m
[0;32mI (214) cpu_start: Starting app cpu, entry point is 0x40081204[0m
[0;32mI (202) cpu_start: App cpu up.[0m
[0;32mI (232) cpu_start: Pro cpu start user code[0m
[0;32mI (232) cpu_start: cpu freq: 160000000 Hz[0m
[0;32mI (232) cpu_start: Application information:[0m
[0;32mI (237) cpu_start: Project name:     flexsonic[0m
[0;32mI (242) cpu_start: App version:      1[0m
[0;32mI (247) cpu_start: Compile time:     Aug 12 2025 22:54:29[0m
[0;32mI (253) cpu_start: ELF file SHA256:  829f3b8f6605c7ef...[0m
[0;32mI (259) cpu_start: ESP-IDF:          v5.1.2-dirty[0m
[0;32mI (264) cpu_start: Min chip rev:     v0.0[0m
[0;32mI (269) cpu_start: Max chip rev:     v3.99 [0m
[0;32mI (274) cpu_start: Chip rev:         v3.1[0m
[0;32mI (279) heap_init: Initializing. RAM available for dynamic allocation:[0m
[0;32mI (286) heap_init: At 3FFAE6E0 len 00001920 (6 KiB): DRAM[0m
[0;32mI (292) heap_init: At 3FFB2A30 len 0002D5D0 (181 KiB): DRAM[0m
[0;32mI (298) heap_init: At 3FFE0440 len 00003AE0 (14 KiB): D/IRAM[0m
[0;32mI (304) heap_init: At 3FFE4350 len 0001BCB0 (111 KiB): D/IRAM[0m
[0;32mI (311) heap_init: At 4008D590 len 00012A70 (74 KiB): IRAM[0m
[0;32mI (318) spi_flash: detected chip: generic[0m
[0;32mI (322) spi_flash: flash io: dio[0m
[0;33mW (325) spi_flash: Detected size(4096k) larger than the size in the binary image header(2048k). Using the size in the binary image header.[0m
[0;32mI (339) app_start: Starting scheduler on CPU0[0m
[0;32mI (344) app_start: Starting scheduler on CPU1[0m
[0;32mI (344) main_task: Started on CPU0[0m
[0;32mI (354) main_task: Calling app_main()[0m
ESP_ERROR_CHECK failed: esp_err_t 0xffffffff (ESP_FAIL) at 0x400d5774
file: "./main/flexsonic.c" line 92
func: mpu_init
expression: mpu_write(PWR_MGMT_1, 0x00)

abort() was called at PC 0x400869a7 on core 0


Backtrace: 0x40081836:0x3ffb4bc0 0x400869b1:0x3ffb4be0 0x4008c0d6:0x3ffb4c00 0x400869a7:0x3ffb4c70 0x400d5774:0x3ffb4ca0 0x400d5941:0x3ffb4cc0 0x400e6a9c:0x3ffb4d30 0x40089061:0x3ffb4d60




ELF file SHA256: 829f3b8f6605c7ef

Rebooting...
ets Jul 29 2019 12:21:46

rst:0xc (SW_CPU_RESET),boot:0x13 (SPI_FAST_FLASH_BOOT)
configsip: 0, SPIWP:0xee
clk_drv:0x00,q_drv:0x00,d_drv:0x00,cs0_drv:0x00,hd_drv:0x00,wp_drv:0x00
mode:DIO, clock div:2
load:0x3fff0030,len:7084
ho 0 tail 12 room 4
load:0x40078000,len:15584
load:0x40080400,len:4
load:0x40080404,len:3876
entry 0x4008064c
[0;32mI (31) boot: ESP-IDF v5.1.2-dirty 2nd stage bootloader[0m
[0;32mI (31) boot: compile time Aug 12 2025 22:54:49[0m
[0;32mI (31) boot: Multicore bootloader[0m
[0;32mI (36) boot: chip revision: v3.1[0m
[0;32mI (40) boot.esp32: SPI Speed      : 40MHz[0m
[0;32mI (44) boot.esp32: SPI Mode       : DIO[0m
[0;32mI (49) boot.esp32: SPI Flash Size : 2MB[0m
[0;32mI (53) boot: Enabling RNG early entropy source...[0m
[0;32mI (59) boot: Partition Table:[0m
[0;32mI (62) boot: ## Label            Usage          Type ST Offset   Length[0m
[0;32mI (70) boot:  0 nvs              WiFi data        01 02 00009000 00006000[0m
[0;32mI (77) boot:  1 phy_init         RF data          01 01 0000f000 00001000[0m
[0;32mI (85) boot:  2 factory          factory app      00 00 00010000 00100000[0m
[0;32mI (92) boot: End of partition table[0m
[0;32mI (96) esp_image: segment 0: paddr=00010020 vaddr=3f400020 size=0add8h ( 44504) map[0m
[0;32mI (121) esp_image: segment 1: paddr=0001ae00 vaddr=3ff80000 size=00004h (     4) load[0m
[0;32mI (121) esp_image: segment 2: paddr=0001ae0c vaddr=3ffb0000 size=02188h (  8584) load[0m
[0;32mI (130) esp_image: segment 3: paddr=0001cf9c vaddr=40080000 size=0307ch ( 12412) load[0m
[0;32mI (140) esp_image: segment 4: paddr=00020020 vaddr=400d0020 size=1722ch ( 94764) map[0m
[0;32mI (178) esp_image: segment 5: paddr=00037254 vaddr=4008307c size=0a514h ( 42260) load[0m
[0;32mI (202) boot: Loaded app from partition at offset 0x10000[0m
[0;32mI (202) boot: Disabling RNG early entropy source...[0m
[0;32mI (214) cpu_start: Multicore app[0m
[0;32mI (214) cpu_start: Pro cpu up.[0m
[0;32mI (214) cpu_start: Starting app cpu, entry point is 0x40081204[0m
[0;32mI (202) cpu_start: App cpu up.[0m
[0;32mI (232) cpu_start: Pro cpu start user code[0m
[0;32mI (232) cpu_start: cpu freq: 160000000 Hz[0m
[0;32mI (232) cpu_start: Application information:[0m
[0;32mI (237) cpu_start: Project name:     flexsonic[0m
[0;32mI (242) cpu_start: App version:      1[0m
[0;32mI (247) cpu_start: Compile time:     Aug 12 2025 22:54:29[0m
[0;32mI (253) cpu_start: ELF file SHA256:  829f3b8f6605c7ef...[0m
[0;32mI (259) cpu_start: ESP-IDF:          v5.1.2-dirty[0m
[0;32mI (264) cpu_start: Min chip rev:     v0.0[0m
[0;32mI (269) cpu_start: Max chip rev:     v3.99 [0m
[0;32mI (274) cpu_start: Chip rev:         v3.1[0m
[0;32mI (279) heap_init: Initializing. RAM available for dynamic allocation:[0m
[0;32mI (286) heap_init: At 3FFAE6E0 len 00001920 (6 KiB): DRAM[0m
[0;32mI (292) heap_init: At 3FFB2A30 len 0002D5D0 (181 KiB): DRAM[0m
[0;32mI (298) heap_init: At 3FFE0440 len 00003AE0 (14 KiB): D/IRAM[0m
[0;32mI (304) heap_init: At 3FFE4350 len 0001BCB0 (111 KiB): D/IRAM[0m
[0;32mI (311) heap_init: At 4008D590 len 00012A70 (74 KiB): IRAM[0m
[0;32mI (318) spi_flash: detected chip: generic[0m
[0;32mI (322) spi_flash: flash io: dio[0m
[0;33mW (325) spi_flash: Detected size(4096k) larger than the size in the binary image header(2048k). Using the size in the binary image header.[0m
[0;32mI (339) app_start: Starting scheduler on CPU0[0m
[0;32mI (344) app_start: Starting scheduler on CPU1[0m
[0;32mI (344) main_task: Started on CPU0[0m
[0;32mI (354) main_task: Calling app_main()[0m
ESP_ERROR_CHECK failed: esp_err_t 0xffffffff (ESP_FAIL) at 0x400d5774
file: "./main/flexsonic.c" line 92
func: mpu_init
expression: mpu_write(PWR_MGMT_1, 0x00)

abort() was called at PC 0x400869a7 on core 0


Backtrace: 0x40081836:0x3ffb4bc0 0x400869b1:0x3ffb4be0 0x4008c0d6:0x3ffb4c00 0x400869a7:0x3ffb4c70 0x400d5774:0x3ffb4ca0 0x400d5941:0x3ffb4cc0 0x400e6a9c:0x3ffb4d30 0x40089061:0x3ffb4d60




ELF file SHA256: 829f3b8f6605c7ef

Rebooting...
ets Jul 29 2019 12:21:46

rst:0xc (SW_CPU_RESET),boot:0x13 (SPI_FAST_FLASH_BOOT)
configsip: 0, SPIWP:0xee
clk_drv:0x00,q_drv:0x00,d_drv:0x00,cs0_drv:0x00,hd_drv:0x00,wp_drv:0x00
mode:DIO, clock div:2
load:0x3fff0030,len:7084
ho 0 tail 12 room 4
load:0x40078000,len:15584
load:0x40080400,len:4
load:0x40080404,len:3876
entry 0x4008064c
[0;32mI (31) boot: ESP-IDF v5.1.2-dirty 2nd stage bootloader[0m
[0;32mI (31) boot: compile time Aug 12 2025 22:54:49[0m
[0;32mI (31) boot: Multicore bootloader[0m
[0;32mI (36) boot: chip revision: v3.1[0m
[0;32mI (40) boot.esp32: SPI Speed      : 40MHz[0m
[0;32mI (44) boot.esp32: SPI Mode       : DIO[0m
[0;32mI (49) boot.esp32: SPI Flash Size : 2MB[0m
[0;32mI (53) boot: Enabling RNG early entropy source...[0m
[0;32mI (59) boot: Partition Table:[0m
[0;32mI (62) boot: ## Label            Usage          Type ST Offset   Length[0m
[0;32mI (70) boot:  0 nvs              WiFi data        01 02 00009000 00006000[0m
[0;32mI (77) boot:  1 phy_init         RF data          01 01 0000f000 00001000[0m
[0;32mI (85) boot:  2 factory          factory app      00 00 00010000 00100000[0m
[0;32mI (92) boot: End of partition table[0m
[0;32mI (96) esp_image: segment 0: paddr=00010020 vaddr=3f400020 size=0add8h ( 44504) map[0m
[0;32mI (121) esp_image: segment 1: paddr=0001ae00 vaddr=3ff80000 size=00004h (     4) load[0m
[0;32mI (121) esp_image: segment 2: paddr=0001ae0c vaddr=3ffb0000 size=02188h (  8584) load[0m
[0;32mI (130) esp_image: segment 3: paddr=0001cf9c vaddr=40080000 size=0307ch ( 12412) load[0m
[0;32mI (140) esp_image: segment 4: paddr=00020020 vaddr=400d0020 size=1722ch ( 94764) map[0m
[0;32mI (178) esp_image: segment 5: paddr=00037254 vaddr=4008307c size=0a514h ( 42260) load[0m
[0;32mI (202) boot: Loaded app from partition at offset 0x10000[0m
[0;32mI (202) boot: Disabling RNG early entropy source...[0m
[0;32mI (214) cpu_start: Multicore app[0m
[0;32mI (214) cpu_start: Pro cpu up.[0m
[0;32mI (214) cpu_start: Starting app cpu, entry point is 0x40081204[0m
[0;32mI (202) cpu_start: App cpu up.[0m
[0;32mI (232) cpu_start: Pro cpu start user code[0m
[0;32mI (232) cpu_start: cpu freq: 160000000 Hz[0m
[0;32mI (232) cpu_start: Application information:[0m
[0;32mI (237) cpu_start: Project name:     flexsonic[0m
[0;32mI (242) cpu_start: App version:      1[0m
[0;32mI (247) cpu_start: Compile time:     Aug 12 2025 22:54:29[0m
[0;32mI (253) cpu_start: ELF file SHA256:  829f3b8f6605c7ef...[0m
[0;32mI (259) cpu_start: ESP-IDF:          v5.1.2-dirty[0m
[0;32mI (264) cpu_start: Min chip rev:     v0.0[0m
[0;32mI (269) cpu_start: Max chip rev:     v3.99 [0m
[0;32mI (274) cpu_start: Chip rev:         v3.1[0m
[0;32mI (279) heap_init: Initializing. RAM available for dynamic allocation:[0m
[0;32mI (286) heap_init: At 3FFAE6E0 len 00001920 (6 KiB): DRAM[0m
[0;32mI (292) heap_init: At 3FFB2A30 len 0002D5D0 (181 KiB): DRAM[0m
[0;32mI (298) heap_init: At 3FFE0440 len 00003AE0 (14 KiB): D/IRAM[0m
[0;32mI (304) heap_init: At 3FFE4350 len 0001BCB0 (111 KiB): D/IRAM[0m
[0;32mI (311) heap_init: At 4008D590 len 00012A70 (74 KiB): IRAM[0m
[0;32mI (318) spi_flash: detected chip: generic[0m
[0;32mI (322) spi_flash: flash io: dio[0m
[0;33mW (325) spi_flash: Detected size(4096k) larger than the size in the binary image header(2048k). Using the size in the binary image header.[0m
[0;32mI (339) app_start: Starting scheduler on CPU0[0m
[0;32mI (344) app_start: Starting scheduler on CPU1[0m
[0;32mI (344) main_task: Started on CPU0[0m
[0;32mI (354) main_task: Calling app_main()[0m
ESP_ERROR_CHECK failed: esp_err_t 0xffffffff (ESP_FAIL) at 0x400d5774
file: "./main/flexsonic.c" line 92
func: mpu_init
expression: mpu_write(PWR_MGMT_1, 0x00)

abort() was called at PC 0x400869a7 on core 0


Backtrace: 0x40081836:0x3ffb4bc0 0x400869b1:0x3ffb4be0 0x4008c0d6:0x3ffb4c00 0x400869a7:0x3ffb4c70 0x400d5774:0x3ffb4ca0 0x400d5941:0x3ffb4cc0 0x400e6a9c:0x3ffb4d30 0x40089061:0x3ffb4d60




ELF file SHA256: 829f3b8f6605c7ef

Rebooting...
ets Jul 29 2019 12:21:46

rst:0xc (SW_CPU_RESET),boot:0x13 (SPI_FAST_FLASH_BOOT)
configsip: 0, SPIWP:0xee
clk_drv:0x00,q_drv:0x00,d_drv:0x00,cs0_drv:0x00,hd_drv:0x00,wp_drv:0x00
mode:DIO, clock div:2
load:0x3fff0030,len:7084
ho 0 tail 12 room 4
load:0x40078000,len:15584
load:0x40080400,len:4
load:0x40080404,len:3876
entry 0x4008064c
[0;32mI (31) boot: ESP-IDF v5.1.2-dirty 2nd stage bootloader[0m
[0;32mI (31) boot: compile time Aug 12 2025 22:54:49[0m
[0;32mI (31) boot: Multicore bootloader[0m
[0;32mI (36) boot: chip revision: v3.1[0m
[0;32mI (40) boot.esp32: SPI Speed      : 40MHz[0m
[0;32mI (44) boot.esp32: SPI Mode       : DIO[0m
[0;32mI (49) boot.esp32: SPI Flash Size : 2MB[0m
[0;32mI (53) boot: Enabling RNG early entropy source...[0m
[0;32mI (59) boot: Partition Table:[0m
[0;32mI (62) boot: ## Label            Usage          Type ST Offset   Length[0m
[0;32mI (70) boot:  0 nvs              WiFi data        01 02 00009000 00006000[0m
[0;32mI (77) boot:  1 phy_init         RF data          01 01 0000f000 00001000[0m
[0;32mI (85) boot:  2 factory          factory app      00 00 00010000 00100000[0m
[0;32mI (92) boot: End of partition table[0m
[0;32mI (96) esp_image: segment 0: paddr=00010020 vaddr=3f400020 size=0add8h ( 44504) map[0m
[0;32mI (121) esp_image: segment 1: paddr=0001ae00 vaddr=3ff80000 size=00004h (     4) load[0m
[0;32mI (121) esp_image: segment 2: paddr=0001ae0c vaddr=3ffb0000 size=02188h (  8584) load[0m
[0;32mI (130) esp_image: segment 3: paddr=0001cf9c vaddr=40080000 size=0307ch ( 12412) load[0m
[0;32mI (140) esp_image: segment 4: paddr=00020020 vaddr=400d0020 size=1722ch ( 94764) map[0m
[0;32mI (178) esp_image: segment 5: paddr=00037254 vaddr=4008307c size=0a514h ( 42260) load[0m
[0;32mI (202) boot: Loaded app from partition at offset 0x10000[0m
[0;32mI (202) boot: Disabling RNG early entropy source...[0m
[0;32mI (214) cpu_start: Multicore app[0m
[0;32mI (214) cpu_start: Pro cpu up.[0m
[0;32mI (214) cpu_start: Starting app cpu, entry point is 0x40081204[0m
[0;32mI (202) cpu_start: App cpu up.[0m
[0;32mI (232) cpu_start: Pro cpu start user code[0m
[0;32mI (232) cpu_start: cpu freq: 160000000 Hz[0m
[0;32mI (232) cpu_start: Application information:[0m
[0;32mI (237) cpu_start: Project name:     flexsonic[0m
[0;32mI (242) cpu_start: App version:      1[0m
[0;32mI (247) cpu_start: Compile time:     Aug 12 2025 22:54:29[0m
[0;32mI (253) cpu_start: ELF file SHA256:  829f3b8f6605c7ef...[0m
[0;32mI (259) cpu_start: ESP-IDF:          v5.1.2-dirty[0m
[0;32mI (264) cpu_start: Min chip rev:     v0.0[0m
[0;32mI (269) cpu_start: Max chip rev:     v3.99 [0m
[0;32mI (274) cpu_start: Chip rev:         v3.1[0m
[0;32mI (279) heap_init: Initializing. RAM available for dynamic allocation:[0m
[0;32mI (286) heap_init: At 3FFAE6E0 len 00001920 (6 KiB): DRAM[0m
[0;32mI (292) heap_init: At 3FFB2A30 len 0002D5D0 (181 KiB): DRAM[0m
[0;32mI (298) heap_init: At 3FFE0440 len 00003AE0 (14 KiB): D/IRAM[0m
[0;32mI (304) heap_init: At 3FFE4350 len 0001BCB0 (111 KiB): D/IRAM[0m
[0;32mI (311) heap_init: At 4008D590 len 00012A70 (74 KiB): IRAM[0m
[0;32mI (318) spi_flash: detected chip: generic[0m
[0;32mI (322) spi_flash: flash io: dio[0m
[0;33mW (325) spi_flash: Detected size(4096k) larger than the size in the binary image header(2048k). Using the size in the binary image header.[0m
[0;32mI (339) app_start: Starting scheduler on CPU0[0m
[0;32mI (344) app_start: Starting scheduler on CPU1[0m
[0;32mI (344) main_task: Started on CPU0[0m
[0;32mI (354) main_task: Calling app_main()[0m
ESP_ERROR_CHECK failed: esp_err_t 0xffffffff (ESP_FAIL) at 0x400d5774
file: "./main/flexsonic.c" line 92
func: mpu_init
expression: mpu_write(PWR_MGMT_1, 0x00)

abort() was called at PC 0x400869a7 on core 0


Backtrace: 0x40081836:0x3ffb4bc0 0x400869b1:0x3ffb4be0 0x4008c0d6:0x3ffb4c00 0x400869a7:0x3ffb4c70 0x400d5774:0x3ffb4ca0 0x400d5941:0x3ffb4cc0 0x400e6a9c:0x3ffb4d30 0x40089061:0x3ffb4d60




ELF file SHA256: 829f3b8f6605c7ef

Rebooting...
ets Jul 29 2019 12:21:46

rst:0xc (SW_CPU_RESET),boot:0x13 (SPI_FAST_FLASH_BOOT)
configsip: 0, SPIWP:0xee
clk_drv:0x00,q_drv:0x00,d_drv:0x00,cs0_drv:0x00,hd_drv:0x00,wp_drv:0x00
mode:DIO, clock div:2
load:0x3fff0030,len:7084
ho 0 tail 12 room 4
load:0x40078000,len:15584
load:0x40080400,len:4
load:0x40080404,len:3876
entry 0x4008064c
[0;32mI (31) boot: ESP-IDF v5.1.2-dirty 2nd stage bootloader[0m
[0;32mI (31) boot: compile time Aug 12 2025 22:54:49[0m
[0;32mI (31) boot: Multicore bootloader[0m
[0;32mI (36) boot: chip revision: v3.1[0m
[0;32mI (40) boot.esp32: SPI Speed      : 40MHz[0m
[0;32mI (44) boot.esp32: SPI Mode       : DIO[0m
[0;32mI (49) boot.esp32: SPI Flash Size : 2MB[0m
[0;32mI (53) boot: Enabling RNG early entropy source...[0m
[0;32mI (59) boot: Partition Table:[0m
[0;32mI (62) boot: ## Label            Usage          Type ST Offset   Length[0m
[0;32mI (70) boot:  0 nvs              WiFi data        01 02 00009000 00006000[0m
[0;32mI (77) boot:  1 phy_init         RF data          01 01 0000f000 00001000[0m
[0;32mI (85) boot:  2 factory          factory app      00 00 00010000 00100000[0m
[0;32mI (92) boot: End of partition table[0m
[0;32mI (96) esp_image: segment 0: paddr=00010020 vaddr=3f400020 size=0add8h ( 44504) map[0m
[0;32mI (121) esp_image: segment 1: paddr=0001ae00 vaddr=3ff80000 size=00004h (     4) load[0m
[0;32mI (121) esp_image: segment 2: paddr=0001ae0c vaddr=3ffb0000 size=02188h (  8584) load[0m
[0;32mI (130) esp_image: segment 3: paddr=0001cf9c vaddr=40080000 size=0307ch ( 12412) load[0m
[0;32mI (140) esp_image: segment 4: paddr=00020020 vaddr=400d0020 size=1722ch ( 94764) map[0m
[0;32mI (178) esp_image: segment 5: paddr=00037254 vaddr=4008307c size=0a514h ( 42260) load[0m
[0;32mI (202) boot: Loaded app from partition at offset 0x10000[0m
[0;32mI (202) boot: Disabling RNG early entropy source...[0m
[0;32mI (214) cpu_start: Multicore app[0m
[0;32mI (214) cpu_start: Pro cpu up.[0m
[0;32mI (214) cpu_start: Starting app cpu, entry point is 0x40081204[0m
[0;32mI (202) cpu_start: App cpu up.[0m
[0;32mI (232) cpu_start: Pro cpu start user code[0m
[0;32mI (232) cpu_start: cpu freq: 160000000 Hz[0m
[0;32mI (232) cpu_start: Application information:[0m
[0;32mI (237) cpu_start: Project name:     flexsonic[0m
[0;32mI (242) cpu_start: App version:      1[0m
[0;32mI (247) cpu_start: Compile time:     Aug 12 2025 22:54:29[0m
[0;32mI (253) cpu_start: ELF file SHA256:  829f3b8f6605c7ef...[0m
[0;32mI (259) cpu_start: ESP-IDF:          v5.1.2-dirty[0m
[0;32mI (264) cpu_start: Min chip rev:     v0.0[0m
[0;32mI (269) cpu_start: Max chip rev:     v3.99 [0m
[0;32mI (274) cpu_start: Chip rev:         v3.1[0m
[0;32mI (279) heap_init: Initializing. RAM available for dynamic allocation:[0m
[0;32mI (286) heap_init: At 3FFAE6E0 len 00001920 (6 KiB): DRAM[0m
[0;32mI (292) heap_init: At 3FFB2A30 len 0002D5D0 (181 KiB): DRAM[0m
[0;32mI (298) heap_init: At 3FFE0440 len 00003AE0 (14 KiB): D/IRAM[0m
[0;32mI (304) heap_init: At 3FFE4350 len 0001BCB0 (111 KiB): D/IRAM[0m
[0;32mI (311) heap_init: At 4008D590 len 00012A70 (74 KiB): IRAM[0m
[0;32mI (318) spi_flash: detected chip: generic[0m
[0;32mI (322) spi_flash: flash io: dio[0m
[0;33mW (325) spi_flash: Detected size(4096k) larger than the size in the binary image header(2048k). Using the size in the binary image header.[0m
[0;32mI (339) app_start: Starting scheduler on CPU0[0m
[0;32mI (344) app_start: Starting scheduler on CPU1[0m
[0;32mI (344) main_task: Started on CPU0[0m
[0;32mI (354) main_task: Calling app_main()[0m
ESP_ERROR_CHECK failed: esp_err_t 0xffffffff (ESP_FAIL) at 0x400d5774
file: "./main/flexsonic.c" line 92
func: mpu_init
expression: mpu_write(PWR_MGMT_1, 0x00)

abort() was called at PC 0x400869a7 on core 0


Backtrace: 0x40081836:0x3ffb4bc0 0x400869b1:0x3ffb4be0 0x4008c0d6:0x3ffb4c00 0x400869a7:0x3ffb4c70 0x400d5774:0x3ffb4ca0 0x400d5941:0x3ffb4cc0 0x400e6a9c:0x3ffb4d30 0x40089061:0x3ffb4d60




ELF file SHA256: 829f3b8f6605c7ef

Rebooting...
ets Jul 29 2019 12:21:46

rst:0xc (SW_CPU_RESET),boot:0x13 (SPI_FAST_FLASH_BOOT)
configsip: 0, SPIWP:0xee
clk_drv:0x00,q_drv:0x00,d_drv:0x00,cs0_drv:0x00,hd_drv:0x00,wp_drv:0x00
mode:DIO, clock div:2
load:0x3fff0030,len:7084
ho 0 tail 12 room 4
load:0x40078000,len:15584
load:0x40080400,len:4
load:0x40080404,len:3876
entry 0x4008064c
[0;32mI (31) boot: ESP-IDF v5.1.2-dirty 2nd stage bootloader[0m
[0;32mI (31) boot: compile time Aug 12 2025 22:54:49[0m
[0;32mI (31) boot: Multicore bootloader[0m
[0;32mI (36) boot: chip revision: v3.1[0m
[0;32mI (40) boot.esp32: SPI Speed      : 40MHz[0m
[0;32mI (44) boot.esp32: SPI Mode       : DIO[0m
[0;32mI (49) boot.esp32: SPI Flash Size : 2MB[0m
[0;32mI (53) boot: Enabling RNG early entropy source...[0m
[0;32mI (59) boot: Partition Table:[0m
[0;32mI (62) boot: ## Label            Usage          Type ST Offset   Length[0m
[0;32mI (70) boot:  0 nvs              WiFi data        01 02 00009000 00006000[0m
[0;32mI (77) boot:  1 phy_init         RF data          01 01 0000f000 00001000[0m
[0;32mI (85) boot:  2 factory          factory app      00 00 00010000 00100000[0m
[0;32mI (92) boot: End of partition table[0m
[0;32mI (96) esp_image: segment 0: paddr=00010020 vaddr=3f400020 size=0add8h ( 44504) map[0m
[0;32mI (121) esp_image: segment 1: paddr=0001ae00 vaddr=3ff80000 size=00004h (     4) load[0m
[0;32mI (121) esp_image: segment 2: paddr=0001ae0c vaddr=3ffb0000 size=02188h (  8584) load[0m
[0;32mI (130) esp_image: segment 3: paddr=0001cf9c vaddr=40080000 size=0307ch ( 12412) load[0m
[0;32mI (140) esp_image: segment 4: paddr=00020020 vaddr=400d0020 size=1722ch ( 94764) map[0m
[0;32mI (178) esp_image: segment 5: paddr=00037254 vaddr=4008307c size=0a514h ( 42260) load[0m
[0;32mI (202) boot: Loaded app from partition at offset 0x10000[0m
[0;32mI (202) boot: Disabling RNG early entropy source...[0m
[0;32mI (214) cpu_start: Multicore app[0m
[0;32mI (214) cpu_start: Pro cpu up.[0m
[0;32mI (214) cpu_start: Starting app cpu, entry point is 0x40081204[0m
[0;32mI (202) cpu_start: App cpu up.[0m
[0;32mI (232) cpu_start: Pro cpu start user code[0m
[0;32mI (232) cpu_start: cpu freq: 160000000 Hz[0m
[0;32mI (232) cpu_start: Application information:[0m
[0;32mI (237) cpu_start: Project name:     flexsonic[0m
[0;32mI (242) cpu_start: App version:      1[0m
[0;32mI (247) cpu_start: Compile time:     Aug 12 2025 22:54:29[0m
[0;32mI (253) cpu_start: ELF file SHA256:  829f3b8f6605c7ef...[0m
[0;32mI (259) cpu_start: ESP-IDF:          v5.1.2-dirty[0m
[0;32mI (264) cpu_start: Min chip rev:     v0.0[0m
[0;32mI (269) cpu_start: Max chip rev:     v3.99 [0m
[0;32mI (274) cpu_start: Chip rev:         v3.1[0m
[0;32mI (279) heap_init: Initializing. RAM available for dynamic allocation:[0m
[0;32mI (286) heap_init: At 3FFAE6E0 len 00001920 (6 KiB): DRAM[0m
[0;32mI (292) heap_init: At 3FFB2A30 len 0002D5D0 (181 KiB): DRAM[0m
[0;32mI (298) heap_init: At 3FFE0440 len 00003AE0 (14 KiB): D/IRAM[0m
[0;32mI (304) heap_init: At 3FFE4350 len 0001BCB0 (111 KiB): D/IRAM[0m
[0;32mI (311) heap_init: At 4008D590 len 00012A70 (74 KiB): IRAM[0m
[0;32mI (318) spi_flash: detected chip: generic[0m
[0;32mI (322) spi_flash: flash io: dio[0m
[0;33mW (325) spi_flash: Detected size(4096k) larger than the size in the binary image header(2048k). Using the size in the binary image header.[0m
[0;32mI (339) app_start: Starting scheduler on CPU0[0m
[0;32mI (344) app_start: Starting scheduler on CPU1[0m
[0;32mI (344) main_task: Started on CPU0[0m
[0;32mI (354) main_task: Calling app_main()[0m
ESP_ERROR_CHECK failed: esp_err_t 0xffffffff (ESP_FAIL) at 0x400d5774
file: "./main/flexsonic.c" line 92
func: mpu_init
expression: mpu_write(PWR_MGMT_1, 0x00)

abort() was called at PC 0x400869a7 on core 0


Backtrace: 0x40081836:0x3ffb4bc0 0x400869b1:0x3ffb4be0 0x4008c0d6:0x3ffb4c00 0x400869a7:0x3ffb4c70 0x400d5774:0x3ffb4ca0 0x400d5941:0x3ffb4cc0 0x400e6a9c:0x3ffb4d30 0x40089061:0x3ffb4d60




ELF file SHA256: 829f3b8f6605c7ef

Rebooting...
ets Jul 29 2019 12:21:46

rst:0xc (SW_CPU_RESET),boot:0x13 (SPI_FAST_FLASH_BOOT)
configsip: 0, SPIWP:0xee
clk_drv:0x00,q_drv:0x00,d_drv:0x00,cs0_drv:0x00,hd_drv:0x00,wp_drv:0x00
mode:DIO, clock div:2
load:0x3fff0030,len:7084
ho 0 tail 12 room 4
load:0x40078000,len:15584
load:0x40080400,len:4
load:0x40080404,len:3876
entry 0x4008064c
[0;32mI (31) boot: ESP-IDF v5.1.2-dirty 2nd stage bootloader[0m
[0;32mI (31) boot: compile time Aug 12 2025 22:54:49[0m
[0;32mI (31) boot: Multicore bootloader[0m
[0;32mI (36) boot: chip revision: v3.1[0m
[0;32mI (40) boot.esp32: SPI Speed      : 40MHz[0m
[0;32mI (44) boot.esp32: SPI Mode       : DIO[0m
[0;32mI (49) boot.esp32: SPI Flash Size : 2MB[0m
[0;32mI (53) boot: Enabling RNG early entropy source...[0m
[0;32mI (59) boot: Partition Table:[0m
[0;32mI (62) boot: ## Label            Usage          Type ST Offset   Length[0m
[0;32mI (70) boot:  0 nvs              WiFi data        01 02 00009000 00006000[0m
[0;32mI (77) boot:  1 phy_init         RF data          01 01 0000f000 00001000[0m
[0;32mI (85) boot:  2 factory          factory app      00 00 00010000 00100000[0m
[0;32mI (92) boot: End of partition table[0m
[0;32mI (96) esp_image: segment 0: paddr=00010020 vaddr=3f400020 size=0add8h ( 44504) map[0m
[0;32mI (121) esp_image: segment 1: paddr=0001ae00 vaddr=3ff80000 size=00004h (     4) load[0m
[0;32mI (121) esp_image: segment 2: paddr=0001ae0c vaddr=3ffb0000 size=02188h (  8584) load[0m
[0;32mI (130) esp_image: segment 3: paddr=0001cf9c vaddr=40080000 size=0307ch ( 12412) load[0m
[0;32mI (140) esp_image: segment 4: paddr=00020020 vaddr=400d0020 size=1722ch ( 94764) map[0m
[0;32mI (178) esp_image: segment 5: paddr=00037254 vaddr=4008307c size=0a514h ( 42260) load[0m
[0;32mI (202) boot: Loaded app from partition at offset 0x10000[0m
[0;32mI (202) boot: Disabling RNG early entropy source...[0m
[0;32mI (214) cpu_start: Multicore app[0m
[0;32mI (214) cpu_start: Pro cpu up.[0m
[0;32mI (214) cpu_start: Starting app cpu, entry point is 0x40081204[0m
[0;32mI (202) cpu_start: App cpu up.[0m
[0;32mI (232) cpu_start: Pro cpu start user code[0m
[0;32mI (232) cpu_start: cpu freq: 160000000 Hz[0m
[0;32mI (232) cpu_start: Application information:[0m
[0;32mI (237) cpu_start: Project name:     flexsonic[0m
[0;32mI (242) cpu_start: App version:      1[0m
[0;32mI (247) cpu_start: Compile time:     Aug 12 2025 22:54:29[0m
[0;32mI (253) cpu_start: ELF file SHA256:  829f3b8f6605c7ef...[0m
[0;32mI (259) cpu_start: ESP-IDF:          v5.1.2-dirty[0m
[0;32mI (264) cpu_start: Min chip rev:     v0.0[0m
[0;32mI (269) cpu_start: Max chip rev:     v3.99 [0m
[0;32mI (274) cpu_start: Chip rev:         v3.1[0m
[0;32mI (279) heap_init: Initializing. RAM available for dynamic allocation:[0m
[0;32mI (286) heap_init: At 3FFAE6E0 len 00001920 (6 KiB): DRAM[0m
[0;32mI (292) heap_init: At 3FFB2A30 len 0002D5D0 (181 KiB): DRAM[0m
[0;32mI (298) heap_init: At 3FFE0440 len 00003AE0 (14 KiB): D/IRAM[0m
[0;32mI (304) heap_init: At 3FFE4350 len 0001BCB0 (111 KiB): D/IRAM[0m
[0;32mI (311) heap_init: At 4008D590 len 00012A70 (74 KiB): IRAM[0m
[0;32mI (318) spi_flash: detected chip: generic[0m
[0;32mI (322) spi_flash: flash io: dio[0m
[0;33mW (325) spi_flash: Detected size(4096k) larger than the size in the binary image header(2048k). Using the size in the binary image header.[0m
[0;32mI (339) app_start: Starting scheduler on CPU0[0m
[0;32mI (344) app_start: Starting scheduler on CPU1[0m
[0;32mI (344) main_task: Started on CPU0[0m
[0;32mI (354) main_task: Calling app_main()[0m
ESP_ERROR_CHECK failed: esp_err_t 0xffffffff (ESP_FAIL) at 0x400d5774
file: "./main/flexsonic.c" line 92
func: mpu_init
expression: mpu_write(PWR_MGMT_1, 0x00)

abort() was called at PC 0x400869a7 on core 0


Backtrace: 0x40081836:0x3ffb4bc0 0x400869b1:0x3ffb4be0 0x4008c0d6:0x3ffb4c00 0x400869a7:0x3ffb4c70 0x400d5774:0x3ffb4ca0 0x400d5941:0x3ffb4cc0 0x400e6a9c:0x3ffb4d30 0x40089061:0x3ffb4d60




ELF file SHA256: 829f3b8f6605c7ef

Rebooting...
ets Jul 29 2019 12:21:46

rst:0xc (SW_CPU_RESET),boot:0x13 (SPI_FAST_FLASH_BOOT)
configsip: 0, SPIWP:0xee
clk_drv:0x00,q_drv:0x00,d_drv:0x00,cs0_drv:0x00,hd_drv:0x00,wp_drv:0x00
mode:DIO, clock div:2
load:0x3fff0030,len:7084
ho 0 tail 12 room 4
load:0x40078000,len:15584
load:0x40080400,len:4
load:0x40080404,len:3876
entry 0x4008064c
[0;32mI (31) boot: ESP-IDF v5.1.2-dirty 2nd stage bootloader[0m
[0;32mI (31) boot: compile time Aug 12 2025 22:54:49[0m
[0;32mI (31) boot: Multicore bootloader[0m
[0;32mI (36) boot: chip revision: v3.1[0m
[0;32mI (40) boot.esp32: SPI Speed      : 40MHz[0m
[0;32mI (44) boot.esp32: SPI Mode       : DIO[0m
[0;32mI (49) boot.esp32: SPI Flash Size : 2MB[0m
[0;32mI (53) boot: Enabling RNG early entropy source...[0m
[0;32mI (59) boot: Partition Table:[0m
[0;32mI (62) boot: ## Label            Usage          Type ST Offset   Length[0m
[0;32mI (70) boot:  0 nvs              WiFi data        01 02 00009000 00006000[0m
[0;32mI (77) boot:  1 phy_init         RF data          01 01 0000f000 00001000[0m
[0;32mI (85) boot:  2 factory          factory app      00 00 00010000 00100000[0m
[0;32mI (92) boot: End of partition table[0m
[0;32mI (96) esp_image: segment 0: paddr=00010020 vaddr=3f400020 size=0add8h ( 44504) map[0m
[0;32mI (121) esp_image: segment 1: paddr=0001ae00 vaddr=3ff80000 size=00004h (     4) load[0m
[0;32mI (121) esp_image: segment 2: paddr=0001ae0c vaddr=3ffb0000 size=02188h (  8584) load[0m
[0;32mI (130) esp_image: segment 3: paddr=0001cf9c vaddr=40080000 size=0307ch ( 12412) load[0m
[0;32mI (140) esp_image: segment 4: paddr=00020020 vaddr=400d0020 size=1722ch ( 94764) map[0m
[0;32mI (178) esp_image: segment 5: paddr=00037254 vaddr=4008307c size=0a514h ( 42260) load[0m
[0;32mI (202) boot: Loaded app from partition at offset 0x10000[0m
[0;32mI (202) boot: Disabling RNG early entropy source...[0m
[0;32mI (214) cpu_start: Multicore app[0m
[0;32mI (214) cpu_start: Pro cpu up.[0m
[0;32mI (214) cpu_start: Starting app cpu, entry point is 0x40081204[0m
[0;32mI (202) cpu_start: App cpu up.[0m
[0;32mI (232) cpu_start: Pro cpu start user code[0m
[0;32mI (232) cpu_start: cpu freq: 160000000 Hz[0m
[0;32mI (232) cpu_start: Application information:[0m
[0;32mI (237) cpu_start: Project name:     flexsonic[0m
[0;32mI (242) cpu_start: App version:      1[0m
[0;32mI (247) cpu_start: Compile time:     Aug 12 2025 22:54:29[0m
[0;32mI (253) cpu_start: ELF file SHA256:  829f3b8f6605c7ef...[0m
[0;32mI (259) cpu_start: ESP-IDF:          v5.1.2-dirty[0m
[0;32mI (264) cpu_start: Min chip rev:     v0.0[0m
[0;32mI (269) cpu_start: Max chip rev:     v3.99 [0m
[0;32mI (274) cpu_start: Chip rev:         v3.1[0m
[0;32mI (279) heap_init: Initializing. RAM available for dynamic allocation:[0m
[0;32mI (286) heap_init: At 3FFAE6E0 len 00001920 (6 KiB): DRAM[0m
[0;32mI (292) heap_init: At 3FFB2A30 len 0002D5D0 (181 KiB): DRAM[0m
[0;32mI (298) heap_init: At 3FFE0440 len 00003AE0 (14 KiB): D/IRAM[0m
[0;32mI (304) heap_init: At 3FFE4350 len 0001BCB0 (111 KiB): D/IRAM[0m
[0;32mI (311) heap_init: At 4008D590 len 00012A70 (74 KiB): IRAM[0m
[0;32mI (318) spi_flash: detected chip: generic[0m
[0;32mI (322) spi_flash: flash io: dio[0m
[0;33mW (325) spi_flash: Detected size(4096k) larger than the size in the binary image header(2048k). Using the size in the binary image header.[0m
[0;32mI (339) app_start: Starting scheduler on CPU0[0m
[0;32mI (344) app_start: Starting scheduler on CPU1[0m
[0;32mI (344) main_task: Started on CPU0[0m
[0;32mI (354) main_task: Calling app_main()[0m
ESP_ERROR_CHECK failed: esp_err_t 0xffffffff (ESP_FAIL) at 0x400d5774
file: "./main/flexsonic.c" line 92
func: mpu_init
expression: mpu_write(PWR_MGMT_1, 0x00)

abort() was called at PC 0x400869a7 on core 0


Backtrace: 0x40081836:0x3ffb4bc0 0x400869b1:0x3ffb4be0 0x4008c0d6:0x3ffb4c00 0x400869a7:0x3ffb4c70 0x400d5774:0x3ffb4ca0 0x400d5941:0x3ffb4cc0 0x400e6a9c:0x3ffb4d30 0x40089061:0x3ffb4d60




ELF file SHA256: 829f3b8f6605c7ef

Rebooting...
ets Jul 29 2019 12:21:46

rst:0xc (SW_CPU_RESET),boot:0x13 (SPI_FAST_FLASH_BOOT)
configsip: 0, SPIWP:0xee
clk_drv:0x00,q_drv:0x00,d_drv:0x00,cs0_drv:0x00,hd_drv:0x00,wp_drv:0x00
mode:DIO, clock div:2
load:0x3fff0030,len:7084
ho 0 tail 12 room 4
load:0x40078000,len:15584
load:0x40080400,len:4
load:0x40080404,len:3876
entry 0x4008064c
[0;32mI (31) boot: ESP-IDF v5.1.2-dirty 2nd stage bootloader[0m
[0;32mI (31) boot: compile time Aug 12 2025 22:54:49[0m
[0;32mI (31) boot: Multicore bootloader[0m
[0;32mI (36) boot: chip revision: v3.1[0m
[0;32mI (40) boot.esp32: SPI Speed      : 40MHz[0m
[0;32mI (44) boot.esp32: SPI Mode       : DIO[0m
[0;32mI (49) boot.esp32: SPI Flash Size : 2MB[0m
[0;32mI (53) boot: Enabling RNG early entropy source...[0m
[0;32mI (59) boot: Partition Table:[0m
[0;32mI (62) boot: ## Label            Usage          Type ST Offset   Length[0m
[0;32mI (70) boot:  0 nvs              WiFi data        01 02 00009000 00006000[0m
[0;32mI (77) boot:  1 phy_init         RF data          01 01 0000f000 00001000[0m
[0;32mI (85) boot:  2 factory          factory app      00 00 00010000 00100000[0m
[0;32mI (92) boot: End of partition table[0m
[0;32mI (96) esp_image: segment 0: paddr=00010020 vaddr=3f400020 size=0add8h ( 44504) map[0m
[0;32mI (121) esp_image: segment 1: paddr=0001ae00 vaddr=3ff80000 size=00004h (     4) load[0m
[0;32mI (121) esp_image: segment 2: paddr=0001ae0c vaddr=3ffb0000 size=02188h (  8584) load[0m
[0;32mI (130) esp_image: segment 3: paddr=0001cf9c vaddr=40080000 size=0307ch ( 12412) load[0m
[0;32mI (140) esp_image: segment 4: paddr=00020020 vaddr=400d0020 size=1722ch ( 94764) map[0m
[0;32mI (178) esp_image: segment 5: paddr=00037254 vaddr=4008307c size=0a514h ( 42260) load[0m
[0;32mI (202) boot: Loaded app from partition at offset 0x10000[0m
[0;32mI (202) boot: Disabling RNG early entropy source...[0m
[0;32mI (214) cpu_start: Multicore app[0m
[0;32mI (214) cpu_start: Pro cpu up.[0m
[0;32mI (214) cpu_start: Starting app cpu, entry point is 0x40081204[0m
[0;32mI (202) cpu_start: App cpu up.[0m
[0;32mI (232) cpu_start: Pro cpu start user code[0m
[0;32mI (232) cpu_start: cpu freq: 160000000 Hz[0m
[0;32mI (232) cpu_start: Application information:[0m
[0;32mI (237) cpu_start: Project name:     flexsonic[0m
[0;32mI (242) cpu_start: App version:      1[0m
[0;32mI (247) cpu_start: Compile time:     Aug 12 2025 22:54:29[0m
[0;32mI (253) cpu_start: ELF file SHA256:  829f3b8f6605c7ef...[0m
[0;32mI (259) cpu_start: ESP-IDF:          v5.1.2-dirty[0m
[0;32mI (264) cpu_start: Min chip rev:     v0.0[0m
[0;32mI (269) cpu_start: Max chip rev:     v3.99 [0m
[0;32mI (274) cpu_start: Chip rev:         v3.1[0m
[0;32mI (279) heap_init: Initializing. RAM available for dynamic allocation:[0m
[0;32mI (286) heap_init: At 3FFAE6E0 len 00001920 (6 KiB): DRAM[0m
[0;32mI (292) heap_init: At 3FFB2A30 len 0002D5D0 (181 KiB): DRAM[0m
[0;32mI (298) heap_init: At 3FFE0440 len 00003AE0 (14 KiB): D/IRAM[0m
[0;32mI (304) heap_init: At 3FFE4350 len 0001BCB0 (111 KiB): D/IRAM[0m
[0;32mI (311) heap_init: At 4008D590 len 00012A70 (74 KiB): IRAM[0m
[0;32mI (318) spi_flash: detected chip: generic[0m
[0;32mI (322) spi_flash: flash io: dio[0m
[0;33mW (325) spi_flash: Detected size(4096k) larger than the size in the binary image header(2048k). Using the size in the binary image header.[0m
[0;32mI (339) app_start: Starting scheduler on CPU0[0m
[0;32mI (344) app_start: Starting scheduler on CPU1[0m
[0;32mI (344) main_task: Started on CPU0[0m
[0;32mI (354) main_task: Calling app_main()[0m
ESP_ERROR_CHECK failed: esp_err_t 0xffffffff (ESP_FAIL) at 0x400d5774
file: "./main/flexsonic.c" line 92
func: mpu_init
expression: mpu_write(PWR_MGMT_1, 0x00)

abort() was called at PC 0x400869a7 on core 0


Backtrace: 0x40081836:0x3ffb4bc0 0x400869b1:0x3ffb4be0 0x4008c0d6:0x3ffb4c00 0x400869a7:0x3ffb4c70 0x400d5774:0x3ffb4ca0 0x400d5941:0x3ffb4cc0 0x400e6a9c:0x3ffb4d30 0x40089061:0x3ffb4d60




ELF file SHA256: 829f3b8f6605c7ef

Rebooting...
ets Jul 29 2019 12:21:46

rst:0xc (SW_CPU_RESET),boot:0x13 (SPI_FAST_FLASH_BOOT)
configsip: 0, SPIWP:0xee
clk_drv:0x00,q_drv:0x00,d_drv:0x00,cs0_drv:0x00,hd_drv:0x00,wp_drv:0x00
mode:DIO, clock div:2
load:0x3fff0030,len:7084
ho 0 tail 12 room 4
load:0x40078000,len:15584
load:0x40080400,len:4
load:0x40080404,len:3876
entry 0x4008064c
[0;32mI (31) boot: ESP-IDF v5.1.2-dirty 2nd stage bootloader[0m
[0;32mI (31) boot: compile time Aug 12 2025 22:54:49[0m
[0;32mI (31) boot: Multicore bootloader[0m
[0;32mI (36) boot: chip revision: v3.1[0m
[0;32mI (40) boot.esp32: SPI Speed      : 40MHz[0m
[0;32mI (44) boot.esp32: SPI Mode       : DIO[0m
[0;32mI (49) boot.esp32: SPI Flash Size : 2MB[0m
[0;32mI (53) boot: Enabling RNG early entropy source...[0m
[0;32mI (59) boot: Partition Table:[0m
[0;32mI (62) boot: ## Label            Usage          Type ST Offset   Length[0m
[0;32mI (70) boot:  0 nvs              WiFi data        01 02 00009000 00006000[0m
[0;32mI (77) boot:  1 phy_init         RF data          01 01 0000f000 00001000[0m
[0;32mI (85) boot:  2 factory          factory app      00 00 00010000 00100000[0m
[0;32mI (92) boot: End of partition table[0m
[0;32mI (96) esp_image: segment 0: paddr=00010020 vaddr=3f400020 size=0add8h ( 44504) map[0m
[0;32mI (121) esp_image: segment 1: paddr=0001ae00 vaddr=3ff80000 size=00004h (     4) load[0m
[0;32mI (121) esp_image: segment 2: paddr=0001ae0c vaddr=3ffb0000 size=02188h (  8584) load[0m
[0;32mI (130) esp_image: segment 3: paddr=0001cf9c vaddr=40080000 size=0307ch ( 12412) load[0m
[0;32mI (140) esp_image: segment 4: paddr=00020020 vaddr=400d0020 size=1722ch ( 94764) map[0m
[0;32mI (178) esp_image: segment 5: paddr=00037254 vaddr=4008307c size=0a514h ( 42260) load[0m
[0;32mI (202) boot: Loaded app from partition at offset 0x10000[0m
[0;32mI (202) boot: Disabling RNG early entropy source...[0m
[0;32mI (214) cpu_start: Multicore app[0m
[0;32mI (214) cpu_start: Pro cpu up.[0m
[0;32mI (214) cpu_start: Starting app cpu, entry point is 0x40081204[0m
[0;32mI (202) cpu_start: App cpu up.[0m
[0;32mI (232) cpu_start: Pro cpu start user code[0m
[0;32mI (232) cpu_start: cpu freq: 160000000 Hz[0m
[0;32mI (232) cpu_start: Application information:[0m
[0;32mI (237) cpu_start: Project name:     flexsonic[0m
[0;32mI (242) cpu_start: App version:      1[0m
[0;32mI (247) cpu_start: Compile time:     Aug 12 2025 22:54:29[0m
[0;32mI (253) cpu_start: ELF file SHA256:  829f3b8f6605c7ef...[0m
[0;32mI (259) cpu_start: ESP-IDF:          v5.1.2-dirty[0m
[0;32mI (264) cpu_start: Min chip rev:     v0.0[0m
