in ï¿½ets Jun  8 2016 00:22:57

rst:0x1 (POWERON_RESET),boot:0x13 (SPI_FAST_FLASH_BOOT)
configsip: 0, SPIWP:0xee
clk_drv:0x00,q_drv:0x00,d_drv:0x00,cs0_drv:0x00,hd_drv:0x00,wp_drv:0x00
mode:DIO, clock div:2
load:0x3fff0030,len:7084
ho 0 tail 12 room 4
load:0x40078000,len:15584
load:0x40080400,len:4
load:0x40080404,len:3876
entry 0x4008064c
[0;32mI (31) boot: ESP-IDF v5.1.2-dirty 2nd stage bootloader[0m
[0;32mI (31) boot: compile time Aug 12 2025 22:54:49[0m
[0;32mI (31) boot: Multicore bootloader[0m
[0;32mI (35) boot: chip revision: v1.0[0m
[0;32mI (39) boot.esp32: SPI Speed      : 40MHz[0m
[0;32mI (44) boot.esp32: SPI Mode       : DIO[0m
[0;32mI (48) boot.esp32: SPI Flash Size : 2MB[0m
[0;32mI (53) boot: Enabling RNG early entropy source...[0m
[0;32mI (58) boot: Partition Table:[0m
[0;32mI (62) boot: ## Label            Usage          Type ST Offset   Length[0m
[0;32mI (69) boot:  0 nvs              WiFi data        01 02 00009000 00006000[0m
[0;32mI (77) boot:  1 phy_init         RF data          01 01 0000f000 00001000[0m
[0;32mI (84) boot:  2 factory          factory app      00 00 00010000 00100000[0m
[0;32mI (92) boot: End of partition table[0m
[0;32mI (96) esp_image: segment 0: paddr=00010020 vaddr=3f400020 size=0ad70h ( 44400) map[0m
[0;32mI (120) esp_image: segment 1: paddr=0001ad98 vaddr=3ff80000 size=00004h (     4) load[0m
[0;32mI (121) esp_image: segment 2: paddr=0001ada4 vaddr=3ffb0000 size=02158h (  8536) load[0m
[0;32mI (130) esp_image: segment 3: paddr=0001cf04 vaddr=40080000 size=03114h ( 12564) load[0m
[0;32mI (140) esp_image: segment 4: paddr=00020020 vaddr=400d0020 size=17dd4h ( 97748) map[0m
[0;32mI (178) esp_image: segment 5: paddr=00037dfc vaddr=40083114 size=09dc4h ( 40388) load[0m
[0;32mI (202) boot: Loaded app from partition at offset 0x10000[0m
[0;32mI (202) boot: Disabling RNG early entropy source...[0m
[0;32mI (213) cpu_start: Multicore app[0m
[0;32mI (214) cpu_start: Pro cpu up.[0m
[0;32mI (214) cpu_start: Starting app cpu, entry point is 0x400811e0[0m
[0;32mI (0) cpu_start: App cpu up.[0m
[0;32mI (232) cpu_start: Pro cpu start user code[0m
[0;32mI (232) cpu_start: cpu freq: 160000000 Hz[0m
[0;32mI (232) cpu_start: Application information:[0m
[0;32mI (237) cpu_start: Project name:     flexsonic[0m
[0;32mI (242) cpu_start: App version:      1[0m
[0;32mI (246) cpu_start: Compile time:     Aug 12 2025 22:54:29[0m
[0;32mI (252) cpu_start: ELF file SHA256:  b872daa864199643...[0m
[0;32mI (258) cpu_start: ESP-IDF:          v5.1.2-dirty[0m
[0;32mI (264) cpu_start: Min chip rev:     v0.0[0m
[0;32mI (268) cpu_start: Max chip rev:     v3.99 [0m
[0;32mI (273) cpu_start: Chip rev:         v1.0[0m
[0;32mI (278) heap_init: Initializing. RAM available for dynamic allocation:[0m
[0;32mI (285) heap_init: At 3FFAE6E0 len 00001920 (6 KiB): DRAM[0m
[0;32mI (291) heap_init: At 3FFB29F8 len 0002D608 (181 KiB): DRAM[0m
[0;32mI (297) heap_init: At 3FFE0440 len 00003AE0 (14 KiB): D/IRAM[0m
[0;32mI (304) heap_init: At 3FFE4350 len 0001BCB0 (111 KiB): D/IRAM[0m
[0;32mI (310) heap_init: At 4008CED8 len 00013128 (76 KiB): IRAM[0m
[0;32mI (318) spi_flash: detected chip: generic[0m
[0;32mI (321) spi_flash: flash io: dio[0m
[0;33mW (325) spi_flash: Detected size(4096k) larger than the size in the binary image header(2048k). Using the size in the binary image header.[0m
[0;32mI (339) app_start: Starting scheduler on CPU0[0m
[0;32mI (343) app_start: Starting scheduler on CPU1[0m
[0;32mI (343) main_task: Started on CPU0[0m
[0;32mI (353) main_task: Calling app_main()[0m
[0;32mI (353) FLEX_DFPLAYER: Data is being sent to DFPlayer: cmd=0x06, param=25[0m
[0;33mW (663) FLEX_DFPLAYER: No response from DFPlayer.[0m
[0;32mI (1363) FLEX_DFPLAYER: System Ready. Monitoring flex sensors...[0m
[0;32mI (3363) FLEX_DFPLAYER: Thumb: 0 | Index: 0 | Middle: 0 | Ring: 0 | Pinky: 0[0m
[0;32mI (3663) FLEX_DFPLAYER: Thumb: 0 | Index: 0 | Middle: 0 | Ring: 0 | Pinky: 0[0m
[0;32mI (3963) FLEX_DFPLAYER: Thumb: 1988 | Index: 0 | Middle: 0 | Ring: 0 | Pinky: 0[0m
[0;32mI (3963) FLEX_DFPLAYER: Playing file 0002.mp3[0m
[0;32mI (3963) FLEX_DFPLAYER: Data is being sent to DFPlayer: cmd=0x03, param=2[0m
[0;33mW (4273) FLEX_DFPLAYER: No response from DFPlayer.[0m
[0;32mI (4773) FLEX_DFPLAYER: Thumb: 2951 | Index: 0 | Middle: 0 | Ring: 0 | Pinky: 0[0m
[0;32mI (5073) FLEX_DFPLAYER: Thumb: 2881 | Index: 0 | Middle: 0 | Ring: 0 | Pinky: 0[0m
[0;32mI (5373) FLEX_DFPLAYER: Thumb: 2752 | Index: 0 | Middle: 0 | Ring: 0 | Pinky: 0[0m
[0;32mI (5673) FLEX_DFPLAYER: Thumb: 2620 | Index: 0 | Middle: 0 | Ring: 0 | Pinky: 0[0m
[0;32mI (5973) FLEX_DFPLAYER: Thumb: 2437 | Index: 0 | Middle: 0 | Ring: 0 | Pinky: 0[0m
[0;32mI (6273) FLEX_DFPLAYER: Thumb: 2365 | Index: 0 | Middle: 0 | Ring: 0 | Pinky: 0[0m
[0;32mI (6573) FLEX_DFPLAYER: Thumb: 0 | Index: 0 | Middle: 0 | Ring: 0 | Pinky: 0[0m
[0;32mI (6873) FLEX_DFPLAYER: Thumb: 0 | Index: 0 | Middle: 0 | Ring: 0 | Pinky: 0[0m
[0;32mI (7173) FLEX_DFPLAYER: Thumb: 0 | Index: 0 | Middle: 0 | Ring: 0 | Pinky: 0[0m
[0;32mI (7473) FLEX_DFPLAYER: Thumb: 0 | Index: 0 | Middle: 0 | Ring: 0 | Pinky: 0[0m
[0;32mI (7773) FLEX_DFPLAYER: Thumb: 1682 | Index: 0 | Middle: 0 | Ring: 0 | Pinky: 0[0m
[0;32mI (7773) FLEX_DFPLAYER: Playing file 0002.mp3[0m
[0;32mI (7773) FLEX_DFPLAYER: Data is being sent to DFPlayer: cmd=0x03, param=2[0m
[0;33mW (8083) FLEX_DFPLAYER: No response from DFPlayer.[0m
[0;32mI (8583) FLEX_DFPLAYER: Thumb: 0 | Index: 0 | Middle: 0 | Ring: 0 | Pinky: 0[0m
[0;32mI (8883) FLEX_DFPLAYER: Thumb: 0 | Index: 0 | Middle: 0 | Ring: 0 | Pinky: 0[0m
[0;32mI (9183) FLEX_DFPLAYER: Thumb: 1427 | Index: 0 | Middle: 0 | Ring: 0 | Pinky: 0[0m
[0;32mI (9183) FLEX_DFPLAYER: Playing file 0002.mp3[0m
[0;32mI (9183) FLEX_DFPLAYER: Data is being sent to DFPlayer: cmd=0x03, param=2[0m
[0;33mW (9493) FLEX_DFPLAYER: No response from DFPlayer.[0m
[0;32mI (9993) FLEX_DFPLAYER: Thumb: 0 | Index: 0 | Middle: 0 | Ring: 0 | Pinky: 0[0m
[0;32mI (10293) FLEX_DFPLAYER: Thumb: 0 | Index: 0 | Middle: 0 | Ring: 0 | Pinky: 0[0m
[0;32mI (10593) FLEX_DFPLAYER: Thumb: 0 | Index: 0 | Middle: 0 | Ring: 0 | Pinky: 0[0m
[0;32mI (10893) FLEX_DFPLAYER: Thumb: 0 | Index: 0 | Middle: 0 | Ring: 0 | Pinky: 0[0m
[0;32mI (11193) FLEX_DFPLAYER: Thumb: 2404 | Index: 0 | Middle: 0 | Ring: 0 | Pinky: 0[0m
[0;32mI (11193) FLEX_DFPLAYER: Playing file 0002.mp3[0m
[0;32mI (11193) FLEX_DFPLAYER: Data is being sent to DFPlayer: cmd=0x03, param=2[0m
[0;33mW (11503) FLEX_DFPLAYER: No response from DFPlayer.[0m
[0;32mI (12003) FLEX_DFPLAYER: Thumb: 0 | Index: 0 | Middle: 0 | Ring: 0 | Pinky: 0[0m
[0;32mI (12303) FLEX_DFPLAYER: Thumb: 0 | Index: 0 | Middle: 0 | Ring: 0 | Pinky: 0[0m
[0;32mI (12603) FLEX_DFPLAYER: Thumb: 0 | Index: 0 | Middle: 0 | Ring: 0 | Pinky: 0[0m
[0;32mI (12903) FLEX_DFPLAYER: Thumb: 0 | Index: 0 | Middle: 0 | Ring: 0 | Pinky: 0[0m
[0;32mI (13203) FLEX_DFPLAYER: Thumb: 0 | Index: 0 | Middle: 0 | Ring: 0 | Pinky: 0[0m
[0;32mI (13503) FLEX_DFPLAYER: Thumb: 0 | Index: 0 | Middle: 0 | Ring: 0 | Pinky: 0[0m
[0;32mI (13803) FLEX_DFPLAYER: Thumb: 0 | Index: 0 | Middle: 0 | Ring: 0 | Pinky: 0[0m
[0;32mI (14103) FLEX_DFPLAYER: Thumb: 0 | Index: 0 | Middle: 0 | Ring: 0 | Pinky: 0[0m
[0;32mI (14403) FLEX_DFPLAYER: Thumb: 0 | Index: 0 | Middle: 0 | Ring: 0 | Pinky: 0[0m
